Component: ARM Compiler 5.05 update 1 (build 106) Tool: armlink [4d0efa]

==============================================================================

Section Cross References

    main.o(i.Cavity_Pressure_SendBack) refers to adc.o(i.AD_Conversion) for AD_Conversion
    main.o(i.Cavity_Pressure_SendBack) refers to dataprocess.o(i.ADVoltage_2_Flow1479A) for ADVoltage_2_Flow1479A
    main.o(i.Cavity_Pressure_SendBack) refers to dataprocess.o(i.GetCRC16) for GetCRC16
    main.o(i.Cavity_Pressure_SendBack) refers to w5500.o(i.Write_SOCK_Data_Buffer) for Write_SOCK_Data_Buffer
    main.o(i.Cavity_Pressure_SendBack) refers to w5500.o(.bss) for Tx_Buffer
    main.o(i.Initial_DebugMode) refers to main.o(.data) for Valve_Signal_Open
    main.o(i.Process_Socket_Data) refers to w5500.o(i.Read_SOCK_Data_Buffer) for Read_SOCK_Data_Buffer
    main.o(i.Process_Socket_Data) refers to adc.o(i.AD_Conversion) for AD_Conversion
    main.o(i.Process_Socket_Data) refers to dataprocess.o(i.ADVoltage_2_Flow1479A) for ADVoltage_2_Flow1479A
    main.o(i.Process_Socket_Data) refers to dataprocess.o(i.GetCRC16) for GetCRC16
    main.o(i.Process_Socket_Data) refers to w5500.o(i.Write_SOCK_Data_Buffer) for Write_SOCK_Data_Buffer
    main.o(i.Process_Socket_Data) refers to dataprocess.o(i.ADVoltage_2_Pressure627D) for ADVoltage_2_Pressure627D
    main.o(i.Process_Socket_Data) refers to dataprocess.o(i.ADVoltage_2_Pressure025D) for ADVoltage_2_Pressure025D
    main.o(i.Process_Socket_Data) refers to printfa.o(i.__0printf) for __2printf
    main.o(i.Process_Socket_Data) refers to iostate.o(i.Gas_State_Read) for Gas_State_Read
    main.o(i.Process_Socket_Data) refers to memcpya.o(.text) for __aeabi_memcpy
    main.o(i.Process_Socket_Data) refers to w5500.o(.bss) for Rx_Buffer
    main.o(i.Process_Socket_Data) refers to main.o(.data) for Normal_Debug_RunningMode
    main.o(i.Status_Register_Update) refers to iostate.o(i.Gas_State_Read) for Gas_State_Read
    main.o(i.Status_Register_Update) refers to iostate.o(i.Gas_State_Read_LCD) for Gas_State_Read_LCD
    main.o(i.Status_Register_Update) refers to test.o(i.Gas_StateLayerUpdate) for Gas_StateLayerUpdate
    main.o(i.Status_Register_Update) refers to adc.o(i.AD_Conversion) for AD_Conversion
    main.o(i.Status_Register_Update) refers to test.o(i.ADC_LCD_Out) for ADC_LCD_Out
    main.o(i.Status_Register_Update) refers to dataprocess.o(i.ADVoltage_2_Flow1479A) for ADVoltage_2_Flow1479A
    main.o(i.Status_Register_Update) refers to dataprocess.o(i.ADVoltage_2_Pressure627D) for ADVoltage_2_Pressure627D
    main.o(i.Status_Register_Update) refers to main.o(.data) for Flow_1479A_Status
    main.o(i.main) refers to system_stm32f10x.o(i.SystemInit) for SystemInit
    main.o(i.main) refers to systick.o(i.delay_init) for delay_init
    main.o(i.main) refers to lcd.o(i.LCD_Init) for LCD_Init
    main.o(i.main) refers to led.o(i.LED_Init) for LED_Init
    main.o(i.main) refers to adc.o(i.adc_init) for adc_init
    main.o(i.main) refers to printf.o(i.printf_init) for printf_init
    main.o(i.main) refers to dac.o(i.Dac1_Init) for Dac1_Init
    main.o(i.main) refers to stm32f10x_dac.o(i.DAC_SetChannel1Data) for DAC_SetChannel1Data
    main.o(i.main) refers to pwm.o(i.pwm_init) for pwm_init
    main.o(i.main) refers to iostate.o(i.ValveState_Init) for ValveState_Init
    main.o(i.main) refers to test.o(i.GridLayer) for GridLayer
    main.o(i.main) refers to test.o(i.Gas_StateLayer) for Gas_StateLayer
    main.o(i.main) refers to w5500.o(i.System_Initialization) for System_Initialization
    main.o(i.main) refers to w5500.o(i.Load_Net_Parameters) for Load_Net_Parameters
    main.o(i.main) refers to w5500.o(i.W5500_Hardware_Reset) for W5500_Hardware_Reset
    main.o(i.main) refers to w5500.o(i.W5500_Initialization) for W5500_Initialization
    main.o(i.main) refers to w5500.o(i.W5500_Socket_Set) for W5500_Socket_Set
    main.o(i.main) refers to systick.o(i.delay_ms) for delay_ms
    main.o(i.main) refers to w5500.o(i.W5500_Interrupt_Process) for W5500_Interrupt_Process
    main.o(i.main) refers to main.o(i.Process_Socket_Data) for Process_Socket_Data
    main.o(i.main) refers to printfa.o(i.__0printf) for __2printf
    main.o(i.main) refers to iostate.o(i.ValveStateChange) for ValveStateChange
    main.o(i.main) refers to 1479a.o(i.Flow_1479A_Adjustment) for Flow_1479A_Adjustment
    main.o(i.main) refers to vacuumg.o(i.VacuumValue_PID) for VacuumValue_PID
    main.o(i.main) refers to f2d.o(.text) for __aeabi_f2d
    main.o(i.main) refers to main.o(i.Status_Register_Update) for Status_Register_Update
    main.o(i.main) refers to main.o(.data) for Package_Cavity_627D_Pressure_Set
    main.o(i.main) refers to w5500.o(.data) for W5500_Interrupt
    stm32f10x_it.o(i.EXTI2_IRQHandler) refers to stm32f10x_exti.o(i.EXTI_GetITStatus) for EXTI_GetITStatus
    stm32f10x_it.o(i.EXTI2_IRQHandler) refers to stm32f10x_exti.o(i.EXTI_ClearITPendingBit) for EXTI_ClearITPendingBit
[...]
    Libraries\STM32F10x_StdPeriph_Driver\src\stm32f10x_rcc.c 0x00000000   Number         0  stm32f10x_rcc.o ABSOLUTE
    Libraries\STM32F10x_StdPeriph_Driver\src\stm32f10x_spi.c 0x00000000   Number         0  stm32f10x_spi.o ABSOLUTE
    Libraries\STM32F10x_StdPeriph_Driver\src\stm32f10x_tim.c 0x00000000   Number         0  stm32f10x_tim.o ABSOLUTE
    Libraries\STM32F10x_StdPeriph_Driver\src\stm32f10x_usart.c 0x00000000   Number         0  stm32f10x_usart.o ABSOLUTE
    Libraries\\CMSIS\\CM3\\CoreSupport\\core_cm3.c 0x00000000   Number         0  core_cm3.o ABSOLUTE
    cdrcmple.s                               0x00000000   Number         0  cdrcmple.o ABSOLUTE
    dc.s                                     0x00000000   Number         0  dc.o ABSOLUTE
    handlers.s                               0x00000000   Number         0  handlers.o ABSOLUTE
    init.s                                   0x00000000   Number         0  init.o ABSOLUTE
    startup\startup_stm32f10x_hd.s           0x00000000   Number         0  startup_stm32f10x_hd.o ABSOLUTE
    user\main.c                              0x00000000   Number         0  main.o ABSOLUTE
    user\public.c                            0x00000000   Number         0  public.o ABSOLUTE
    user\stm32f10x_it.c                      0x00000000   Number         0  stm32f10x_it.o ABSOLUTE
    RESET                                    0x08000000   Section      304  startup_stm32f10x_hd.o(RESET)
    .ARM.Collect$$$$00000000                 0x08000130   Section        0  entry.o(.ARM.Collect$$$$00000000)
    .ARM.Collect$$$$00000001                 0x08000130   Section        4  entry2.o(.ARM.Collect$$$$00000001)
    .ARM.Collect$$$$00000004                 0x08000134   Section        4  entry5.o(.ARM.Collect$$$$00000004)
    .ARM.Collect$$$$00000008                 0x08000138   Section        0  entry7b.o(.ARM.Collect$$$$00000008)
    .ARM.Collect$$$$0000000A                 0x08000138   Section        0  entry8b.o(.ARM.Collect$$$$0000000A)
    .ARM.Collect$$$$0000000B                 0x08000138   Section        8  entry9a.o(.ARM.Collect$$$$0000000B)
    .ARM.Collect$$$$0000000D                 0x08000140   Section        0  entry10a.o(.ARM.Collect$$$$0000000D)
    .ARM.Collect$$$$0000000F                 0x08000140   Section        0  entry11a.o(.ARM.Collect$$$$0000000F)
    .ARM.Collect$$$$00002712                 0x08000140   Section        4  entry2.o(.ARM.Collect$$$$00002712)
    __lit__00000000                          0x08000140   Data           4  entry2.o(.ARM.Collect$$$$00002712)
    .text                                    0x08000144   Section       36  startup_stm32f10x_hd.o(.text)
    .text                                    0x08000168   Section        0  memcpya.o(.text)
    .text                                    0x0800018c   Section        0  fadd.o(.text)
    .text                                    0x0800023c   Section        0  fmul.o(.text)
    .text                                    0x080002a0   Section        0  fdiv.o(.text)
    .text                                    0x0800031c   Section        0  dmul.o(.text)
    .text                                    0x08000400   Section        0  ddiv.o(.text)
    .text                                    0x080004de   Section        0  ffltui.o(.text)
    .text                                    0x080004e8   Section        0  ffixui.o(.text)
    .text                                    0x08000510   Section        0  f2d.o(.text)
    .text                                    0x08000536   Section        0  d2f.o(.text)
    .text                                    0x0800056e   Section        0  uidiv.o(.text)
    .text                                    0x0800059a   Section        0  uldiv.o(.text)
    .text                                    0x080005fc   Section        0  fepilogue.o(.text)
    .text                                    0x080005fc   Section        0  iusefp.o(.text)
    .text                                    0x0800066a   Section        0  depilogue.o(.text)
    .text                                    0x08000724   Section        0  dadd.o(.text)
    .text                                    0x08000872   Section        0  dfixul.o(.text)
    .text                                    0x080008a4   Section       48  cdrcmple.o(.text)
    .text                                    0x080008d4   Section       36  init.o(.text)
    .text                                    0x080008f8   Section        0  llshl.o(.text)
    .text                                    0x08000916   Section        0  llushr.o(.text)
    .text                                    0x08000936   Section        0  llsshr.o(.text)
    i.ADC_Cmd                                0x0800095a   Section        0  stm32f10x_adc.o(i.ADC_Cmd)
    i.ADC_GetCalibrationStatus               0x08000970   Section        0  stm32f10x_adc.o(i.ADC_GetCalibrationStatus)
    i.ADC_GetConversionValue                 0x08000984   Section        0  stm32f10x_adc.o(i.ADC_GetConversionValue)
    i.ADC_GetFlagStatus                      0x0800098c   Section        0  stm32f10x_adc.o(i.ADC_GetFlagStatus)
    i.ADC_GetResetCalibrationStatus          0x0800099e   Section        0  stm32f10x_adc.o(i.ADC_GetResetCalibrationStatus)
    i.ADC_Init                               0x080009b4   Section        0  stm32f10x_adc.o(i.ADC_Init)
    i.ADC_LCD_Out                            0x08000a04   Section        0  test.o(i.ADC_LCD_Out)
    i.ADC_RegularChannelConfig               0x08000a6c   Section        0  stm32f10x_adc.o(i.ADC_RegularChannelConfig)
    i.ADC_ResetCalibration                   0x08000b24   Section        0  stm32f10x_adc.o(i.ADC_ResetCalibration)
    i.ADC_SoftwareStartConvCmd               0x08000b2e   Section        0  stm32f10x_adc.o(i.ADC_SoftwareStartConvCmd)
    i.ADC_StartCalibration                   0x08000b44   Section        0  stm32f10x_adc.o(i.ADC_StartCalibration)
    i.ADVoltage_2_Flow1479A                  0x08000b4e   Section        0  dataprocess.o(i.ADVoltage_2_Flow1479A)
    i.ADVoltage_2_Pressure025D               0x08000b50   Section        0  dataprocess.o(i.ADVoltage_2_Pressure025D)
    i.ADVoltage_2_Pressure627D               0x08000b52   Section        0  dataprocess.o(i.ADVoltage_2_Pressure627D)
    i.AD_Conversion                          0x08000b54   Section        0  adc.o(i.AD_Conversion)
    i.BusFault_Handler                       0x08000bf0   Section        0  stm32f10x_it.o(i.BusFault_Handler)
    i.DAC_Cmd                                0x08000bf4   Section        0  stm32f10x_dac.o(i.DAC_Cmd)
    i.DAC_Init                               0x08000c1c   Section        0  stm32f10x_dac.o(i.DAC_Init)
    i.DAC_SetChannel1Data                    0x08000c50   Section        0  stm32f10x_dac.o(i.DAC_SetChannel1Data)
    i.Dac1_Init                              0x08000c70   Section        0  dac.o(i.Dac1_Init)
    i.Dac1_Set_Vol                           0x08000cd4   Section        0  dac.o(i.Dac1_Set_Vol)
    i.DebugMon_Handler                       0x08000d2c   Section        0  stm32f10x_it.o(i.DebugMon_Handler)
    i.Delay                                  0x08000d30   Section        0  w5500.o(i.Delay)
    i.Detect_Gateway                         0x08000d48   Section        0  w5500.o(i.Detect_Gateway)
    i.EXTI2_IRQHandler                       0x08000e20   Section        0  stm32f10x_it.o(i.EXTI2_IRQHandler)
    i.EXTI9_5_IRQHandler                     0x08000e74   Section        0  w5500.o(i.EXTI9_5_IRQHandler)
    i.EXTI_ClearITPendingBit                 0x08000e94   Section        0  stm32f10x_exti.o(i.EXTI_ClearITPendingBit)
    i.EXTI_GetITStatus                       0x08000ea0   Section        0  stm32f10x_exti.o(i.EXTI_GetITStatus)
    i.EXTI_Init                              0x08000ec8   Section        0  stm32f10x_exti.o(i.EXTI_Init)
    i.FLASH_PrefetchBufferCmd                0x08000f5c   Section        0  stm32f10x_flash.o(i.FLASH_PrefetchBufferCmd)
    i.FLASH_SetLatency                       0x08000f78   Section        0  stm32f10x_flash.o(i.FLASH_SetLatency)
    i.Flow1479A_2_ADVoltage                  0x08000f90   Section        0  dataprocess.o(i.Flow1479A_2_ADVoltage)
    i.Flow_1479A_Adjustment                  0x08000f94   Section        0  1479a.o(i.Flow_1479A_Adjustment)
    i.GPIO_EXTILineConfig                    0x0800100c   Section        0  stm32f10x_gpio.o(i.GPIO_EXTILineConfig)
    i.GPIO_Init                              0x0800104c   Section        0  stm32f10x_gpio.o(i.GPIO_Init)
    i.GPIO_PinRemapConfig                    0x08001164   Section        0  stm32f10x_gpio.o(i.GPIO_PinRemapConfig)
    i.GPIO_ReadInputDataBit                  0x080011f4   Section        0  stm32f10x_gpio.o(i.GPIO_ReadInputDataBit)
    i.GPIO_ReadOutputDataBit                 0x08001206   Section        0  stm32f10x_gpio.o(i.GPIO_ReadOutputDataBit)
    i.GPIO_ResetBits                         0x08001218   Section        0  stm32f10x_gpio.o(i.GPIO_ResetBits)
    i.GPIO_SetBits                           0x0800121c   Section        0  stm32f10x_gpio.o(i.GPIO_SetBits)
    i.GUI_DrawFont16                         0x08001220   Section        0  gui.o(i.GUI_DrawFont16)
    i.GUI_DrawFont24                         0x08001328   Section        0  gui.o(i.GUI_DrawFont24)
    i.GUI_DrawFont32                         0x08001440   Section        0  gui.o(i.GUI_DrawFont32)
    i.GUI_DrawPoint                          0x08001548   Section        0  gui.o(i.GUI_DrawPoint)
    i.Gas_StateLayer                         0x08001560   Section        0  test.o(i.Gas_StateLayer)
    i.Gas_StateLayerUpdate                   0x080015b4   Section        0  test.o(i.Gas_StateLayerUpdate)
    i.Gas_State_Read                         0x080016f0   Section        0  iostate.o(i.Gas_State_Read)
    i.Gas_State_Read_LCD                     0x0800182c   Section        0  iostate.o(i.Gas_State_Read_LCD)
    i.GetCRC16                               0x080018d8   Section        0  dataprocess.o(i.GetCRC16)
    i.Get_ADC_Value                          0x08001910   Section        0  adc.o(i.Get_ADC_Value)
    i.GridLayer                              0x08001968   Section        0  test.o(i.GridLayer)
    i.HardFault_Handler                      0x08001d24   Section        0  stm32f10x_it.o(i.HardFault_Handler)
    i.LCD_Clear                              0x08001d28   Section        0  lcd.o(i.LCD_Clear)
    i.LCD_DrawLine                           0x08001d88   Section        0  gui.o(i.LCD_DrawLine)
    i.LCD_DrawPoint                          0x08001e38   Section        0  lcd.o(i.LCD_DrawPoint)
    i.LCD_GPIOInit                           0x08001e54   Section        0  lcd.o(i.LCD_GPIOInit)
    i.LCD_Init                               0x08001e80   Section        0  lcd.o(i.LCD_Init)
    i.LCD_RESET                              0x080020d0   Section        0  lcd.o(i.LCD_RESET)
    i.LCD_SetCursor                          0x080020f8   Section        0  lcd.o(i.LCD_SetCursor)
    i.LCD_SetWindows                         0x0800210c   Section        0  lcd.o(i.LCD_SetWindows)
    i.LCD_ShowChar                           0x08002164   Section        0  gui.o(i.LCD_ShowChar)
    i.LCD_WR_DATA                            0x08002288   Section        0  lcd.o(i.LCD_WR_DATA)
    i.LCD_WR_REG                             0x080022b8   Section        0  lcd.o(i.LCD_WR_REG)
    i.LCD_WriteRAM_Prepare                   0x080022e4   Section        0  lcd.o(i.LCD_WriteRAM_Prepare)
    i.LCD_WriteReg                           0x080022f4   Section        0  lcd.o(i.LCD_WriteReg)
    i.LCD_direction                          0x08002308   Section        0  lcd.o(i.LCD_direction)
    i.LED_Init                               0x0800238c   Section        0  led.o(i.LED_Init)
    i.Lcd_WriteData_16Bit                    0x080023bc   Section        0  lcd.o(i.Lcd_WriteData_16Bit)
    i.Load_Net_Parameters                    0x080023f4   Section        0  w5500.o(i.Load_Net_Parameters)
    i.MemManage_Handler                      0x08002468   Section        0  stm32f10x_it.o(i.MemManage_Handler)
    i.NMI_Handler                            0x0800246c   Section        0  stm32f10x_it.o(i.NMI_Handler)
    i.NVIC_Configuration                     0x0800246e   Section        0  w5500.o(i.NVIC_Configuration)
    i.NVIC_Init                              0x080024a4   Section        0  misc.o(i.NVIC_Init)
    i.NVIC_PriorityGroupConfig               0x08002514   Section        0  misc.o(i.NVIC_PriorityGroupConfig)
    i.NVIC_SetVectorTable                    0x08002528   Section        0  misc.o(i.NVIC_SetVectorTable)
    i.PendSV_Handler                         0x0800253c   Section        0  stm32f10x_it.o(i.PendSV_Handler)
    i.Process_Socket_Data                    0x08002540   Section        0  main.o(i.Process_Socket_Data)
    i.RCC_ADCCLKConfig                       0x08002b2c   Section        0  stm32f10x_rcc.o(i.RCC_ADCCLKConfig)
    i.RCC_APB1PeriphClockCmd                 0x08002b44   Section        0  stm32f10x_rcc.o(i.RCC_APB1PeriphClockCmd)
    i.RCC_APB2PeriphClockCmd                 0x08002b64   Section        0  stm32f10x_rcc.o(i.RCC_APB2PeriphClockCmd)
    i.RCC_ClockSecuritySystemCmd             0x08002b84   Section        0  stm32f10x_rcc.o(i.RCC_ClockSecuritySystemCmd)
    i.RCC_Configuration                      0x08002b90   Section        0  w5500.o(i.RCC_Configuration)
    i.RCC_DeInit                             0x08002c0c   Section        0  stm32f10x_rcc.o(i.RCC_DeInit)
    i.RCC_GetClocksFreq                      0x08002c58   Section        0  stm32f10x_rcc.o(i.RCC_GetClocksFreq)
    i.RCC_GetFlagStatus                      0x08002d2c   Section        0  stm32f10x_rcc.o(i.RCC_GetFlagStatus)
    i.RCC_GetSYSCLKSource                    0x08002d68   Section        0  stm32f10x_rcc.o(i.RCC_GetSYSCLKSource)
    i.RCC_HCLKConfig                         0x08002d78   Section        0  stm32f10x_rcc.o(i.RCC_HCLKConfig)
    i.RCC_HSEConfig                          0x08002d90   Section        0  stm32f10x_rcc.o(i.RCC_HSEConfig)
    i.RCC_PCLK1Config                        0x08002ddc   Section        0  stm32f10x_rcc.o(i.RCC_PCLK1Config)
    i.RCC_PCLK2Config                        0x08002df4   Section        0  stm32f10x_rcc.o(i.RCC_PCLK2Config)
    i.RCC_PLLCmd                             0x08002e0c   Section        0  stm32f10x_rcc.o(i.RCC_PLLCmd)
    i.RCC_PLLConfig                          0x08002e18   Section        0  stm32f10x_rcc.o(i.RCC_PLLConfig)
    i.RCC_SYSCLKConfig                       0x08002e34   Section        0  stm32f10x_rcc.o(i.RCC_SYSCLKConfig)
    i.RCC_WaitForHSEStartUp                  0x08002e4c   Section        0  stm32f10x_rcc.o(i.RCC_WaitForHSEStartUp)
    i.Read_SOCK_Data_Buffer                  0x08002e84   Section        0  w5500.o(i.Read_SOCK_Data_Buffer)
    i.Read_W5500_1Byte                       0x08002fb4   Section        0  w5500.o(i.Read_W5500_1Byte)
    i.Read_W5500_SOCK_1Byte                  0x08002ffc   Section        0  w5500.o(i.Read_W5500_SOCK_1Byte)
    i.Read_W5500_SOCK_2Byte                  0x08003050   Section        0  w5500.o(i.Read_W5500_SOCK_2Byte)
    i.SPI2_Init                              0x080030bc   Section        0  spi.o(i.SPI2_Init)
    i.SPI3_Send_Byte                         0x08003158   Section        0  w5500.o(i.SPI3_Send_Byte)
    i.SPI3_Send_Short                        0x08003178   Section        0  w5500.o(i.SPI3_Send_Short)
    i.SPI_Cmd                                0x08003194   Section        0  stm32f10x_spi.o(i.SPI_Cmd)
    i.SPI_Configuration                      0x080031ac   Section        0  w5500.o(i.SPI_Configuration)
    i.SPI_I2S_GetFlagStatus                  0x08003280   Section        0  stm32f10x_spi.o(i.SPI_I2S_GetFlagStatus)
    i.SPI_I2S_ReceiveData                    0x08003292   Section        0  stm32f10x_spi.o(i.SPI_I2S_ReceiveData)
    i.SPI_I2S_SendData                       0x08003298   Section        0  stm32f10x_spi.o(i.SPI_I2S_SendData)
    i.SPI_Init                               0x0800329c   Section        0  stm32f10x_spi.o(i.SPI_Init)
    i.SPI_WriteByte                          0x080032d8   Section        0  spi.o(i.SPI_WriteByte)
    i.SVC_Handler                            0x080032fa   Section        0  stm32f10x_it.o(i.SVC_Handler)
    i.SetSysClock                            0x080032fc   Section        0  system_stm32f10x.o(i.SetSysClock)
    SetSysClock                              0x080032fd   Thumb Code     8  system_stm32f10x.o(i.SetSysClock)
    i.SetSysClockTo72                        0x08003304   Section        0  system_stm32f10x.o(i.SetSysClockTo72)
    SetSysClockTo72                          0x08003305   Thumb Code   214  system_stm32f10x.o(i.SetSysClockTo72)
    i.Show_Str                               0x080033e4   Section        0  gui.o(i.Show_Str)
    i.Socket_Connect                         0x080034f0   Section        0  w5500.o(i.Socket_Connect)
    i.Socket_Init                            0x08003538   Section        0  w5500.o(i.Socket_Init)
    i.Socket_Listen                          0x08003588   Section        0  w5500.o(i.Socket_Listen)
    i.Socket_UDP                             0x080035ee   Section        0  w5500.o(i.Socket_UDP)
    i.Status_Register_Update                 0x0800362c   Section        0  main.o(i.Status_Register_Update)
    i.SysTick_CLKSourceConfig                0x0800366c   Section        0  misc.o(i.SysTick_CLKSourceConfig)
    i.SysTick_Handler                        0x08003694   Section        0  stm32f10x_it.o(i.SysTick_Handler)
    i.SystemInit                             0x08003698   Section        0  system_stm32f10x.o(i.SystemInit)
    i.System_Initialization                  0x080036f8   Section        0  w5500.o(i.System_Initialization)
    i.TIM2_IRQHandler                        0x08003710   Section        0  w5500.o(i.TIM2_IRQHandler)
    i.TIM3_IRQHandler                        0x08003744   Section        0  stm32f10x_it.o(i.TIM3_IRQHandler)
    i.TIM_ClearITPendingBit                  0x08003754   Section        0  stm32f10x_tim.o(i.TIM_ClearITPendingBit)
    i.TIM_Cmd                                0x0800375a   Section        0  stm32f10x_tim.o(i.TIM_Cmd)
    i.TIM_GetITStatus                        0x08003772   Section        0  stm32f10x_tim.o(i.TIM_GetITStatus)
    i.TIM_ITConfig                           0x08003794   Section        0  stm32f10x_tim.o(i.TIM_ITConfig)
    i.TIM_OC2Init                            0x080037a8   Section        0  stm32f10x_tim.o(i.TIM_OC2Init)
    i.TIM_OC2PreloadConfig                   0x0800384c   Section        0  stm32f10x_tim.o(i.TIM_OC2PreloadConfig)
    i.TIM_SetCompare2                        0x08003866   Section        0  stm32f10x_tim.o(i.TIM_SetCompare2)
    i.TIM_TimeBaseInit                       0x0800386c   Section        0  stm32f10x_tim.o(i.TIM_TimeBaseInit)
    i.Timer2_Init_Config                     0x08003910   Section        0  w5500.o(i.Timer2_Init_Config)
    i.USART1_IRQHandler                      0x08003950   Section        0  stm32f10x_it.o(i.USART1_IRQHandler)
    i.USART2_IRQHandler                      0x08003994   Section        0  stm32f10x_it.o(i.USART2_IRQHandler)
    i.USART_ClearFlag                        0x080039f8   Section        0  stm32f10x_usart.o(i.USART_ClearFlag)
    i.USART_Cmd                              0x08003a0a   Section        0  stm32f10x_usart.o(i.USART_Cmd)
    i.USART_GetFlagStatus                    0x08003a22   Section        0  stm32f10x_usart.o(i.USART_GetFlagStatus)
    i.USART_GetITStatus                      0x08003a3c   Section        0  stm32f10x_usart.o(i.USART_GetITStatus)
    i.USART_ITConfig                         0x08003a90   Section        0  stm32f10x_usart.o(i.USART_ITConfig)
    i.USART_Init                             0x08003adc   Section        0  stm32f10x_usart.o(i.USART_Init)
    i.USART_ReceiveData                      0x08003bb4   Section        0  stm32f10x_usart.o(i.USART_ReceiveData)
    i.USART_SendData                         0x08003bbe   Section        0  stm32f10x_usart.o(i.USART_SendData)
    i.UsageFault_Handler                     0x08003bc6   Section        0  stm32f10x_it.o(i.UsageFault_Handler)
    i.VacuumValue_PID                        0x08003bcc   Section        0  vacuumg.o(i.VacuumValue_PID)
    i.ValveStateChange                       0x08003cf0   Section        0  iostate.o(i.ValveStateChange)
    i.ValveState_Init                        0x08003e68   Section        0  iostate.o(i.ValveState_Init)
    i.W5500_GPIO_Configuration               0x08003ed4   Section        0  w5500.o(i.W5500_GPIO_Configuration)
    i.W5500_Hardware_Reset                   0x08003f44   Section        0  w5500.o(i.W5500_Hardware_Reset)
    i.W5500_Init                             0x08003f7c   Section        0  w5500.o(i.W5500_Init)
    i.W5500_Initialization                   0x08004014   Section        0  w5500.o(i.W5500_Initialization)
    i.W5500_Interrupt_Process                0x08004028   Section        0  w5500.o(i.W5500_Interrupt_Process)
    i.W5500_NVIC_Configuration               0x080040e8   Section        0  w5500.o(i.W5500_NVIC_Configuration)
    i.W5500_Socket_Set                       0x08004108   Section        0  w5500.o(i.W5500_Socket_Set)
    i.Write_SOCK_Data_Buffer                 0x08004174   Section        0  w5500.o(i.Write_SOCK_Data_Buffer)
    i.Write_W5500_1Byte                      0x08004288   Section        0  w5500.o(i.Write_W5500_1Byte)
    i.Write_W5500_2Byte                      0x080042bc   Section        0  w5500.o(i.Write_W5500_2Byte)
    i.Write_W5500_SOCK_1Byte                 0x080042f0   Section        0  w5500.o(i.Write_W5500_SOCK_1Byte)
    i.Write_W5500_SOCK_2Byte                 0x08004330   Section        0  w5500.o(i.Write_W5500_SOCK_2Byte)
    i.Write_W5500_SOCK_4Byte                 0x08004370   Section        0  w5500.o(i.Write_W5500_SOCK_4Byte)
    i.Write_W5500_nByte                      0x080043c8   Section        0  w5500.o(i.Write_W5500_nByte)
    i.__0printf                              0x08004410   Section        0  printfa.o(i.__0printf)
    i.__0sprintf                             0x08004430   Section        0  printfa.o(i.__0sprintf)
    i.__scatterload_copy                     0x08004458   Section       14  handlers.o(i.__scatterload_copy)
    i.__scatterload_null                     0x08004466   Section        2  handlers.o(i.__scatterload_null)
    i.__scatterload_zeroinit                 0x08004468   Section       14  handlers.o(i.__scatterload_zeroinit)
    i._draw_circle_8                         0x08004476   Section        0  gui.o(i._draw_circle_8)
    i._fp_digits                             0x080044fc   Section        0  printfa.o(i._fp_digits)
    _fp_digits                               0x080044fd   Thumb Code   334  printfa.o(i._fp_digits)
    i._printf_core                           0x08004660   Section        0  printfa.o(i._printf_core)
    _printf_core                             0x08004661   Thumb Code  1744  printfa.o(i._printf_core)
    i._printf_post_padding                   0x08004d3c   Section        0  printfa.o(i._printf_post_padding)
    _printf_post_padding                     0x08004d3d   Thumb Code    36  printfa.o(i._printf_post_padding)
    i._printf_pre_padding                    0x08004d60   Section        0  printfa.o(i._printf_pre_padding)
    _printf_pre_padding                      0x08004d61   Thumb Code    46  printfa.o(i._printf_pre_padding)
    i._sputc                                 0x08004d8e   Section        0  printfa.o(i._sputc)
    _sputc                                   0x08004d8f   Thumb Code    10  printfa.o(i._sputc)
    i.adc_init                               0x08004d98   Section        0  adc.o(i.adc_init)
    i.delay_init                             0x08004f34   Section        0  systick.o(i.delay_init)
    i.delay_ms                               0x08004f70   Section        0  systick.o(i.delay_ms)
    i.fputc                                  0x08004fa8   Section        0  printf.o(i.fputc)
    i.gui_circle                             0x08004fcc   Section        0  gui.o(i.gui_circle)
    i.main                                   0x08005068   Section        0  main.o(i.main)
    i.printf_init                            0x080055d4   Section        0  printf.o(i.printf_init)
    i.pwm_init                               0x08005688   Section        0  pwm.o(i.pwm_init)
    .constdata                               0x08005714   Section        6  adc.o(.constdata)
    .constdata                               0x0800571a   Section     5806  gui.o(.constdata)
    .constdata                               0x08006dc8   Section     3236  test.o(.constdata)
    .conststring                             0x08007a6c   Section       55  test.o(.conststring)
    .data                                    0x20000000   Section       56  main.o(.data)
    .data                                    0x20000038   Section        2  stm32f10x_it.o(.data)
    k                                        0x20000038   Data           1  stm32f10x_it.o(.data)
    k                                        0x20000039   Data           1  stm32f10x_it.o(.data)
    .data                                    0x2000003a   Section       20  stm32f10x_rcc.o(.data)
    APBAHBPrescTable                         0x2000003a   Data          16  stm32f10x_rcc.o(.data)
    ADCPrescTable                            0x2000004a   Data           4  stm32f10x_rcc.o(.data)
    .data                                    0x2000004e   Section        4  systick.o(.data)
    fac_us                                   0x2000004e   Data           1  systick.o(.data)
    fac_ms                                   0x20000050   Data           2  systick.o(.data)
    .data                                    0x20000052   Section        6  lcd.o(.data)
    .data                                    0x20000058   Section       10  test.o(.data)
    .data                                    0x20000062   Section        2  iostate.o(.data)
    GPIO_State_return                        0x20000062   Data           2  iostate.o(.data)
    .data                                    0x20000064   Section       44  w5500.o(.data)
    .data                                    0x20000090   Section        4  stdout.o(.data)
    .bss                                     0x20000094   Section       14  lcd.o(.bss)
    .bss                                     0x200000a2   Section       12  iostate.o(.bss)
    GPIO_State                               0x200000a2   Data          12  iostate.o(.bss)
    .bss                                     0x200000ae   Section     4096  w5500.o(.bss)
    STACK                                    0x200010b0   Section     1024  startup_stm32f10x_hd.o(STACK)

    Global Symbols

    Symbol Name                              Value     Ov Type        Size  Object(Section)

    BuildAttributes$$THM_ISAv4$P$D$K$B$S$PE$A:L22UL41UL21$X:L11$S22US41US21$IEEE1$IW$USESV6$~STKCKD$USESV7$~SHL$OTIME$ROPI$EBA8$MICROLIB$REQ8$PRES8$EABIv2 0x00000000   Number         0  anon$$obj.o ABSOLUTE
    __ARM_use_no_argv                        0x00000000   Number         0  main.o ABSOLUTE
    _printf_a                                0x00000000   Number         0  stubs.o ABSOLUTE
    _printf_c                                0x00000000   Number         0  stubs.o ABSOLUTE
    _printf_charcount                        0x00000000   Number         0  stubs.o ABSOLUTE
    _printf_d                                0x00000000   Number         0  stubs.o ABSOLUTE
    _printf_e                                0x00000000   Number         0  stubs.o ABSOLUTE
    _printf_f                                0x00000000   Number         0  stubs.o ABSOLUTE
    _printf_flags                            0x00000000   Number         0  stubs.o ABSOLUTE
    _printf_fp_dec                           0x00000000   Number         0  stubs.o ABSOLUTE
    _printf_fp_hex                           0x00000000   Number         0  stubs.o ABSOLUTE
    _printf_g                                0x00000000   Number         0  stubs.o ABSOLUTE
    _printf_i                                0x00000000   Number         0  stubs.o ABSOLUTE
    _printf_int_dec                          0x00000000   Number         0  stubs.o ABSOLUTE
    _printf_l                                0x00000000   Number         0  stubs.o ABSOLUTE
    _printf_lc                               0x00000000   Number         0  stubs.o ABSOLUTE
    _printf_ll                               0x00000000   Number         0  stubs.o ABSOLUTE
    _printf_lld                              0x00000000   Number         0  stubs.o ABSOLUTE
    _printf_lli                              0x00000000   Number         0  stubs.o ABSOLUTE
    _printf_llo                              0x00000000   Number         0  stubs.o ABSOLUTE
    _printf_llu                              0x00000000   Number         0  stubs.o ABSOLUTE
    _printf_llx                              0x00000000   Number         0  stubs.o ABSOLUTE
    _printf_longlong_dec                     0x00000000   Number         0  stubs.o ABSOLUTE
    _printf_longlong_hex                     0x00000000   Number         0  stubs.o ABSOLUTE
    _printf_longlong_oct                     0x00000000   Number         0  stubs.o ABSOLUTE
    _printf_ls                               0x00000000   Number         0  stubs.o ABSOLUTE
    _printf_mbtowc                           0x00000000   Number         0  stubs.o ABSOLUTE
    _printf_n                                0x00000000   Number         0  stubs.o ABSOLUTE
    _printf_o                                0x00000000   Number         0  stubs.o ABSOLUTE
    _printf_p                                0x00000000   Number         0  stubs.o ABSOLUTE
    _printf_percent                          0x00000000   Number         0  stubs.o ABSOLUTE
    _printf_pre_padding                      0x00000000   Number         0  stubs.o ABSOLUTE
    _printf_return_value                     0x00000000   Number         0  stubs.o ABSOLUTE
    _printf_s                                0x00000000   Number         0  stubs.o ABSOLUTE
    _printf_sizespec                         0x00000000   Number         0  stubs.o ABSOLUTE
    _printf_str                              0x00000000   Number         0  stubs.o ABSOLUTE
    _printf_truncate_signed                  0x00000000   Number         0  stubs.o ABSOLUTE
    _printf_truncate_unsigned                0x00000000   Number         0  stubs.o ABSOLUTE
    _printf_u                                0x00000000   Number         0  stubs.o ABSOLUTE
    _printf_wc                               0x00000000   Number         0  stubs.o ABSOLUTE
    _printf_wctomb                           0x00000000   Number         0  stubs.o ABSOLUTE
    _printf_widthprec                        0x00000000   Number         0  stubs.o ABSOLUTE
    _printf_x                                0x00000000   Number         0  stubs.o ABSOLUTE
    __cpp_initialize__aeabi_                  - Undefined Weak Reference
    __cxa_finalize                            - Undefined Weak Reference
    __decompress                              - Undefined Weak Reference
    _clock_init                               - Undefined Weak Reference
    _microlib_exit                            - Undefined Weak Reference
    __Vectors_Size                           0x00000130   Number         0  startup_stm32f10x_hd.o ABSOLUTE
    __Vectors                                0x08000000   Data           4  startup_stm32f10x_hd.o(RESET)
    __Vectors_End                            0x08000130   Data           0  startup_stm32f10x_hd.o(RESET)
    __main                                   0x08000131   Thumb Code     0  entry.o(.ARM.Collect$$$$00000000)
    _main_stk                                0x08000131   Thumb Code     0  entry2.o(.ARM.Collect$$$$00000001)
    _main_scatterload                        0x08000135   Thumb Code     0  entry5.o(.ARM.Collect$$$$00000004)
    __main_after_scatterload                 0x08000139   Thumb Code     0  entry5.o(.ARM.Collect$$$$00000004)
    _main_clock                              0x08000139   Thumb Code     0  entry7b.o(.ARM.Collect$$$$00000008)
    _main_cpp_init                           0x08000139   Thumb Code     0  entry8b.o(.ARM.Collect$$$$0000000A)
    _main_init                               0x08000139   Thumb Code     0  entry9a.o(.ARM.Collect$$$$0000000B)
    __rt_final_cpp                           0x08000141   Thumb Code     0  entry10a.o(.ARM.Collect$$$$0000000D)
    __rt_final_exit                          0x08000141   Thumb Code     0  entry11a.o(.ARM.Collect$$$$0000000F)
    Reset_Handler                            0x08000145   Thumb Code     8  startup_stm32f10x_hd.o(.text)
    ADC1_2_IRQHandler                        0x0800015f   Thumb Code     0  startup_stm32f10x_hd.o(.text)
    ADC3_IRQHandler                          0x0800015f   Thumb Code     0  startup_stm32f10x_hd.o(.text)
    CAN1_RX1_IRQHandler                      0x0800015f   Thumb Code     0  startup_stm32f10x_hd.o(.text)
    CAN1_SCE_IRQHandler                      0x0800015f   Thumb Code     0  startup_stm32f10x_hd.o(.text)
    DMA1_Channel1_IRQHandler                 0x0800015f   Thumb Code     0  startup_stm32f10x_hd.o(.text)
    DMA1_Channel2_IRQHandler                 0x0800015f   Thumb Code     0  startup_stm32f10x_hd.o(.text)
    DMA1_Channel3_IRQHandler                 0x0800015f   Thumb Code     0  startup_stm32f10x_hd.o(.text)
    DMA1_Channel4_IRQHandler                 0x0800015f   Thumb Code     0  startup_stm32f10x_hd.o(.text)
    DMA1_Channel5_IRQHandler                 0x0800015f   Thumb Code     0  startup_stm32f10x_hd.o(.text)
    DMA1_Channel6_IRQHandler                 0x0800015f   Thumb Code     0  startup_stm32f10x_hd.o(.text)
    DMA1_Channel7_IRQHandler                 0x0800015f   Thumb Code     0  startup_stm32f10x_hd.o(.text)
    DMA2_Channel1_IRQHandler                 0x0800015f   Thumb Code     0  startup_stm32f10x_hd.o(.text)
    DMA2_Channel2_IRQHandler                 0x0800015f   Thumb Code     0  startup_stm32f10x_hd.o(.text)
    DMA2_Channel3_IRQHandler                 0x0800015f   Thumb Code     0  startup_stm32f10x_hd.o(.text)
    DMA2_Channel4_5_IRQHandler               0x0800015f   Thumb Code     0  startup_stm32f10x_hd.o(.text)
    EXTI0_IRQHandler                         0x0800015f   Thumb Code     0  startup_stm32f10x_hd.o(.text)
    EXTI15_10_IRQHandler                     0x0800015f   Thumb Code     0  startup_stm32f10x_hd.o(.text)
    EXTI1_IRQHandler                         0x0800015f   Thumb Code     0  startup_stm32f10x_hd.o(.text)
    EXTI3_IRQHandler                         0x0800015f   Thumb Code     0  startup_stm32f10x_hd.o(.text)
    EXTI4_IRQHandler                         0x0800015f   Thumb Code     0  startup_stm32f10x_hd.o(.text)
    FLASH_IRQHandler                         0x0800015f   Thumb Code     0  startup_stm32f10x_hd.o(.text)
    FSMC_IRQHandler                          0x0800015f   Thumb Code     0  startup_stm32f10x_hd.o(.text)
    I2C1_ER_IRQHandler                       0x0800015f   Thumb Code     0  startup_stm32f10x_hd.o(.text)
    I2C1_EV_IRQHandler                       0x0800015f   Thumb Code     0  startup_stm32f10x_hd.o(.text)
    I2C2_ER_IRQHandler                       0x0800015f   Thumb Code     0  startup_stm32f10x_hd.o(.text)
    I2C2_EV_IRQHandler                       0x0800015f   Thumb Code     0  startup_stm32f10x_hd.o(.text)
    PVD_IRQHandler                           0x0800015f   Thumb Code     0  startup_stm32f10x_hd.o(.text)
    RCC_IRQHandler                           0x0800015f   Thumb Code     0  startup_stm32f10x_hd.o(.text)
    RTCAlarm_IRQHandler                      0x0800015f   Thumb Code     0  startup_stm32f10x_hd.o(.text)
    RTC_IRQHandler                           0x0800015f   Thumb Code     0  startup_stm32f10x_hd.o(.text)
    SDIO_IRQHandler                          0x0800015f   Thumb Code     0  startup_stm32f10x_hd.o(.text)
    SPI1_IRQHandler                          0x0800015f   Thumb Code     0  startup_stm32f10x_hd.o(.text)
    SPI2_IRQHandler                          0x0800015f   Thumb Code     0  startup_stm32f10x_hd.o(.text)
    SPI3_IRQHandler                          0x0800015f   Thumb Code     0  startup_stm32f10x_hd.o(.text)
    TAMPER_IRQHandler                        0x0800015f   Thumb Code     0  startup_stm32f10x_hd.o(.text)
    TIM1_BRK_IRQHandler                      0x0800015f   Thumb Code     0  startup_stm32f10x_hd.o(.text)
    TIM1_CC_IRQHandler                       0x0800015f   Thumb Code     0  startup_stm32f10x_hd.o(.text)
    TIM1_TRG_COM_IRQHandler                  0x0800015f   Thumb Code     0  startup_stm32f10x_hd.o(.text)
    TIM1_UP_IRQHandler                       0x0800015f   Thumb Code     0  startup_stm32f10x_hd.o(.text)
    TIM4_IRQHandler                          0x0800015f   Thumb Code     0  startup_stm32f10x_hd.o(.text)
    TIM5_IRQHandler                          0x0800015f   Thumb Code     0  startup_stm32f10x_hd.o(.text)
    TIM6_IRQHandler                          0x0800015f   Thumb Code     0  startup_stm32f10x_hd.o(.text)
    TIM7_IRQHandler                          0x0800015f   Thumb Code     0  startup_stm32f10x_hd.o(.text)
    TIM8_BRK_IRQHandler                      0x0800015f   Thumb Code     0  startup_stm32f10x_hd.o(.text)
    TIM8_CC_IRQHandler                       0x0800015f   Thumb Code     0  startup_stm32f10x_hd.o(.text)
    TIM8_TRG_COM_IRQHandler                  0x0800015f   Thumb Code     0  startup_stm32f10x_hd.o(.text)
    TIM8_UP_IRQHandler                       0x0800015f   Thumb Code     0  startup_stm32f10x_hd.o(.text)
    UART4_IRQHandler                         0x0800015f   Thumb Code     0  startup_stm32f10x_hd.o(.text)
    UART5_IRQHandler                         0x0800015f   Thumb Code     0  startup_stm32f10x_hd.o(.text)
    USART3_IRQHandler                        0x0800015f   Thumb Code     0  startup_stm32f10x_hd.o(.text)
    USBWakeUp_IRQHandler                     0x0800015f   Thumb Code     0  startup_stm32f10x_hd.o(.text)
    USB_HP_CAN1_TX_IRQHandler                0x0800015f   Thumb Code     0  startup_stm32f10x_hd.o(.text)
    USB_LP_CAN1_RX0_IRQHandler               0x0800015f   Thumb Code     0  startup_stm32f10x_hd.o(.text)
    WWDG_IRQHandler                          0x0800015f   Thumb Code     0  startup_stm32f10x_hd.o(.text)
    __aeabi_memcpy                           0x08000169   Thumb Code    36  memcpya.o(.text)
    __aeabi_memcpy4                          0x08000169   Thumb Code     0  memcpya.o(.text)
    __aeabi_memcpy8                          0x08000169   Thumb Code     0  memcpya.o(.text)
    __aeabi_fadd                             0x0800018d   Thumb Code   164  fadd.o(.text)
    __aeabi_fsub                             0x08000231   Thumb Code     6  fadd.o(.text)
    __aeabi_frsub                            0x08000237   Thumb Code     6  fadd.o(.text)
    __aeabi_fmul                             0x0800023d   Thumb Code   100  fmul.o(.text)
    __aeabi_fdiv                             0x080002a1   Thumb Code   124  fdiv.o(.text)
    __aeabi_dmul                             0x0800031d   Thumb Code   228  dmul.o(.text)
    __aeabi_ddiv                             0x08000401   Thumb Code   222  ddiv.o(.text)
    __aeabi_ui2f                             0x080004df   Thumb Code    10  ffltui.o(.text)
    __aeabi_f2uiz                            0x080004e9   Thumb Code    40  ffixui.o(.text)
    __aeabi_f2d                              0x08000511   Thumb Code    38  f2d.o(.text)
    __aeabi_d2f                              0x08000537   Thumb Code    56  d2f.o(.text)
    __aeabi_uidiv                            0x0800056f   Thumb Code     0  uidiv.o(.text)
    __aeabi_uidivmod                         0x0800056f   Thumb Code    44  uidiv.o(.text)
    __aeabi_uldivmod                         0x0800059b   Thumb Code    98  uldiv.o(.text)
    __I$use$fp                               0x080005fd   Thumb Code     0  iusefp.o(.text)
    _float_round                             0x080005fd   Thumb Code    18  fepilogue.o(.text)
    _float_epilogue                          0x0800060f   Thumb Code    92  fepilogue.o(.text)
    _double_round                            0x0800066b   Thumb Code    30  depilogue.o(.text)
    _double_epilogue                         0x08000689   Thumb Code   156  depilogue.o(.text)
    __aeabi_dadd                             0x08000725   Thumb Code   322  dadd.o(.text)
    __aeabi_dsub                             0x08000867   Thumb Code     6  dadd.o(.text)
    __aeabi_drsub                            0x0800086d   Thumb Code     6  dadd.o(.text)
    __aeabi_d2ulz                            0x08000873   Thumb Code    48  dfixul.o(.text)
    __aeabi_cdrcmple                         0x080008a5   Thumb Code    48  cdrcmple.o(.text)
    __scatterload                            0x080008d5   Thumb Code    28  init.o(.text)
    __scatterload_rt2                        0x080008d5   Thumb Code     0  init.o(.text)
    __aeabi_llsl                             0x080008f9   Thumb Code    30  llshl.o(.text)
    _ll_shift_l                              0x080008f9   Thumb Code     0  llshl.o(.text)
    __aeabi_llsr                             0x08000917   Thumb Code    32  llushr.o(.text)
    _ll_ushift_r                             0x08000917   Thumb Code     0  llushr.o(.text)
    __aeabi_lasr                             0x08000937   Thumb Code    36  llsshr.o(.text)
    _ll_sshift_r                             0x08000937   Thumb Code     0  llsshr.o(.text)
    ADC_Cmd                                  0x0800095b   Thumb Code    22  stm32f10x_adc.o(i.ADC_Cmd)
    ADC_GetCalibrationStatus                 0x08000971   Thumb Code    20  stm32f10x_adc.o(i.ADC_GetCalibrationStatus)
    ADC_GetConversionValue                   0x08000985   Thumb Code     8  stm32f10x_adc.o(i.ADC_GetConversionValue)
    ADC_GetFlagStatus                        0x0800098d   Thumb Code    18  stm32f10x_adc.o(i.ADC_GetFlagStatus)
    ADC_GetResetCalibrationStatus            0x0800099f   Thumb Code    20  stm32f10x_adc.o(i.ADC_GetResetCalibrationStatus)
    ADC_Init                                 0x080009b5   Thumb Code    70  stm32f10x_adc.o(i.ADC_Init)
    ADC_LCD_Out                              0x08000a05   Thumb Code    92  test.o(i.ADC_LCD_Out)
    ADC_RegularChannelConfig                 0x08000a6d   Thumb Code   184  stm32f10x_adc.o(i.ADC_RegularChannelConfig)
    ADC_ResetCalibration                     0x08000b25   Thumb Code    10  stm32f10x_adc.o(i.ADC_ResetCalibration)
    ADC_SoftwareStartConvCmd                 0x08000b2f   Thumb Code    22  stm32f10x_adc.o(i.ADC_SoftwareStartConvCmd)
    ADC_StartCalibration                     0x08000b45   Thumb Code    10  stm32f10x_adc.o(i.ADC_StartCalibration)
    ADVoltage_2_Flow1479A                    0x08000b4f   Thumb Code     2  dataprocess.o(i.ADVoltage_2_Flow1479A)
    ADVoltage_2_Pressure025D                 0x08000b51   Thumb Code     2  dataprocess.o(i.ADVoltage_2_Pressure025D)
    ADVoltage_2_Pressure627D                 0x08000b53   Thumb Code     2  dataprocess.o(i.ADVoltage_2_Pressure627D)
    AD_Conversion                            0x08000b55   Thumb Code   148  adc.o(i.AD_Conversion)
    BusFault_Handler                         0x08000bf1   Thumb Code     4  stm32f10x_it.o(i.BusFault_Handler)
    DAC_Cmd                                  0x08000bf5   Thumb Code    34  stm32f10x_dac.o(i.DAC_Cmd)
    DAC_Init                                 0x08000c1d   Thumb Code    46  stm32f10x_dac.o(i.DAC_Init)
    DAC_SetChannel1Data                      0x08000c51   Thumb Code    26  stm32f10x_dac.o(i.DAC_SetChannel1Data)
    Dac1_Init                                0x08000c71   Thumb Code    94  dac.o(i.Dac1_Init)
    Dac1_Set_Vol                             0x08000cd5   Thumb Code    80  dac.o(i.Dac1_Set_Vol)
    DebugMon_Handler                         0x08000d2d   Thumb Code     2  stm32f10x_it.o(i.DebugMon_Handler)
    Delay                                    0x08000d31   Thumb Code    18  w5500.o(i.Delay)
    Detect_Gateway                           0x08000d49   Thumb Code   204  w5500.o(i.Detect_Gateway)
    EXTI2_IRQHandler                         0x08000e21   Thumb Code    76  stm32f10x_it.o(i.EXTI2_IRQHandler)
    EXTI9_5_IRQHandler                       0x08000e75   Thumb Code    28  w5500.o(i.EXTI9_5_IRQHandler)
    EXTI_ClearITPendingBit                   0x08000e95   Thumb Code     6  stm32f10x_exti.o(i.EXTI_ClearITPendingBit)
    EXTI_GetITStatus                         0x08000ea1   Thumb Code    34  stm32f10x_exti.o(i.EXTI_GetITStatus)
    EXTI_Init                                0x08000ec9   Thumb Code   142  stm32f10x_exti.o(i.EXTI_Init)
    FLASH_PrefetchBufferCmd                  0x08000f5d   Thumb Code    22  stm32f10x_flash.o(i.FLASH_PrefetchBufferCmd)
    FLASH_SetLatency                         0x08000f79   Thumb Code    18  stm32f10x_flash.o(i.FLASH_SetLatency)
    Flow1479A_2_ADVoltage                    0x08000f91   Thumb Code     2  dataprocess.o(i.Flow1479A_2_ADVoltage)
    Flow_1479A_Adjustment                    0x08000f95   Thumb Code    50  1479a.o(i.Flow_1479A_Adjustment)
    GPIO_EXTILineConfig                      0x0800100d   Thumb Code    60  stm32f10x_gpio.o(i.GPIO_EXTILineConfig)
    GPIO_Init                                0x0800104d   Thumb Code   278  stm32f10x_gpio.o(i.GPIO_Init)
    GPIO_PinRemapConfig                      0x08001165   Thumb Code   138  stm32f10x_gpio.o(i.GPIO_PinRemapConfig)
    GPIO_ReadInputDataBit                    0x080011f5   Thumb Code    18  stm32f10x_gpio.o(i.GPIO_ReadInputDataBit)
    GPIO_ReadOutputDataBit                   0x08001207   Thumb Code    18  stm32f10x_gpio.o(i.GPIO_ReadOutputDataBit)
    GPIO_ResetBits                           0x08001219   Thumb Code     4  stm32f10x_gpio.o(i.GPIO_ResetBits)
    GPIO_SetBits                             0x0800121d   Thumb Code     4  stm32f10x_gpio.o(i.GPIO_SetBits)
    GUI_DrawFont16                           0x08001221   Thumb Code   252  gui.o(i.GUI_DrawFont16)
    GUI_DrawFont24                           0x08001329   Thumb Code   268  gui.o(i.GUI_DrawFont24)
    GUI_DrawFont32                           0x08001441   Thumb Code   252  gui.o(i.GUI_DrawFont32)
    GUI_DrawPoint                            0x08001549   Thumb Code    24  gui.o(i.GUI_DrawPoint)
    Gas_StateLayer                           0x08001561   Thumb Code    78  test.o(i.Gas_StateLayer)
    Gas_StateLayerUpdate                     0x080015b5   Thumb Code   304  test.o(i.Gas_StateLayerUpdate)
    Gas_State_Read                           0x080016f1   Thumb Code   300  iostate.o(i.Gas_State_Read)
    Gas_State_Read_LCD                       0x0800182d   Thumb Code   156  iostate.o(i.Gas_State_Read_LCD)
    GetCRC16                                 0x080018d9   Thumb Code    56  dataprocess.o(i.GetCRC16)
    Get_ADC_Value                            0x08001911   Thumb Code    82  adc.o(i.Get_ADC_Value)
    GridLayer                                0x08001969   Thumb Code   724  test.o(i.GridLayer)
    HardFault_Handler                        0x08001d25   Thumb Code     4  stm32f10x_it.o(i.HardFault_Handler)
    LCD_Clear                                0x08001d29   Thumb Code    88  lcd.o(i.LCD_Clear)
    LCD_DrawLine                             0x08001d89   Thumb Code   176  gui.o(i.LCD_DrawLine)
    LCD_DrawPoint                            0x08001e39   Thumb Code    24  lcd.o(i.LCD_DrawPoint)
    LCD_GPIOInit                             0x08001e55   Thumb Code    40  lcd.o(i.LCD_GPIOInit)
    LCD_Init                                 0x08001e81   Thumb Code   588  lcd.o(i.LCD_Init)
    LCD_RESET                                0x080020d1   Thumb Code    34  lcd.o(i.LCD_RESET)
    LCD_SetCursor                            0x080020f9   Thumb Code    20  lcd.o(i.LCD_SetCursor)
    LCD_SetWindows                           0x0800210d   Thumb Code    84  lcd.o(i.LCD_SetWindows)
    LCD_ShowChar                             0x08002165   Thumb Code   276  gui.o(i.LCD_ShowChar)
    LCD_WR_DATA                              0x08002289   Thumb Code    38  lcd.o(i.LCD_WR_DATA)
    LCD_WR_REG                               0x080022b9   Thumb Code    36  lcd.o(i.LCD_WR_REG)
    LCD_WriteRAM_Prepare                     0x080022e5   Thumb Code    12  lcd.o(i.LCD_WriteRAM_Prepare)
    LCD_WriteReg                             0x080022f5   Thumb Code    20  lcd.o(i.LCD_WriteReg)
    LCD_direction                            0x08002309   Thumb Code   128  lcd.o(i.LCD_direction)
    LED_Init                                 0x0800238d   Thumb Code    44  led.o(i.LED_Init)
    Lcd_WriteData_16Bit                      0x080023bd   Thumb Code    46  lcd.o(i.Lcd_WriteData_16Bit)
    Load_Net_Parameters                      0x080023f5   Thumb Code    92  w5500.o(i.Load_Net_Parameters)
    MemManage_Handler                        0x08002469   Thumb Code     4  stm32f10x_it.o(i.MemManage_Handler)
    NMI_Handler                              0x0800246d   Thumb Code     2  stm32f10x_it.o(i.NMI_Handler)
    NVIC_Configuration                       0x0800246f   Thumb Code    54  w5500.o(i.NVIC_Configuration)
    NVIC_Init                                0x080024a5   Thumb Code   100  misc.o(i.NVIC_Init)
    NVIC_PriorityGroupConfig                 0x08002515   Thumb Code    10  misc.o(i.NVIC_PriorityGroupConfig)
    NVIC_SetVectorTable                      0x08002529   Thumb Code    12  misc.o(i.NVIC_SetVectorTable)
    PendSV_Handler                           0x0800253d   Thumb Code     2  stm32f10x_it.o(i.PendSV_Handler)
    Process_Socket_Data                      0x08002541   Thumb Code  1504  main.o(i.Process_Socket_Data)
    RCC_ADCCLKConfig                         0x08002b2d   Thumb Code    18  stm32f10x_rcc.o(i.RCC_ADCCLKConfig)
    RCC_APB1PeriphClockCmd                   0x08002b45   Thumb Code    26  stm32f10x_rcc.o(i.RCC_APB1PeriphClockCmd)
    RCC_APB2PeriphClockCmd                   0x08002b65   Thumb Code    26  stm32f10x_rcc.o(i.RCC_APB2PeriphClockCmd)
    RCC_ClockSecuritySystemCmd               0x08002b85   Thumb Code     6  stm32f10x_rcc.o(i.RCC_ClockSecuritySystemCmd)
    RCC_Configuration                        0x08002b91   Thumb Code   122  w5500.o(i.RCC_Configuration)
    RCC_DeInit                               0x08002c0d   Thumb Code    64  stm32f10x_rcc.o(i.RCC_DeInit)
    RCC_GetClocksFreq                        0x08002c59   Thumb Code   192  stm32f10x_rcc.o(i.RCC_GetClocksFreq)
    RCC_GetFlagStatus                        0x08002d2d   Thumb Code    56  stm32f10x_rcc.o(i.RCC_GetFlagStatus)
    RCC_GetSYSCLKSource                      0x08002d69   Thumb Code    10  stm32f10x_rcc.o(i.RCC_GetSYSCLKSource)
    RCC_HCLKConfig                           0x08002d79   Thumb Code    18  stm32f10x_rcc.o(i.RCC_HCLKConfig)
    RCC_HSEConfig                            0x08002d91   Thumb Code    70  stm32f10x_rcc.o(i.RCC_HSEConfig)
    RCC_PCLK1Config                          0x08002ddd   Thumb Code    18  stm32f10x_rcc.o(i.RCC_PCLK1Config)
    RCC_PCLK2Config                          0x08002df5   Thumb Code    20  stm32f10x_rcc.o(i.RCC_PCLK2Config)
    RCC_PLLCmd                               0x08002e0d   Thumb Code     6  stm32f10x_rcc.o(i.RCC_PLLCmd)
    RCC_PLLConfig                            0x08002e19   Thumb Code    24  stm32f10x_rcc.o(i.RCC_PLLConfig)
    RCC_SYSCLKConfig                         0x08002e35   Thumb Code    18  stm32f10x_rcc.o(i.RCC_SYSCLKConfig)
    RCC_WaitForHSEStartUp                    0x08002e4d   Thumb Code    56  stm32f10x_rcc.o(i.RCC_WaitForHSEStartUp)
    Read_SOCK_Data_Buffer                    0x08002e85   Thumb Code   296  w5500.o(i.Read_SOCK_Data_Buffer)
    Read_W5500_1Byte                         0x08002fb5   Thumb Code    62  w5500.o(i.Read_W5500_1Byte)
    Read_W5500_SOCK_1Byte                    0x08002ffd   Thumb Code    74  w5500.o(i.Read_W5500_SOCK_1Byte)
    Read_W5500_SOCK_2Byte                    0x08003051   Thumb Code    98  w5500.o(i.Read_W5500_SOCK_2Byte)
    SPI2_Init                                0x080030bd   Thumb Code   148  spi.o(i.SPI2_Init)
    SPI3_Send_Byte                           0x08003159   Thumb Code    28  w5500.o(i.SPI3_Send_Byte)
    SPI3_Send_Short                          0x08003179   Thumb Code    28  w5500.o(i.SPI3_Send_Short)
    SPI_Cmd                                  0x08003195   Thumb Code    24  stm32f10x_spi.o(i.SPI_Cmd)
    SPI_Configuration                        0x080031ad   Thumb Code   194  w5500.o(i.SPI_Configuration)
    SPI_I2S_GetFlagStatus                    0x08003281   Thumb Code    18  stm32f10x_spi.o(i.SPI_I2S_GetFlagStatus)
    SPI_I2S_ReceiveData                      0x08003293   Thumb Code     6  stm32f10x_spi.o(i.SPI_I2S_ReceiveData)
    SPI_I2S_SendData                         0x08003299   Thumb Code     4  stm32f10x_spi.o(i.SPI_I2S_SendData)
    SPI_Init                                 0x0800329d   Thumb Code    60  stm32f10x_spi.o(i.SPI_Init)
    SPI_WriteByte                            0x080032d9   Thumb Code    34  spi.o(i.SPI_WriteByte)
    SVC_Handler                              0x080032fb   Thumb Code     2  stm32f10x_it.o(i.SVC_Handler)
    Show_Str                                 0x080033e5   Thumb Code   264  gui.o(i.Show_Str)
    Socket_Connect                           0x080034f1   Thumb Code    70  w5500.o(i.Socket_Connect)
    Socket_Init                              0x08003539   Thumb Code    74  w5500.o(i.Socket_Init)
    Socket_Listen                            0x08003589   Thumb Code   102  w5500.o(i.Socket_Listen)
    Socket_UDP                               0x080035ef   Thumb Code    60  w5500.o(i.Socket_UDP)
    Status_Register_Update                   0x0800362d   Thumb Code    54  main.o(i.Status_Register_Update)
    SysTick_CLKSourceConfig                  0x0800366d   Thumb Code    40  misc.o(i.SysTick_CLKSourceConfig)
    SysTick_Handler                          0x08003695   Thumb Code     2  stm32f10x_it.o(i.SysTick_Handler)
    SystemInit                               0x08003699   Thumb Code    78  system_stm32f10x.o(i.SystemInit)
    System_Initialization                    0x080036f9   Thumb Code    24  w5500.o(i.System_Initialization)
    TIM2_IRQHandler                          0x08003711   Thumb Code    44  w5500.o(i.TIM2_IRQHandler)
    TIM3_IRQHandler                          0x08003745   Thumb Code    12  stm32f10x_it.o(i.TIM3_IRQHandler)
    TIM_ClearITPendingBit                    0x08003755   Thumb Code     6  stm32f10x_tim.o(i.TIM_ClearITPendingBit)
    TIM_Cmd                                  0x0800375b   Thumb Code    24  stm32f10x_tim.o(i.TIM_Cmd)
    TIM_GetITStatus                          0x08003773   Thumb Code    34  stm32f10x_tim.o(i.TIM_GetITStatus)
    TIM_ITConfig                             0x08003795   Thumb Code    18  stm32f10x_tim.o(i.TIM_ITConfig)
    TIM_OC2Init                              0x080037a9   Thumb Code   154  stm32f10x_tim.o(i.TIM_OC2Init)
    TIM_OC2PreloadConfig                     0x0800384d   Thumb Code    26  stm32f10x_tim.o(i.TIM_OC2PreloadConfig)
    TIM_SetCompare2                          0x08003867   Thumb Code     4  stm32f10x_tim.o(i.TIM_SetCompare2)
    TIM_TimeBaseInit                         0x0800386d   Thumb Code   122  stm32f10x_tim.o(i.TIM_TimeBaseInit)
    Timer2_Init_Config                       0x08003911   Thumb Code    64  w5500.o(i.Timer2_Init_Config)
    USART1_IRQHandler                        0x08003951   Thumb Code    58  stm32f10x_it.o(i.USART1_IRQHandler)
    USART2_IRQHandler                        0x08003995   Thumb Code    86  stm32f10x_it.o(i.USART2_IRQHandler)
    USART_ClearFlag                          0x080039f9   Thumb Code    18  stm32f10x_usart.o(i.USART_ClearFlag)
    USART_Cmd                                0x08003a0b   Thumb Code    24  stm32f10x_usart.o(i.USART_Cmd)
    USART_GetFlagStatus                      0x08003a23   Thumb Code    26  stm32f10x_usart.o(i.USART_GetFlagStatus)
    USART_GetITStatus                        0x08003a3d   Thumb Code    84  stm32f10x_usart.o(i.USART_GetITStatus)
    USART_ITConfig                           0x08003a91   Thumb Code    74  stm32f10x_usart.o(i.USART_ITConfig)
    USART_Init                               0x08003add   Thumb Code   210  stm32f10x_usart.o(i.USART_Init)
    USART_ReceiveData                        0x08003bb5   Thumb Code    10  stm32f10x_usart.o(i.USART_ReceiveData)
    USART_SendData                           0x08003bbf   Thumb Code     8  stm32f10x_usart.o(i.USART_SendData)
    UsageFault_Handler                       0x08003bc7   Thumb Code     4  stm32f10x_it.o(i.UsageFault_Handler)
    VacuumValue_PID                          0x08003bcd   Thumb Code   186  vacuumg.o(i.VacuumValue_PID)
    ValveStateChange                         0x08003cf1   Thumb Code   364  iostate.o(i.ValveStateChange)
    ValveState_Init                          0x08003e69   Thumb Code    96  iostate.o(i.ValveState_Init)
    W5500_GPIO_Configuration                 0x08003ed5   Thumb Code   108  w5500.o(i.W5500_GPIO_Configuration)
    W5500_Hardware_Reset                     0x08003f45   Thumb Code    52  w5500.o(i.W5500_Hardware_Reset)
    W5500_Init                               0x08003f7d   Thumb Code   136  w5500.o(i.W5500_Init)
    W5500_Initialization                     0x08004015   Thumb Code    18  w5500.o(i.W5500_Initialization)
    W5500_Interrupt_Process                  0x08004029   Thumb Code   180  w5500.o(i.W5500_Interrupt_Process)
    W5500_NVIC_Configuration                 0x080040e9   Thumb Code    32  w5500.o(i.W5500_NVIC_Configuration)
    W5500_Socket_Set                         0x08004109   Thumb Code   100  w5500.o(i.W5500_Socket_Set)
    Write_SOCK_Data_Buffer                   0x08004175   Thumb Code   264  w5500.o(i.Write_SOCK_Data_Buffer)
    Write_W5500_1Byte                        0x08004289   Thumb Code    46  w5500.o(i.Write_W5500_1Byte)
    Write_W5500_2Byte                        0x080042bd   Thumb Code    46  w5500.o(i.Write_W5500_2Byte)
    Write_W5500_SOCK_1Byte                   0x080042f1   Thumb Code    58  w5500.o(i.Write_W5500_SOCK_1Byte)
    Write_W5500_SOCK_2Byte                   0x08004331   Thumb Code    58  w5500.o(i.Write_W5500_SOCK_2Byte)
    Write_W5500_SOCK_4Byte                   0x08004371   Thumb Code    84  w5500.o(i.Write_W5500_SOCK_4Byte)
    Write_W5500_nByte                        0x080043c9   Thumb Code    66  w5500.o(i.Write_W5500_nByte)
    __0printf                                0x08004411   Thumb Code    22  printfa.o(i.__0printf)
    __1printf                                0x08004411   Thumb Code     0  printfa.o(i.__0printf)
    __2printf                                0x08004411   Thumb Code     0  printfa.o(i.__0printf)
    __c89printf                              0x08004411   Thumb Code     0  printfa.o(i.__0printf)
    printf                                   0x08004411   Thumb Code     0  printfa.o(i.__0printf)
    __0sprintf                               0x08004431   Thumb Code    34  printfa.o(i.__0sprintf)
    __1sprintf                               0x08004431   Thumb Code     0  printfa.o(i.__0sprintf)
    __2sprintf                               0x08004431   Thumb Code     0  printfa.o(i.__0sprintf)
    __c89sprintf                             0x08004431   Thumb Code     0  printfa.o(i.__0sprintf)
    sprintf                                  0x08004431   Thumb Code     0  printfa.o(i.__0sprintf)
    __scatterload_copy                       0x08004459   Thumb Code    14  handlers.o(i.__scatterload_copy)
    __scatterload_null                       0x08004467   Thumb Code     2  handlers.o(i.__scatterload_null)
    __scatterload_zeroinit                   0x08004469   Thumb Code    14  handlers.o(i.__scatterload_zeroinit)
    _draw_circle_8                           0x08004477   Thumb Code   132  gui.o(i._draw_circle_8)
    adc_init                                 0x08004d99   Thumb Code   404  adc.o(i.adc_init)
    delay_init                               0x08004f35   Thumb Code    52  systick.o(i.delay_init)
    delay_ms                                 0x08004f71   Thumb Code    56  systick.o(i.delay_ms)
    fputc                                    0x08004fa9   Thumb Code    32  printf.o(i.fputc)
    gui_circle                               0x08004fcd   Thumb Code   154  gui.o(i.gui_circle)
    main                                     0x08005069   Thumb Code   920  main.o(i.main)
    printf_init                              0x080055d5   Thumb Code   170  printf.o(i.printf_init)
    pwm_init                                 0x08005689   Thumb Code   132  pwm.o(i.pwm_init)
    asc2_1206                                0x0800571a   Data        1140  gui.o(.constdata)
    asc2_1608                                0x08005b8e   Data        1520  gui.o(.constdata)
    tfont16                                  0x0800617e   Data        2108  gui.o(.constdata)
    tfont24                                  0x080069ba   Data         518  gui.o(.constdata)
    tfont32                                  0x08006bc0   Data         520  gui.o(.constdata)
    gImage_qq                                0x08006dc8   Data        3200  test.o(.constdata)
    Region$$Table$$Base                      0x08007aa4   Number         0  anon$$obj.o(Region$$Table)
    Region$$Table$$Limit                     0x08007ac4   Number         0  anon$$obj.o(Region$$Table)
    ADdataA                                  0x20000000   Data           7  main.o(.data)
    Package_Cavity_627D_Pressure_Set         0x20000008   Data           4  main.o(.data)
    Package_Flow_1479A_Set                   0x2000000c   Data           4  main.o(.data)
    Package_Flow_1479A_Puff_Set              0x20000010   Data           4  main.o(.data)
    Package_Cavity_627D_Puff_Set             0x20000014   Data           4  main.o(.data)
    Package_Valve_Puff_Status_Set            0x20000018   Data           2  main.o(.data)
    Package_Valve_Status_Set                 0x2000001a   Data           2  main.o(.data)
    Package_Duty_P                           0x2000001c   Data           4  main.o(.data)
    Package_Duty_I                           0x20000020   Data           4  main.o(.data)
    Package_Duty_D                           0x20000024   Data           4  main.o(.data)
    Valve_Signal_Open                        0x20000028   Data           1  main.o(.data)
    Timing_Signal_Open                       0x20000029   Data           1  main.o(.data)
    Command_Signal_Open                      0x2000002a   Data           1  main.o(.data)
    Normal_Debug_RunningMode                 0x2000002b   Data           1  main.o(.data)
    Command_Timing_TriggerMode               0x2000002c   Data           1  main.o(.data)
    Normal_Puff_RunningMode                  0x2000002d   Data           1  main.o(.data)
    PEV_1479A_ControlMode                    0x2000002e   Data           1  main.o(.data)
    Cavity_627D_Pressure_Status              0x20000030   Data           4  main.o(.data)
    Flow_1479A_Status                        0x20000034   Data           4  main.o(.data)
    POINT_COLOR                              0x20000052   Data           2  lcd.o(.data)
    BACK_COLOR                               0x20000054   Data           2  lcd.o(.data)
    DeviceCode                               0x20000056   Data           2  lcd.o(.data)
    ColorTab                                 0x20000058   Data          10  test.o(.data)
    Gateway_IP                               0x20000064   Data           4  w5500.o(.data)
    Sub_Mask                                 0x20000068   Data           4  w5500.o(.data)
    Phy_Addr                                 0x2000006c   Data           6  w5500.o(.data)
    IP_Addr                                  0x20000072   Data           4  w5500.o(.data)
    S0_Port                                  0x20000076   Data           2  w5500.o(.data)
    S0_DIP                                   0x20000078   Data           4  w5500.o(.data)
    S0_DPort                                 0x2000007c   Data           2  w5500.o(.data)
    UDP_DIPR                                 0x2000007e   Data           4  w5500.o(.data)
    UDP_DPORT                                0x20000082   Data           2  w5500.o(.data)
    S0_Mode                                  0x20000084   Data           1  w5500.o(.data)
    S0_State                                 0x20000085   Data           1  w5500.o(.data)
    S0_Data                                  0x20000086   Data           1  w5500.o(.data)
    W5500_Interrupt                          0x20000087   Data           1  w5500.o(.data)
    Timer2_Counter                           0x20000088   Data           4  w5500.o(.data)
    W5500_Send_Delay_Counter                 0x2000008c   Data           4  w5500.o(.data)
    __stdout                                 0x20000090   Data           4  stdout.o(.data)
    lcddev                                   0x20000094   Data          14  lcd.o(.bss)
    Rx_Buffer                                0x200000ae   Data        2048  w5500.o(.bss)
    Tx_Buffer                                0x200008ae   Data        2048  w5500.o(.bss)
    __initial_sp                             0x200014b0   Data           0  startup_stm32f10x_hd.o(STACK)



==============================================================================

Memory Map of the image

  Image Entry point : 0x08000131

  Load Region LR_IROM1 (Base: 0x08000000, Size: 0x00007b58, Max: 0x00080000, ABSOLUTE)

    Execution Region ER_IROM1 (Base: 0x08000000, Size: 0x00007ac4, Max: 0x00080000, ABSOLUTE)

    Base Addr    Size         Type   Attr      Idx    E Section Name        Object

    0x08000000   0x00000130   Data   RO          349    RESET               startup_stm32f10x_hd.o
    0x08000130   0x00000000   Code   RO         3272  * .ARM.Collect$$$$00000000  mc_w.l(entry.o)
    0x08000130   0x00000004   Code   RO         3560    .ARM.Collect$$$$00000001  mc_w.l(entry2.o)
    0x08000134   0x00000004   Code   RO         3563    .ARM.Collect$$$$00000004  mc_w.l(entry5.o)
    0x08000138   0x00000000   Code   RO         3565    .ARM.Collect$$$$00000008  mc_w.l(entry7b.o)
    0x08000138   0x00000000   Code   RO         3567    .ARM.Collect$$$$0000000A  mc_w.l(entry8b.o)
    0x08000138   0x00000008   Code   RO         3568    .ARM.Collect$$$$0000000B  mc_w.l(entry9a.o)
    0x08000140   0x00000000   Code   RO         3570    .ARM.Collect$$$$0000000D  mc_w.l(entry10a.o)
    0x08000140   0x00000000   Code   RO         3572    .ARM.Collect$$$$0000000F  mc_w.l(entry11a.o)
    0x08000140   0x00000004   Code   RO         3561    .ARM.Collect$$$$00002712  mc_w.l(entry2.o)
    0x08000144   0x00000024   Code   RO          350    .text               startup_stm32f10x_hd.o
    0x08000168   0x00000024   Code   RO         3275    .text               mc_w.l(memcpya.o)
    0x0800018c   0x000000b0   Code   RO         3542    .text               mf_w.l(fadd.o)
    0x0800023c   0x00000064   Code   RO         3544    .text               mf_w.l(fmul.o)
    0x080002a0   0x0000007c   Code   RO         3546    .text               mf_w.l(fdiv.o)
    0x0800031c   0x000000e4   Code   RO         3548    .text               mf_w.l(dmul.o)
    0x08000400   0x000000de   Code   RO         3550    .text               mf_w.l(ddiv.o)
    0x080004de   0x0000000a   Code   RO         3552    .text               mf_w.l(ffltui.o)
    0x080004e8   0x00000028   Code   RO         3554    .text               mf_w.l(ffixui.o)
    0x08000510   0x00000026   Code   RO         3556    .text               mf_w.l(f2d.o)
    0x08000536   0x00000038   Code   RO         3558    .text               mf_w.l(d2f.o)
    0x0800056e   0x0000002c   Code   RO         3575    .text               mc_w.l(uidiv.o)
    0x0800059a   0x00000062   Code   RO         3577    .text               mc_w.l(uldiv.o)
    0x080005fc   0x00000000   Code   RO         3579    .text               mc_w.l(iusefp.o)
    0x080005fc   0x0000006e   Code   RO         3580    .text               mf_w.l(fepilogue.o)
    0x0800066a   0x000000ba   Code   RO         3582    .text               mf_w.l(depilogue.o)
    0x08000724   0x0000014e   Code   RO         3584    .text               mf_w.l(dadd.o)
    0x08000872   0x00000030   Code   RO         3586    .text               mf_w.l(dfixul.o)
    0x080008a2   0x00000002   PAD
    0x080008a4   0x00000030   Code   RO         3588    .text               mf_w.l(cdrcmple.o)
    0x080008d4   0x00000024   Code   RO         3590    .text               mc_w.l(init.o)
    0x080008f8   0x0000001e   Code   RO         3592    .text               mc_w.l(llshl.o)
    0x08000916   0x00000020   Code   RO         3594    .text               mc_w.l(llushr.o)
    0x08000936   0x00000024   Code   RO         3596    .text               mc_w.l(llsshr.o)
    0x0800095a   0x00000016   Code   RO         1492    i.ADC_Cmd           stm32f10x_adc.o
    0x08000970   0x00000014   Code   RO         1500    i.ADC_GetCalibrationStatus  stm32f10x_adc.o
    0x08000984   0x00000008   Code   RO         1501    i.ADC_GetConversionValue  stm32f10x_adc.o
    0x0800098c   0x00000012   Code   RO         1503    i.ADC_GetFlagStatus  stm32f10x_adc.o
    0x0800099e   0x00000014   Code   RO         1506    i.ADC_GetResetCalibrationStatus  stm32f10x_adc.o
    0x080009b2   0x00000002   PAD
    0x080009b4   0x00000050   Code   RO         1510    i.ADC_Init          stm32f10x_adc.o
    0x08000a04   0x00000068   Code   RO         2780    i.ADC_LCD_Out       test.o
    0x08000a6c   0x000000b8   Code   RO         1514    i.ADC_RegularChannelConfig  stm32f10x_adc.o
    0x08000b24   0x0000000a   Code   RO         1515    i.ADC_ResetCalibration  stm32f10x_adc.o
    0x08000b2e   0x00000016   Code   RO         1517    i.ADC_SoftwareStartConvCmd  stm32f10x_adc.o
    0x08000b44   0x0000000a   Code   RO         1519    i.ADC_StartCalibration  stm32f10x_adc.o
    0x08000b4e   0x00000002   Code   RO         3178    i.ADVoltage_2_Flow1479A  dataprocess.o
    0x08000b50   0x00000002   Code   RO         3179    i.ADVoltage_2_Pressure025D  dataprocess.o
    0x08000b52   0x00000002   Code   RO         3180    i.ADVoltage_2_Pressure627D  dataprocess.o
    0x08000b54   0x0000009c   Code   RO         2511    i.AD_Conversion     adc.o
    0x08000bf0   0x00000004   Code   RO          186    i.BusFault_Handler  stm32f10x_it.o
    0x08000bf4   0x00000028   Code   RO         1708    i.DAC_Cmd           stm32f10x_dac.o
    0x08000c1c   0x00000034   Code   RO         1713    i.DAC_Init          stm32f10x_dac.o
    0x08000c50   0x00000020   Code   RO         1714    i.DAC_SetChannel1Data  stm32f10x_dac.o
    0x08000c70   0x00000064   Code   RO         2490    i.Dac1_Init         dac.o
    0x08000cd4   0x00000058   Code   RO         2491    i.Dac1_Set_Vol      dac.o
    0x08000d2c   0x00000002   Code   RO          187    i.DebugMon_Handler  stm32f10x_it.o
    0x08000d2e   0x00000002   PAD
    0x08000d30   0x00000018   Code   RO         2954    i.Delay             w5500.o
    0x08000d48   0x000000d8   Code   RO         2955    i.Detect_Gateway    w5500.o
    0x08000e20   0x00000054   Code   RO          188    i.EXTI2_IRQHandler  stm32f10x_it.o
    0x08000e74   0x00000020   Code   RO         2956    i.EXTI9_5_IRQHandler  w5500.o
    0x08000e94   0x0000000c   Code   RO          885    i.EXTI_ClearITPendingBit  stm32f10x_exti.o
    0x08000ea0   0x00000028   Code   RO          889    i.EXTI_GetITStatus  stm32f10x_exti.o
    0x08000ec8   0x00000094   Code   RO          890    i.EXTI_Init         stm32f10x_exti.o
    0x08000f5c   0x0000001c   Code   RO         1947    i.FLASH_PrefetchBufferCmd  stm32f10x_flash.o
    0x08000f78   0x00000018   Code   RO         1952    i.FLASH_SetLatency  stm32f10x_flash.o
    0x08000f90   0x00000002   Code   RO         3182    i.Flow1479A_2_ADVoltage  dataprocess.o
    0x08000f92   0x00000002   PAD
    0x08000f94   0x00000078   Code   RO         3257    i.Flow_1479A_Adjustment  1479a.o
    0x0800100c   0x00000040   Code   RO          357    i.GPIO_EXTILineConfig  stm32f10x_gpio.o
    0x0800104c   0x00000116   Code   RO          360    i.GPIO_Init         stm32f10x_gpio.o
    0x08001162   0x00000002   PAD
    0x08001164   0x00000090   Code   RO          362    i.GPIO_PinRemapConfig  stm32f10x_gpio.o
    0x080011f4   0x00000012   Code   RO          364    i.GPIO_ReadInputDataBit  stm32f10x_gpio.o
    0x08001206   0x00000012   Code   RO          366    i.GPIO_ReadOutputDataBit  stm32f10x_gpio.o
    0x08001218   0x00000004   Code   RO          367    i.GPIO_ResetBits    stm32f10x_gpio.o
    0x0800121c   0x00000004   Code   RO          368    i.GPIO_SetBits      stm32f10x_gpio.o
    0x08001220   0x00000108   Code   RO         2541    i.GUI_DrawFont16    gui.o
    0x08001328   0x00000118   Code   RO         2542    i.GUI_DrawFont24    gui.o
    0x08001440   0x00000108   Code   RO         2543    i.GUI_DrawFont32    gui.o
    0x08001548   0x00000018   Code   RO         2544    i.GUI_DrawPoint     gui.o
    0x08001560   0x00000054   Code   RO         2784    i.Gas_StateLayer    test.o
    0x080015b4   0x0000013c   Code   RO         2785    i.Gas_StateLayerUpdate  test.o
    0x080016f0   0x0000013c   Code   RO         2919    i.Gas_State_Read    iostate.o
    0x0800182c   0x000000ac   Code   RO         2920    i.Gas_State_Read_LCD  iostate.o
    0x080018d8   0x00000038   Code   RO         3183    i.GetCRC16          dataprocess.o
    0x08001910   0x00000058   Code   RO         2512    i.Get_ADC_Value     adc.o
    0x08001968   0x000003bc   Code   RO         2786    i.GridLayer         test.o
    0x08001d24   0x00000004   Code   RO          189    i.HardFault_Handler  stm32f10x_it.o
    0x08001d28   0x00000060   Code   RO         2686    i.LCD_Clear         lcd.o
    0x08001d88   0x000000b0   Code   RO         2548    i.LCD_DrawLine      gui.o
    0x08001e38   0x0000001c   Code   RO         2687    i.LCD_DrawPoint     lcd.o
    0x08001e54   0x0000002c   Code   RO         2688    i.LCD_GPIOInit      lcd.o
    0x08001e80   0x00000250   Code   RO         2689    i.LCD_Init          lcd.o
    0x080020d0   0x00000028   Code   RO         2690    i.LCD_RESET         lcd.o
    0x080020f8   0x00000014   Code   RO         2691    i.LCD_SetCursor     lcd.o
    0x0800210c   0x00000058   Code   RO         2692    i.LCD_SetWindows    lcd.o
    0x08002164   0x00000124   Code   RO         2551    i.LCD_ShowChar      gui.o
    0x08002288   0x00000030   Code   RO         2693    i.LCD_WR_DATA       lcd.o
    0x080022b8   0x0000002c   Code   RO         2694    i.LCD_WR_REG        lcd.o
    0x080022e4   0x00000010   Code   RO         2695    i.LCD_WriteRAM_Prepare  lcd.o
    0x080022f4   0x00000014   Code   RO         2696    i.LCD_WriteReg      lcd.o
    0x08002308   0x00000084   Code   RO         2697    i.LCD_direction     lcd.o
    0x0800238c   0x00000030   Code   RO         2104    i.LED_Init          led.o
    0x080023bc   0x00000038   Code   RO         2698    i.Lcd_WriteData_16Bit  lcd.o
    0x080023f4   0x00000074   Code   RO         2957    i.Load_Net_Parameters  w5500.o
    0x08002468   0x00000004   Code   RO          190    i.MemManage_Handler  stm32f10x_it.o
    0x0800246c   0x00000002   Code   RO          191    i.NMI_Handler       stm32f10x_it.o
    0x0800246e   0x00000036   Code   RO         2958    i.NVIC_Configuration  w5500.o
    0x080024a4   0x00000070   Code   RO          848    i.NVIC_Init         misc.o
    0x08002514   0x00000014   Code   RO          849    i.NVIC_PriorityGroupConfig  misc.o
    0x08002528   0x00000014   Code   RO          850    i.NVIC_SetVectorTable  misc.o
    0x0800253c   0x00000002   Code   RO          192    i.PendSV_Handler    stm32f10x_it.o
    0x0800253e   0x00000002   PAD
    0x08002540   0x000005ec   Code   RO            3    i.Process_Socket_Data  main.o
    0x08002b2c   0x00000018   Code   RO          468    i.RCC_ADCCLKConfig  stm32f10x_rcc.o
    0x08002b44   0x00000020   Code   RO          470    i.RCC_APB1PeriphClockCmd  stm32f10x_rcc.o
    0x08002b64   0x00000020   Code   RO          472    i.RCC_APB2PeriphClockCmd  stm32f10x_rcc.o
    0x08002b84   0x0000000c   Code   RO          478    i.RCC_ClockSecuritySystemCmd  stm32f10x_rcc.o
    0x08002b90   0x0000007a   Code   RO         2959    i.RCC_Configuration  w5500.o
    0x08002c0a   0x00000002   PAD
    0x08002c0c   0x0000004c   Code   RO          479    i.RCC_DeInit        stm32f10x_rcc.o
    0x08002c58   0x000000d4   Code   RO          480    i.RCC_GetClocksFreq  stm32f10x_rcc.o
    0x08002d2c   0x0000003c   Code   RO          481    i.RCC_GetFlagStatus  stm32f10x_rcc.o
    0x08002d68   0x00000010   Code   RO          483    i.RCC_GetSYSCLKSource  stm32f10x_rcc.o
    0x08002d78   0x00000018   Code   RO          484    i.RCC_HCLKConfig    stm32f10x_rcc.o
    0x08002d90   0x0000004c   Code   RO          485    i.RCC_HSEConfig     stm32f10x_rcc.o
    0x08002ddc   0x00000018   Code   RO          491    i.RCC_PCLK1Config   stm32f10x_rcc.o
    0x08002df4   0x00000018   Code   RO          492    i.RCC_PCLK2Config   stm32f10x_rcc.o
    0x08002e0c   0x0000000c   Code   RO          493    i.RCC_PLLCmd        stm32f10x_rcc.o
    0x08002e18   0x0000001c   Code   RO          494    i.RCC_PLLConfig     stm32f10x_rcc.o
    0x08002e34   0x00000018   Code   RO          497    i.RCC_SYSCLKConfig  stm32f10x_rcc.o
    0x08002e4c   0x00000038   Code   RO          499    i.RCC_WaitForHSEStartUp  stm32f10x_rcc.o
    0x08002e84   0x00000130   Code   RO         2960    i.Read_SOCK_Data_Buffer  w5500.o
    0x08002fb4   0x00000048   Code   RO         2961    i.Read_W5500_1Byte  w5500.o
    0x08002ffc   0x00000054   Code   RO         2962    i.Read_W5500_SOCK_1Byte  w5500.o
    0x08003050   0x0000006c   Code   RO         2963    i.Read_W5500_SOCK_2Byte  w5500.o
    0x080030bc   0x0000009c   Code   RO         2892    i.SPI2_Init         spi.o
    0x08003158   0x00000020   Code   RO         2964    i.SPI3_Send_Byte    w5500.o
    0x08003178   0x0000001c   Code   RO         2965    i.SPI3_Send_Short   w5500.o
    0x08003194   0x00000018   Code   RO         1791    i.SPI_Cmd           stm32f10x_spi.o
    0x080031ac   0x000000d4   Code   RO         2966    i.SPI_Configuration  w5500.o
    0x08003280   0x00000012   Code   RO         1799    i.SPI_I2S_GetFlagStatus  stm32f10x_spi.o
    0x08003292   0x00000006   Code   RO         1802    i.SPI_I2S_ReceiveData  stm32f10x_spi.o
    0x08003298   0x00000004   Code   RO         1803    i.SPI_I2S_SendData  stm32f10x_spi.o
    0x0800329c   0x0000003c   Code   RO         1804    i.SPI_Init          stm32f10x_spi.o
    0x080032d8   0x00000022   Code   RO         2894    i.SPI_WriteByte     spi.o
    0x080032fa   0x00000002   Code   RO          193    i.SVC_Handler       stm32f10x_it.o
    0x080032fc   0x00000008   Code   RO          294    i.SetSysClock       system_stm32f10x.o
    0x08003304   0x000000e0   Code   RO          295    i.SetSysClockTo72   system_stm32f10x.o
    0x080033e4   0x0000010c   Code   RO         2554    i.Show_Str          gui.o
    0x080034f0   0x00000046   Code   RO         2967    i.Socket_Connect    w5500.o
    0x08003536   0x00000002   PAD
    0x08003538   0x00000050   Code   RO         2968    i.Socket_Init       w5500.o
    0x08003588   0x00000066   Code   RO         2969    i.Socket_Listen     w5500.o
    0x080035ee   0x0000003c   Code   RO         2970    i.Socket_UDP        w5500.o
    0x0800362a   0x00000002   PAD
    0x0800362c   0x00000040   Code   RO            4    i.Status_Register_Update  main.o
    0x0800366c   0x00000028   Code   RO          852    i.SysTick_CLKSourceConfig  misc.o
    0x08003694   0x00000002   Code   RO          194    i.SysTick_Handler   stm32f10x_it.o
    0x08003696   0x00000002   PAD
    0x08003698   0x00000060   Code   RO          297    i.SystemInit        system_stm32f10x.o
    0x080036f8   0x00000018   Code   RO         2971    i.System_Initialization  w5500.o
    0x08003710   0x00000034   Code   RO         2972    i.TIM2_IRQHandler   w5500.o
    0x08003744   0x00000010   Code   RO          195    i.TIM3_IRQHandler   stm32f10x_it.o
    0x08003754   0x00000006   Code   RO          949    i.TIM_ClearITPendingBit  stm32f10x_tim.o
    0x0800375a   0x00000018   Code   RO          954    i.TIM_Cmd           stm32f10x_tim.o
    0x08003772   0x00000022   Code   RO          975    i.TIM_GetITStatus   stm32f10x_tim.o
    0x08003794   0x00000012   Code   RO          979    i.TIM_ITConfig      stm32f10x_tim.o
    0x080037a6   0x00000002   PAD
    0x080037a8   0x000000a4   Code   RO          988    i.TIM_OC2Init       stm32f10x_tim.o
    0x0800384c   0x0000001a   Code   RO          991    i.TIM_OC2PreloadConfig  stm32f10x_tim.o
    0x08003866   0x00000004   Code   RO         1016    i.TIM_SetCompare2   stm32f10x_tim.o
    0x0800386a   0x00000002   PAD
    0x0800386c   0x000000a4   Code   RO         1025    i.TIM_TimeBaseInit  stm32f10x_tim.o
    0x08003910   0x00000040   Code   RO         2973    i.Timer2_Init_Config  w5500.o
    0x08003950   0x00000044   Code   RO          196    i.USART1_IRQHandler  stm32f10x_it.o
    0x08003994   0x00000064   Code   RO          197    i.USART2_IRQHandler  stm32f10x_it.o
    0x080039f8   0x00000012   Code   RO          668    i.USART_ClearFlag   stm32f10x_usart.o
    0x08003a0a   0x00000018   Code   RO          672    i.USART_Cmd         stm32f10x_usart.o
    0x08003a22   0x0000001a   Code   RO          675    i.USART_GetFlagStatus  stm32f10x_usart.o
    0x08003a3c   0x00000054   Code   RO          676    i.USART_GetITStatus  stm32f10x_usart.o
    0x08003a90   0x0000004a   Code   RO          678    i.USART_ITConfig    stm32f10x_usart.o
    0x08003ada   0x00000002   PAD
    0x08003adc   0x000000d8   Code   RO          679    i.USART_Init        stm32f10x_usart.o
    0x08003bb4   0x0000000a   Code   RO          686    i.USART_ReceiveData  stm32f10x_usart.o
    0x08003bbe   0x00000008   Code   RO          689    i.USART_SendData    stm32f10x_usart.o
    0x08003bc6   0x00000004   Code   RO          198    i.UsageFault_Handler  stm32f10x_it.o
    0x08003bca   0x00000002   PAD
    0x08003bcc   0x00000124   Code   RO         3241    i.VacuumValue_PID   vacuumg.o
    0x08003cf0   0x00000178   Code   RO         2921    i.ValveStateChange  iostate.o
    0x08003e68   0x0000006c   Code   RO         2922    i.ValveState_Init   iostate.o
    0x08003ed4   0x00000070   Code   RO         2974    i.W5500_GPIO_Configuration  w5500.o
    0x08003f44   0x00000038   Code   RO         2975    i.W5500_Hardware_Reset  w5500.o
    0x08003f7c   0x00000098   Code   RO         2976    i.W5500_Init        w5500.o
    0x08004014   0x00000012   Code   RO         2977    i.W5500_Initialization  w5500.o
    0x08004026   0x00000002   PAD
    0x08004028   0x000000c0   Code   RO         2978    i.W5500_Interrupt_Process  w5500.o
    0x080040e8   0x00000020   Code   RO         2979    i.W5500_NVIC_Configuration  w5500.o
    0x08004108   0x0000006c   Code   RO         2980    i.W5500_Socket_Set  w5500.o
    0x08004174   0x00000114   Code   RO         2981    i.Write_SOCK_Data_Buffer  w5500.o
    0x08004288   0x00000034   Code   RO         2982    i.Write_W5500_1Byte  w5500.o
    0x080042bc   0x00000034   Code   RO         2983    i.Write_W5500_2Byte  w5500.o
    0x080042f0   0x00000040   Code   RO         2984    i.Write_W5500_SOCK_1Byte  w5500.o
    0x08004330   0x00000040   Code   RO         2985    i.Write_W5500_SOCK_2Byte  w5500.o
    0x08004370   0x00000058   Code   RO         2986    i.Write_W5500_SOCK_4Byte  w5500.o
    0x080043c8   0x00000048   Code   RO         2987    i.Write_W5500_nByte  w5500.o
    0x08004410   0x00000020   Code   RO         3514    i.__0printf         mc_w.l(printfa.o)
    0x08004430   0x00000028   Code   RO         3516    i.__0sprintf        mc_w.l(printfa.o)
    0x08004458   0x0000000e   Code   RO         3600    i.__scatterload_copy  mc_w.l(handlers.o)
    0x08004466   0x00000002   Code   RO         3601    i.__scatterload_null  mc_w.l(handlers.o)
    0x08004468   0x0000000e   Code   RO         3602    i.__scatterload_zeroinit  mc_w.l(handlers.o)
    0x08004476   0x00000084   Code   RO         2555    i._draw_circle_8    gui.o
    0x080044fa   0x00000002   PAD
    0x080044fc   0x00000164   Code   RO         3521    i._fp_digits        mc_w.l(printfa.o)
    0x08004660   0x000006dc   Code   RO         3522    i._printf_core      mc_w.l(printfa.o)
    0x08004d3c   0x00000024   Code   RO         3523    i._printf_post_padding  mc_w.l(printfa.o)
    0x08004d60   0x0000002e   Code   RO         3524    i._printf_pre_padding  mc_w.l(printfa.o)
    0x08004d8e   0x0000000a   Code   RO         3526    i._sputc            mc_w.l(printfa.o)
    0x08004d98   0x0000019c   Code   RO         2513    i.adc_init          adc.o
    0x08004f34   0x0000003c   Code   RO         2137    i.delay_init        systick.o
    0x08004f70   0x00000038   Code   RO         2138    i.delay_ms          systick.o
    0x08004fa8   0x00000024   Code   RO         2196    i.fputc             printf.o
    0x08004fcc   0x0000009a   Code   RO         2557    i.gui_circle        gui.o
    0x08005066   0x00000002   PAD
    0x08005068   0x0000056c   Code   RO            5    i.main              main.o
    0x080055d4   0x000000b4   Code   RO         2197    i.printf_init       printf.o
    0x08005688   0x0000008c   Code   RO         2166    i.pwm_init          pwm.o
    0x08005714   0x00000006   Data   RO         2514    .constdata          adc.o
    0x0800571a   0x000016ae   Data   RO         2559    .constdata          gui.o
    0x08006dc8   0x00000ca4   Data   RO         2794    .constdata          test.o
    0x08007a6c   0x00000037   Data   RO         2795    .conststring        test.o
    0x08007aa3   0x00000001   PAD
    0x08007aa4   0x00000020   Data   RO         3598    Region$$Table       anon$$obj.o


    Execution Region RW_IRAM1 (Base: 0x20000000, Size: 0x000014b0, Max: 0x00010000, ABSOLUTE)

    Base Addr    Size         Type   Attr      Idx    E Section Name        Object

    0x20000000   0x00000038   Data   RW            6    .data               main.o
    0x20000038   0x00000002   Data   RW          199    .data               stm32f10x_it.o
    0x2000003a   0x00000014   Data   RW          500    .data               stm32f10x_rcc.o
    0x2000004e   0x00000004   Data   RW         2140    .data               systick.o
    0x20000052   0x00000006   Data   RW         2700    .data               lcd.o
    0x20000058   0x0000000a   Data   RW         2796    .data               test.o
    0x20000062   0x00000002   Data   RW         2924    .data               iostate.o
    0x20000064   0x0000002c   Data   RW         2989    .data               w5500.o
    0x20000090   0x00000004   Data   RW         3574    .data               mc_w.l(stdout.o)
    0x20000094   0x0000000e   Zero   RW         2699    .bss                lcd.o
    0x200000a2   0x0000000c   Zero   RW         2923    .bss                iostate.o
    0x200000ae   0x00001000   Zero   RW         2988    .bss                w5500.o
    0x200010ae   0x00000002   PAD
    0x200010b0   0x00000400   Zero   RW          347    STACK               startup_stm32f10x_hd.o


==============================================================================

Image component sizes


      Code (inc. data)   RO Data    RW Data    ZI Data      Debug   Object Name

       120         70          0          0          0        588   1479a.o
       656         22          6          0          0       2195   adc.o
         0          0          0          0          0         32   core_cm3.o
       188         14          0          0          0       1147   dac.o
        64          0          0          0          0       2989   dataprocess.o
      1854         56       5806          0          0       9216   gui.o
       972         56          0          2         12       3199   iostate.o
      1224         66          0          6         14       8977   lcd.o
        48          4          0          0          0        503   led.o
      2968        964          0         56          0     287748   main.o
       192         30          0          0          0       2959   misc.o
       216         14          0          0          0       1250   printf.o
       140          8          0          0          0        723   pwm.o
       190          8          0          0          0       1480   spi.o
        36          8        304          0       1024        828   startup_stm32f10x_hd.o
       394         10          0          0          0       8729   stm32f10x_adc.o
       124         18          0          0          0       2699   stm32f10x_dac.o
       200         18          0          0          0       2392   stm32f10x_exti.o
        52         12          0          0          0       1221   stm32f10x_flash.o
       530         10          0          0          0       6245   stm32f10x_gpio.o
       294         36          0          2          0       6175   stm32f10x_it.o
       732        104          0         20          0      12758   stm32f10x_rcc.o
       112          0          0          0          0       4242   stm32f10x_spi.o
       440         52          0          0          0       6013   stm32f10x_tim.o
       460          6          0          0          0       7287   stm32f10x_usart.o
       328         28          0          0          0       2349   system_stm32f10x.o
       116          8          0          4          0       1304   systick.o
      1460        262       3291         10          0       3563   test.o
       292        106          0          0          0        870   vacuumg.o
      3194        218          0         44       4096      25483   w5500.o

    ----------------------------------------------------------------------
     17628       2208       9440        144       5148     415164   Object Totals
         0          0         32          0          0          0   (incl. Generated)
        32          0          1          0          2          0   (incl. Padding)

    ----------------------------------------------------------------------

      Code (inc. data)   RO Data    RW Data    ZI Data      Debug   Library Member Name

         0          0          0          0          0          0   entry.o
         0          0          0          0          0          0   entry10a.o
         0          0          0          0          0          0   entry11a.o
         8          4          0          0          0          0   entry2.o
         4          0          0          0          0          0   entry5.o
         0          0          0          0          0          0   entry7b.o
         0          0          0          0          0          0   entry8b.o
         8          4          0          0          0          0   entry9a.o
        30          0          0          0          0          0   handlers.o
        36          8          0          0          0         68   init.o
         0          0          0          0          0          0   iusefp.o
        30          0          0          0          0         68   llshl.o
        36          0          0          0          0         68   llsshr.o
        32          0          0          0          0         68   llushr.o
        36          0          0          0          0         68   memcpya.o
      2276         96          0          0          0        596   printfa.o
         0          0          0          4          0          0   stdout.o
        44          0          0          0          0         80   uidiv.o
        98          0          0          0          0         92   uldiv.o
        48          0          0          0          0         68   cdrcmple.o
        56          0          0          0          0         88   d2f.o
       334          0          0          0          0        148   dadd.o
       222          0          0          0          0        100   ddiv.o
       186          0          0          0          0        176   depilogue.o
        48          0          0          0          0         68   dfixul.o
       228          0          0          0          0         96   dmul.o
        38          0          0          0          0         68   f2d.o
       176          0          0          0          0        140   fadd.o
       124          0          0          0          0         88   fdiv.o
       110          0          0          0          0        168   fepilogue.o
        40          0          0          0          0         68   ffixui.o
        10          0          0          0          0         68   ffltui.o
       100          0          0          0          0         76   fmul.o

    ----------------------------------------------------------------------
      4360        112          0          4          0       2528   Library Totals
         2          0          0          0          0          0   (incl. Padding)

    ----------------------------------------------------------------------

      Code (inc. data)   RO Data    RW Data    ZI Data      Debug   Library Name

      2638        112          0          4          0       1108   mc_w.l
      1720          0          0          0          0       1420   mf_w.l

    ----------------------------------------------------------------------
      4360        112          0          4          0       2528   Library Totals

    ----------------------------------------------------------------------

==============================================================================


      Code (inc. data)   RO Data    RW Data    ZI Data      Debug   

     21988       2320       9440        148       5148     407964   Grand Totals
     21988       2320       9440        148       5148     407964   ELF Image Totals
     21988       2320       9440        148          0          0   ROM Totals

==============================================================================

    Total RO  Size (Code + RO Data)                31428 (  30.69kB)
    Total RW  Size (RW Data + ZI Data)              5296 (   5.17kB)
    Total ROM Size (Code + RO Data + RW Data)      31576 (  30.84kB)

==============================================================================

