<html>
<body>
<pre>
<h1>µVision Build Log</h1>
<h2>Tool Versions:</h2>
IDE-Version: ¦ÌVision V5.14.1
Copyright (C) 2015 ARM Ltd and ARM Germany GmbH. All rights reserved.
License Information: Cortex-M3, 1, LIC=FQQ63-AWIZ4-9WU2E-5N7WR-WTZ5K-TS3BQ
 
Tool Versions:
Toolchain:       MDK-ARM Professional  Version: 5.14.0.0
Toolchain Path:  D:\Program Files\Keil5\ARM\ARMCC\Bin
C Compiler:      Armcc.exe V5.05 update 1 (build 106)
Assembler:       Armasm.exe V5.05 update 1 (build 106)
Linker/Locator:  ArmLink.exe V5.05 update 1 (build 106)
Library Manager: ArmAr.exe V5.05 update 1 (build 106)
Hex Converter:   FromElf.exe V5.05 update 1 (build 106)
CPU DLL:         SARMCM3.DLL V5.14.0.0
Dialog DLL:      DARMSTM.DLL V1.65.0.0
Target DLL:      Segger\JL2CM3.dll V2.99.13.0
Dialog DLL:      TARMSTM.DLL V1.64.0.0
 
<h2>Project:</h2>
E:\MasterWork\Master1\pcb\keilcode\Codesum\_2DAC_ADC_printf_LCD_w5500\current-project\ProjectTemp\Template.uvprojx
Project File Date:  03/21/2019

<h2>Output:</h2>
*** Using Compiler 'V5.05 update 1 (build 106)', folder: 'D:\Program Files\Keil5\ARM\ARMCC\Bin'
Build target 'Target 1'
compiling VacuumG.c...
APP\VacuumGauge\VacuumG.c(33): warning:  #177-D: variable "time_now" was declared but never referenced
        float time_now=0;
APP\VacuumGauge\VacuumG.c(34): warning:  #177-D: variable "time_last" was declared but never referenced
        float static time_last=0;
APP\VacuumGauge\VacuumG.c: 2 warnings, 0 errors
linking...
Program Size: Code=20992 RO-data=6148 RW-data=148 ZI-data=5140  
FromELF: creating hex file...
".\output\¹¤³ÌÄ£°å.axf" - 0 Error(s), 2 Warning(s).

<h2>Collection of Component include folders:</h2>
  E:\MasterWork\Master1\pcb\keilcode\Codesum\_2DAC_ADC_printf_LCD_w5500\current-project\ProjectTemp\RTE
  D:\Program Files\Keil5\Keil\STM32F1xx_DFP\1.0.5\Device\Include

<h2>Collection of Component Files used:</h2>
</pre>
</body>
</html>
