Component: ARM Compiler 5.05 update 1 (build 106) Tool: armlink [4d0efa]

==============================================================================

Section Cross References

    main.o(i.Cavity_Pressure_SendBack) refers to adc.o(i.AD_Conversion) for AD_Conversion
    main.o(i.Cavity_Pressure_SendBack) refers to dataprocess.o(i.ADVoltage_2_Flow1479A) for ADVoltage_2_Flow1479A
    main.o(i.Cavity_Pressure_SendBack) refers to dataprocess.o(i.GetCRC16) for GetCRC16
    main.o(i.Cavity_Pressure_SendBack) refers to w5500.o(i.Write_SOCK_Data_Buffer) for Write_SOCK_Data_Buffer
    main.o(i.Cavity_Pressure_SendBack) refers to w5500.o(.bss) for Tx_Buffer
    main.o(i.Process_Package_Receive) refers to w5500.o(i.Read_SOCK_Data_Buffer) for Read_SOCK_Data_Buffer
    main.o(i.Process_Package_Receive) refers to printfa.o(i.__0printf) for __2printf
    main.o(i.Process_Package_Receive) refers to dataprocess.o(i.CheckCRC16) for CheckCRC16
    main.o(i.Process_Package_Receive) refers to main.o(i.Process_Socket_Data) for Process_Socket_Data
    main.o(i.Process_Package_Receive) refers to w5500.o(.bss) for Rx_Buffer
    main.o(i.Process_Package_Receive) refers to main.o(.data) for Error_Communicate
    main.o(i.Process_Socket_Data) refers to adc.o(i.AD_Conversion_1479A_DMA) for AD_Conversion_1479A_DMA
    main.o(i.Process_Socket_Data) refers to fflti.o(.text) for __aeabi_i2f
    main.o(i.Process_Socket_Data) refers to dataprocess.o(i.ADVoltage_2_Flow1479A) for ADVoltage_2_Flow1479A
    main.o(i.Process_Socket_Data) refers to dataprocess.o(i.GetCRC16) for GetCRC16
    main.o(i.Process_Socket_Data) refers to w5500.o(i.Write_SOCK_Data_Buffer) for Write_SOCK_Data_Buffer
    main.o(i.Process_Socket_Data) refers to adc.o(i.AD_Conversion_627D_DMA) for AD_Conversion_627D_DMA
    main.o(i.Process_Socket_Data) refers to dataprocess.o(i.ADVoltage_2_Pressure627D) for ADVoltage_2_Pressure627D
    main.o(i.Process_Socket_Data) refers to f2d.o(.text) for __aeabi_f2d
    main.o(i.Process_Socket_Data) refers to printfa.o(i.__0printf) for __2printf
    main.o(i.Process_Socket_Data) refers to adc.o(i.AD_Conversion_025D_DMA) for AD_Conversion_025D_DMA
    main.o(i.Process_Socket_Data) refers to dataprocess.o(i.ADVoltage_2_Pressure025D) for ADVoltage_2_Pressure025D
    main.o(i.Process_Socket_Data) refers to iostate.o(i.Gas_State_Read) for Gas_State_Read
    main.o(i.Process_Socket_Data) refers to w5500.o(.bss) for Rx_Buffer
    main.o(i.Process_Socket_Data) refers to main.o(.data) for Pressure_Okay
    main.o(i.Process_Socket_Data) refers to cfrcmple.o(.text) for __aeabi_cfrcmple
    main.o(i.Process_Socket_Data) refers to cfcmple.o(.text) for __aeabi_cfcmple
    main.o(i.Status_LCD_Update) refers to iostate.o(i.Gas_State_Read) for Gas_State_Read
    main.o(i.Status_LCD_Update) refers to iostate.o(i.Gas_State_Read_LCD) for Gas_State_Read_LCD
    main.o(i.Status_LCD_Update) refers to test.o(i.Gas_StateLayerUpdate) for Gas_StateLayerUpdate
    main.o(i.Status_LCD_Update) refers to ffixi.o(.text) for __aeabi_f2iz
    main.o(i.Status_LCD_Update) refers to adc.o(i.AD_Conversion_1479A) for AD_Conversion_1479A
    main.o(i.Status_LCD_Update) refers to adc.o(i.AD_Conversion_627D) for AD_Conversion_627D
    main.o(i.Status_LCD_Update) refers to adc.o(i.AD_Conversion_025D) for AD_Conversion_025D
    main.o(i.Status_LCD_Update) refers to dataprocess.o(i.ADVoltage_2_Flow1479A) for ADVoltage_2_Flow1479A
    main.o(i.Status_LCD_Update) refers to dataprocess.o(i.ADVoltage_2_Pressure627D) for ADVoltage_2_Pressure627D
    main.o(i.Status_LCD_Update) refers to dataprocess.o(i.ADVoltage_2_Pressure025D) for ADVoltage_2_Pressure025D
    main.o(i.Status_LCD_Update) refers to test.o(i.ADC_LCD_Out) for ADC_LCD_Out
    main.o(i.Status_LCD_Update) refers to main.o(.data) for Package_AD_SamplingTimes
    main.o(i.Status_Register_Update) refers to iostate.o(i.Gas_State_Read) for Gas_State_Read
    main.o(i.Status_Register_Update) refers to ffixi.o(.text) for __aeabi_f2iz
    main.o(i.Status_Register_Update) refers to adc.o(i.AD_Conversion_1479A) for AD_Conversion_1479A
    main.o(i.Status_Register_Update) refers to adc.o(i.AD_Conversion_627D) for AD_Conversion_627D
    main.o(i.Status_Register_Update) refers to adc.o(i.AD_Conversion_025D) for AD_Conversion_025D
    main.o(i.Status_Register_Update) refers to dataprocess.o(i.ADVoltage_2_Flow1479A) for ADVoltage_2_Flow1479A
    main.o(i.Status_Register_Update) refers to dataprocess.o(i.ADVoltage_2_Pressure627D) for ADVoltage_2_Pressure627D
    main.o(i.Status_Register_Update) refers to dataprocess.o(i.ADVoltage_2_Pressure025D) for ADVoltage_2_Pressure025D
    main.o(i.Status_Register_Update) refers to main.o(.data) for Package_AD_SamplingTimes
    main.o(i.Status_Register_Update_DMA) refers to fflti.o(.text) for __aeabi_i2f
    main.o(i.Status_Register_Update_DMA) refers to fdiv.o(.text) for __aeabi_fdiv
    main.o(i.Status_Register_Update_DMA) refers to f2d.o(.text) for __aeabi_f2d
[...]
    i.Process_Socket_Data                    0x08002ffc   Section        0  main.o(i.Process_Socket_Data)
    i.RCC_ADCCLKConfig                       0x080040a8   Section        0  stm32f10x_rcc.o(i.RCC_ADCCLKConfig)
    i.RCC_AHBPeriphClockCmd                  0x080040c0   Section        0  stm32f10x_rcc.o(i.RCC_AHBPeriphClockCmd)
    i.RCC_APB1PeriphClockCmd                 0x080040e0   Section        0  stm32f10x_rcc.o(i.RCC_APB1PeriphClockCmd)
    i.RCC_APB2PeriphClockCmd                 0x08004100   Section        0  stm32f10x_rcc.o(i.RCC_APB2PeriphClockCmd)
    i.RCC_APB2PeriphResetCmd                 0x08004120   Section        0  stm32f10x_rcc.o(i.RCC_APB2PeriphResetCmd)
    i.RCC_ClockSecuritySystemCmd             0x08004140   Section        0  stm32f10x_rcc.o(i.RCC_ClockSecuritySystemCmd)
    i.RCC_Configuration                      0x0800414c   Section        0  w5500.o(i.RCC_Configuration)
    i.RCC_DeInit                             0x080041c8   Section        0  stm32f10x_rcc.o(i.RCC_DeInit)
    i.RCC_GetClocksFreq                      0x08004214   Section        0  stm32f10x_rcc.o(i.RCC_GetClocksFreq)
    i.RCC_GetFlagStatus                      0x080042e8   Section        0  stm32f10x_rcc.o(i.RCC_GetFlagStatus)
    i.RCC_GetSYSCLKSource                    0x08004324   Section        0  stm32f10x_rcc.o(i.RCC_GetSYSCLKSource)
    i.RCC_HCLKConfig                         0x08004334   Section        0  stm32f10x_rcc.o(i.RCC_HCLKConfig)
    i.RCC_HSEConfig                          0x0800434c   Section        0  stm32f10x_rcc.o(i.RCC_HSEConfig)
    i.RCC_PCLK1Config                        0x08004398   Section        0  stm32f10x_rcc.o(i.RCC_PCLK1Config)
    i.RCC_PCLK2Config                        0x080043b0   Section        0  stm32f10x_rcc.o(i.RCC_PCLK2Config)
    i.RCC_PLLCmd                             0x080043c8   Section        0  stm32f10x_rcc.o(i.RCC_PLLCmd)
    i.RCC_PLLConfig                          0x080043d4   Section        0  stm32f10x_rcc.o(i.RCC_PLLConfig)
    i.RCC_SYSCLKConfig                       0x080043f0   Section        0  stm32f10x_rcc.o(i.RCC_SYSCLKConfig)
    i.RCC_WaitForHSEStartUp                  0x08004408   Section        0  stm32f10x_rcc.o(i.RCC_WaitForHSEStartUp)
    i.Read_SOCK_Data_Buffer                  0x08004440   Section        0  w5500.o(i.Read_SOCK_Data_Buffer)
    i.Read_W5500_1Byte                       0x08004570   Section        0  w5500.o(i.Read_W5500_1Byte)
    i.Read_W5500_SOCK_1Byte                  0x080045b8   Section        0  w5500.o(i.Read_W5500_SOCK_1Byte)
    i.Read_W5500_SOCK_2Byte                  0x0800460c   Section        0  w5500.o(i.Read_W5500_SOCK_2Byte)
    i.SPI2_Init                              0x08004678   Section        0  spi.o(i.SPI2_Init)
    i.SPI3_Send_Byte                         0x08004714   Section        0  w5500.o(i.SPI3_Send_Byte)
    i.SPI3_Send_Short                        0x08004734   Section        0  w5500.o(i.SPI3_Send_Short)
    i.SPI_Cmd                                0x08004750   Section        0  stm32f10x_spi.o(i.SPI_Cmd)
    i.SPI_Configuration                      0x08004768   Section        0  w5500.o(i.SPI_Configuration)
    i.SPI_I2S_GetFlagStatus                  0x0800483c   Section        0  stm32f10x_spi.o(i.SPI_I2S_GetFlagStatus)
    i.SPI_I2S_ReceiveData                    0x0800484e   Section        0  stm32f10x_spi.o(i.SPI_I2S_ReceiveData)
    i.SPI_I2S_SendData                       0x08004854   Section        0  stm32f10x_spi.o(i.SPI_I2S_SendData)
    i.SPI_Init                               0x08004858   Section        0  stm32f10x_spi.o(i.SPI_Init)
    i.SPI_WriteByte                          0x08004894   Section        0  spi.o(i.SPI_WriteByte)
    i.SVC_Handler                            0x080048b6   Section        0  stm32f10x_it.o(i.SVC_Handler)
    i.SetSysClock                            0x080048b8   Section        0  system_stm32f10x.o(i.SetSysClock)
    SetSysClock                              0x080048b9   Thumb Code     8  system_stm32f10x.o(i.SetSysClock)
    i.SetSysClockTo72                        0x080048c0   Section        0  system_stm32f10x.o(i.SetSysClockTo72)
    SetSysClockTo72                          0x080048c1   Thumb Code   214  system_stm32f10x.o(i.SetSysClockTo72)
    i.Show_Str                               0x080049a0   Section        0  gui.o(i.Show_Str)
    i.Socket_Connect                         0x08004aac   Section        0  w5500.o(i.Socket_Connect)
    i.Socket_Init                            0x08004af4   Section        0  w5500.o(i.Socket_Init)
    i.Socket_Listen                          0x08004b44   Section        0  w5500.o(i.Socket_Listen)
    i.Socket_UDP                             0x08004baa   Section        0  w5500.o(i.Socket_UDP)
    i.Status_LCD_Update                      0x08004be8   Section        0  main.o(i.Status_LCD_Update)
    i.Status_Register_Update_DMA             0x08004c84   Section        0  main.o(i.Status_Register_Update_DMA)
    i.SysTick_CLKSourceConfig                0x08004d20   Section        0  misc.o(i.SysTick_CLKSourceConfig)
    i.SysTick_Handler                        0x08004d48   Section        0  stm32f10x_it.o(i.SysTick_Handler)
    i.SystemInit                             0x08004d4c   Section        0  system_stm32f10x.o(i.SystemInit)
    i.System_Initialization                  0x08004dac   Section        0  w5500.o(i.System_Initialization)
    i.TIM2_IRQHandler                        0x08004dc4   Section        0  w5500.o(i.TIM2_IRQHandler)
    i.TIM3_IRQHandler                        0x08004df8   Section        0  stm32f10x_it.o(i.TIM3_IRQHandler)
    i.TIM_ClearITPendingBit                  0x08004e08   Section        0  stm32f10x_tim.o(i.TIM_ClearITPendingBit)
    i.TIM_Cmd                                0x08004e0e   Section        0  stm32f10x_tim.o(i.TIM_Cmd)
    i.TIM_GetITStatus                        0x08004e26   Section        0  stm32f10x_tim.o(i.TIM_GetITStatus)
    i.TIM_ITConfig                           0x08004e48   Section        0  stm32f10x_tim.o(i.TIM_ITConfig)
    i.TIM_OC2Init                            0x08004e5c   Section        0  stm32f10x_tim.o(i.TIM_OC2Init)
    i.TIM_OC2PreloadConfig                   0x08004f00   Section        0  stm32f10x_tim.o(i.TIM_OC2PreloadConfig)
    i.TIM_SetCompare2                        0x08004f1a   Section        0  stm32f10x_tim.o(i.TIM_SetCompare2)
    i.TIM_TimeBaseInit                       0x08004f20   Section        0  stm32f10x_tim.o(i.TIM_TimeBaseInit)
    i.Timer2_Init_Config                     0x08004fc4   Section        0  w5500.o(i.Timer2_Init_Config)
    i.Timing_Signal_Check                    0x08005004   Section        0  exti.o(i.Timing_Signal_Check)
    i.Timing_Signal_init                     0x08005050   Section        0  exti.o(i.Timing_Signal_init)
    i.USART1_IRQHandler                      0x08005080   Section        0  stm32f10x_it.o(i.USART1_IRQHandler)
    i.USART2_IRQHandler                      0x080050c4   Section        0  stm32f10x_it.o(i.USART2_IRQHandler)
    i.USART_ClearFlag                        0x08005128   Section        0  stm32f10x_usart.o(i.USART_ClearFlag)
    i.USART_Cmd                              0x0800513a   Section        0  stm32f10x_usart.o(i.USART_Cmd)
    i.USART_GetFlagStatus                    0x08005152   Section        0  stm32f10x_usart.o(i.USART_GetFlagStatus)
    i.USART_GetITStatus                      0x0800516c   Section        0  stm32f10x_usart.o(i.USART_GetITStatus)
    i.USART_ITConfig                         0x080051c0   Section        0  stm32f10x_usart.o(i.USART_ITConfig)
    i.USART_Init                             0x0800520c   Section        0  stm32f10x_usart.o(i.USART_Init)
    i.USART_ReceiveData                      0x080052e4   Section        0  stm32f10x_usart.o(i.USART_ReceiveData)
    i.USART_SendData                         0x080052ee   Section        0  stm32f10x_usart.o(i.USART_SendData)
    i.UsageFault_Handler                     0x080052f6   Section        0  stm32f10x_it.o(i.UsageFault_Handler)
    i.VacuumValue_PID                        0x080052fc   Section        0  vacuumg.o(i.VacuumValue_PID)
    i.ValveStateChange                       0x0800540c   Section        0  iostate.o(i.ValveStateChange)
    i.ValveState_Init                        0x080055e4   Section        0  iostate.o(i.ValveState_Init)
    i.W5500_GPIO_Configuration               0x0800564c   Section        0  w5500.o(i.W5500_GPIO_Configuration)
    i.W5500_Hardware_Reset                   0x080056bc   Section        0  w5500.o(i.W5500_Hardware_Reset)
    i.W5500_Init                             0x080056f4   Section        0  w5500.o(i.W5500_Init)
    i.W5500_Initialization                   0x0800578c   Section        0  w5500.o(i.W5500_Initialization)
    i.W5500_Interrupt_Process                0x080057a0   Section        0  w5500.o(i.W5500_Interrupt_Process)
    i.W5500_NVIC_Configuration               0x08005860   Section        0  w5500.o(i.W5500_NVIC_Configuration)
    i.W5500_Socket_Set                       0x08005880   Section        0  w5500.o(i.W5500_Socket_Set)
    i.Write_SOCK_Data_Buffer                 0x080058ec   Section        0  w5500.o(i.Write_SOCK_Data_Buffer)
    i.Write_W5500_1Byte                      0x08005a00   Section        0  w5500.o(i.Write_W5500_1Byte)
    i.Write_W5500_2Byte                      0x08005a34   Section        0  w5500.o(i.Write_W5500_2Byte)
    i.Write_W5500_SOCK_1Byte                 0x08005a68   Section        0  w5500.o(i.Write_W5500_SOCK_1Byte)
    i.Write_W5500_SOCK_2Byte                 0x08005aa8   Section        0  w5500.o(i.Write_W5500_SOCK_2Byte)
    i.Write_W5500_SOCK_4Byte                 0x08005ae8   Section        0  w5500.o(i.Write_W5500_SOCK_4Byte)
    i.Write_W5500_nByte                      0x08005b40   Section        0  w5500.o(i.Write_W5500_nByte)
    i.__0printf                              0x08005b88   Section        0  printfa.o(i.__0printf)
    i.__0sprintf                             0x08005ba8   Section        0  printfa.o(i.__0sprintf)
    i.__scatterload_copy                     0x08005bd0   Section       14  handlers.o(i.__scatterload_copy)
    i.__scatterload_null                     0x08005bde   Section        2  handlers.o(i.__scatterload_null)
    i.__scatterload_zeroinit                 0x08005be0   Section       14  handlers.o(i.__scatterload_zeroinit)
    i._draw_circle_8                         0x08005bee   Section        0  gui.o(i._draw_circle_8)
    i._fp_digits                             0x08005c74   Section        0  printfa.o(i._fp_digits)
    _fp_digits                               0x08005c75   Thumb Code   334  printfa.o(i._fp_digits)
    i._printf_core                           0x08005dd8   Section        0  printfa.o(i._printf_core)
    _printf_core                             0x08005dd9   Thumb Code  1744  printfa.o(i._printf_core)
    i._printf_post_padding                   0x080064b4   Section        0  printfa.o(i._printf_post_padding)
    _printf_post_padding                     0x080064b5   Thumb Code    36  printfa.o(i._printf_post_padding)
    i._printf_pre_padding                    0x080064d8   Section        0  printfa.o(i._printf_pre_padding)
    _printf_pre_padding                      0x080064d9   Thumb Code    46  printfa.o(i._printf_pre_padding)
    i._sputc                                 0x08006506   Section        0  printfa.o(i._sputc)
    _sputc                                   0x08006507   Thumb Code    10  printfa.o(i._sputc)
    i.adc10_init                             0x08006510   Section        0  adc.o(i.adc10_init)
    i.adc11_init                             0x080065b0   Section        0  adc.o(i.adc11_init)
    i.adc12_init                             0x08006650   Section        0  adc.o(i.adc12_init)
    i.delay_init                             0x080066f0   Section        0  systick.o(i.delay_init)
    i.delay_ms                               0x0800672c   Section        0  systick.o(i.delay_ms)
    i.delay_us                               0x08006764   Section        0  systick.o(i.delay_us)
    i.dma_test                               0x0800679c   Section        0  adc.o(i.dma_test)
    i.fputc                                  0x080068c8   Section        0  printf.o(i.fputc)
    i.gui_circle                             0x080068ec   Section        0  gui.o(i.gui_circle)
    i.iwdg_init                              0x08006986   Section        0  iwdg.o(i.iwdg_init)
    i.main                                   0x080069a8   Section        0  main.o(i.main)
    i.printf_init                            0x080072a0   Section        0  printf.o(i.printf_init)
    i.pwm_enable                             0x08007354   Section        0  pwm.o(i.pwm_enable)
    i.pwm_init                               0x08007364   Section        0  pwm.o(i.pwm_init)
    .constdata                               0x080073f4   Section     5806  gui.o(.constdata)
    .constdata                               0x08008aa4   Section     3236  test.o(.constdata)
    .conststring                             0x08009748   Section       55  test.o(.conststring)
    .data                                    0x20000000   Section      204  main.o(.data)
    .data                                    0x200000cc   Section        2  stm32f10x_it.o(.data)
    k                                        0x200000cc   Data           1  stm32f10x_it.o(.data)
    k                                        0x200000cd   Data           1  stm32f10x_it.o(.data)
    .data                                    0x200000ce   Section       20  stm32f10x_rcc.o(.data)
    APBAHBPrescTable                         0x200000ce   Data          16  stm32f10x_rcc.o(.data)
    ADCPrescTable                            0x200000de   Data           4  stm32f10x_rcc.o(.data)
    .data                                    0x200000e2   Section        4  systick.o(.data)
    fac_us                                   0x200000e2   Data           1  systick.o(.data)
    fac_ms                                   0x200000e4   Data           2  systick.o(.data)
    .data                                    0x200000e6   Section        6  lcd.o(.data)
    .data                                    0x200000ec   Section       10  test.o(.data)
    .data                                    0x200000f6   Section        2  iostate.o(.data)
    GPIO_State_return                        0x200000f6   Data           2  iostate.o(.data)
    .data                                    0x200000f8   Section       44  w5500.o(.data)
    .data                                    0x20000124   Section       12  vacuumg.o(.data)
    error_I                                  0x20000124   Data           4  vacuumg.o(.data)
    error_last                               0x20000128   Data           4  vacuumg.o(.data)
    Input_last                               0x2000012c   Data           4  vacuumg.o(.data)
    .data                                    0x20000130   Section        4  stdout.o(.data)
    .bss                                     0x20000134   Section       60  adc.o(.bss)
    .bss                                     0x20000170   Section       14  lcd.o(.bss)
    .bss                                     0x2000017e   Section       16  iostate.o(.bss)
    GPIO_State                               0x2000017e   Data          16  iostate.o(.bss)
    .bss                                     0x2000018e   Section     4096  w5500.o(.bss)
    STACK                                    0x20001190   Section     1024  startup_stm32f10x_hd.o(STACK)

    Global Symbols

    Symbol Name                              Value     Ov Type        Size  Object(Section)

    BuildAttributes$$THM_ISAv4$P$D$K$B$S$PE$A:L22UL41UL21$X:L11$S22US41US21$IEEE1$IW$USESV6$~STKCKD$USESV7$~SHL$OTIME$ROPI$EBA8$MICROLIB$REQ8$PRES8$EABIv2 0x00000000   Number         0  anon$$obj.o ABSOLUTE
    __ARM_use_no_argv                        0x00000000   Number         0  main.o ABSOLUTE
    _printf_a                                0x00000000   Number         0  stubs.o ABSOLUTE
    _printf_c                                0x00000000   Number         0  stubs.o ABSOLUTE
    _printf_charcount                        0x00000000   Number         0  stubs.o ABSOLUTE
    _printf_d                                0x00000000   Number         0  stubs.o ABSOLUTE
    _printf_e                                0x00000000   Number         0  stubs.o ABSOLUTE
    _printf_f                                0x00000000   Number         0  stubs.o ABSOLUTE
    _printf_flags                            0x00000000   Number         0  stubs.o ABSOLUTE
    _printf_fp_dec                           0x00000000   Number         0  stubs.o ABSOLUTE
    _printf_fp_hex                           0x00000000   Number         0  stubs.o ABSOLUTE
    _printf_g                                0x00000000   Number         0  stubs.o ABSOLUTE
    _printf_i                                0x00000000   Number         0  stubs.o ABSOLUTE
    _printf_int_dec                          0x00000000   Number         0  stubs.o ABSOLUTE
    _printf_l                                0x00000000   Number         0  stubs.o ABSOLUTE
    _printf_lc                               0x00000000   Number         0  stubs.o ABSOLUTE
    _printf_ll                               0x00000000   Number         0  stubs.o ABSOLUTE
    _printf_lld                              0x00000000   Number         0  stubs.o ABSOLUTE
    _printf_lli                              0x00000000   Number         0  stubs.o ABSOLUTE
    _printf_llo                              0x00000000   Number         0  stubs.o ABSOLUTE
    _printf_llu                              0x00000000   Number         0  stubs.o ABSOLUTE
    _printf_llx                              0x00000000   Number         0  stubs.o ABSOLUTE
    _printf_longlong_dec                     0x00000000   Number         0  stubs.o ABSOLUTE
    _printf_longlong_hex                     0x00000000   Number         0  stubs.o ABSOLUTE
    _printf_longlong_oct                     0x00000000   Number         0  stubs.o ABSOLUTE
    _printf_ls                               0x00000000   Number         0  stubs.o ABSOLUTE
    _printf_mbtowc                           0x00000000   Number         0  stubs.o ABSOLUTE
    _printf_n                                0x00000000   Number         0  stubs.o ABSOLUTE
    _printf_o                                0x00000000   Number         0  stubs.o ABSOLUTE
    _printf_p                                0x00000000   Number         0  stubs.o ABSOLUTE
    _printf_percent                          0x00000000   Number         0  stubs.o ABSOLUTE
    _printf_pre_padding                      0x00000000   Number         0  stubs.o ABSOLUTE
    _printf_return_value                     0x00000000   Number         0  stubs.o ABSOLUTE
    _printf_s                                0x00000000   Number         0  stubs.o ABSOLUTE
    _printf_sizespec                         0x00000000   Number         0  stubs.o ABSOLUTE
    _printf_str                              0x00000000   Number         0  stubs.o ABSOLUTE
    _printf_truncate_signed                  0x00000000   Number         0  stubs.o ABSOLUTE
    _printf_truncate_unsigned                0x00000000   Number         0  stubs.o ABSOLUTE
    _printf_u                                0x00000000   Number         0  stubs.o ABSOLUTE
    _printf_wc                               0x00000000   Number         0  stubs.o ABSOLUTE
    _printf_wctomb                           0x00000000   Number         0  stubs.o ABSOLUTE
    _printf_widthprec                        0x00000000   Number         0  stubs.o ABSOLUTE
    _printf_x                                0x00000000   Number         0  stubs.o ABSOLUTE
    __cpp_initialize__aeabi_                  - Undefined Weak Reference
    __cxa_finalize                            - Undefined Weak Reference
    _clock_init                               - Undefined Weak Reference
    _microlib_exit                            - Undefined Weak Reference
    __Vectors_Size                           0x00000130   Number         0  startup_stm32f10x_hd.o ABSOLUTE
    __Vectors                                0x08000000   Data           4  startup_stm32f10x_hd.o(RESET)
    __Vectors_End                            0x08000130   Data           0  startup_stm32f10x_hd.o(RESET)
    __main                                   0x08000131   Thumb Code     0  entry.o(.ARM.Collect$$$$00000000)
    _main_stk                                0x08000131   Thumb Code     0  entry2.o(.ARM.Collect$$$$00000001)
    _main_scatterload                        0x08000135   Thumb Code     0  entry5.o(.ARM.Collect$$$$00000004)
    __main_after_scatterload                 0x08000139   Thumb Code     0  entry5.o(.ARM.Collect$$$$00000004)
    _main_clock                              0x08000139   Thumb Code     0  entry7b.o(.ARM.Collect$$$$00000008)
    _main_cpp_init                           0x08000139   Thumb Code     0  entry8b.o(.ARM.Collect$$$$0000000A)
    _main_init                               0x08000139   Thumb Code     0  entry9a.o(.ARM.Collect$$$$0000000B)
    __rt_final_cpp                           0x08000141   Thumb Code     0  entry10a.o(.ARM.Collect$$$$0000000D)
    __rt_final_exit                          0x08000141   Thumb Code     0  entry11a.o(.ARM.Collect$$$$0000000F)
    Reset_Handler                            0x08000145   Thumb Code     8  startup_stm32f10x_hd.o(.text)
    ADC1_2_IRQHandler                        0x0800015f   Thumb Code     0  startup_stm32f10x_hd.o(.text)
    ADC3_IRQHandler                          0x0800015f   Thumb Code     0  startup_stm32f10x_hd.o(.text)
    CAN1_RX1_IRQHandler                      0x0800015f   Thumb Code     0  startup_stm32f10x_hd.o(.text)
    CAN1_SCE_IRQHandler                      0x0800015f   Thumb Code     0  startup_stm32f10x_hd.o(.text)
    DMA1_Channel1_IRQHandler                 0x0800015f   Thumb Code     0  startup_stm32f10x_hd.o(.text)
    DMA1_Channel2_IRQHandler                 0x0800015f   Thumb Code     0  startup_stm32f10x_hd.o(.text)
    DMA1_Channel3_IRQHandler                 0x0800015f   Thumb Code     0  startup_stm32f10x_hd.o(.text)
    DMA1_Channel4_IRQHandler                 0x0800015f   Thumb Code     0  startup_stm32f10x_hd.o(.text)
    DMA1_Channel5_IRQHandler                 0x0800015f   Thumb Code     0  startup_stm32f10x_hd.o(.text)
    DMA1_Channel6_IRQHandler                 0x0800015f   Thumb Code     0  startup_stm32f10x_hd.o(.text)
    DMA1_Channel7_IRQHandler                 0x0800015f   Thumb Code     0  startup_stm32f10x_hd.o(.text)
    DMA2_Channel1_IRQHandler                 0x0800015f   Thumb Code     0  startup_stm32f10x_hd.o(.text)
    DMA2_Channel2_IRQHandler                 0x0800015f   Thumb Code     0  startup_stm32f10x_hd.o(.text)
    DMA2_Channel3_IRQHandler                 0x0800015f   Thumb Code     0  startup_stm32f10x_hd.o(.text)
    DMA2_Channel4_5_IRQHandler               0x0800015f   Thumb Code     0  startup_stm32f10x_hd.o(.text)
    EXTI0_IRQHandler                         0x0800015f   Thumb Code     0  startup_stm32f10x_hd.o(.text)
    EXTI15_10_IRQHandler                     0x0800015f   Thumb Code     0  startup_stm32f10x_hd.o(.text)
    EXTI3_IRQHandler                         0x0800015f   Thumb Code     0  startup_stm32f10x_hd.o(.text)
    EXTI4_IRQHandler                         0x0800015f   Thumb Code     0  startup_stm32f10x_hd.o(.text)
    FLASH_IRQHandler                         0x0800015f   Thumb Code     0  startup_stm32f10x_hd.o(.text)
    FSMC_IRQHandler                          0x0800015f   Thumb Code     0  startup_stm32f10x_hd.o(.text)
    I2C1_ER_IRQHandler                       0x0800015f   Thumb Code     0  startup_stm32f10x_hd.o(.text)
    I2C1_EV_IRQHandler                       0x0800015f   Thumb Code     0  startup_stm32f10x_hd.o(.text)
    I2C2_ER_IRQHandler                       0x0800015f   Thumb Code     0  startup_stm32f10x_hd.o(.text)
    I2C2_EV_IRQHandler                       0x0800015f   Thumb Code     0  startup_stm32f10x_hd.o(.text)
    PVD_IRQHandler                           0x0800015f   Thumb Code     0  startup_stm32f10x_hd.o(.text)
    RCC_IRQHandler                           0x0800015f   Thumb Code     0  startup_stm32f10x_hd.o(.text)
    RTCAlarm_IRQHandler                      0x0800015f   Thumb Code     0  startup_stm32f10x_hd.o(.text)
    RTC_IRQHandler                           0x0800015f   Thumb Code     0  startup_stm32f10x_hd.o(.text)
    SDIO_IRQHandler                          0x0800015f   Thumb Code     0  startup_stm32f10x_hd.o(.text)
    SPI1_IRQHandler                          0x0800015f   Thumb Code     0  startup_stm32f10x_hd.o(.text)
    SPI2_IRQHandler                          0x0800015f   Thumb Code     0  startup_stm32f10x_hd.o(.text)
    SPI3_IRQHandler                          0x0800015f   Thumb Code     0  startup_stm32f10x_hd.o(.text)
    TAMPER_IRQHandler                        0x0800015f   Thumb Code     0  startup_stm32f10x_hd.o(.text)
    TIM1_BRK_IRQHandler                      0x0800015f   Thumb Code     0  startup_stm32f10x_hd.o(.text)
    TIM1_CC_IRQHandler                       0x0800015f   Thumb Code     0  startup_stm32f10x_hd.o(.text)
    TIM1_TRG_COM_IRQHandler                  0x0800015f   Thumb Code     0  startup_stm32f10x_hd.o(.text)
    TIM1_UP_IRQHandler                       0x0800015f   Thumb Code     0  startup_stm32f10x_hd.o(.text)
    TIM4_IRQHandler                          0x0800015f   Thumb Code     0  startup_stm32f10x_hd.o(.text)
    TIM5_IRQHandler                          0x0800015f   Thumb Code     0  startup_stm32f10x_hd.o(.text)
    TIM6_IRQHandler                          0x0800015f   Thumb Code     0  startup_stm32f10x_hd.o(.text)
    TIM7_IRQHandler                          0x0800015f   Thumb Code     0  startup_stm32f10x_hd.o(.text)
    TIM8_BRK_IRQHandler                      0x0800015f   Thumb Code     0  startup_stm32f10x_hd.o(.text)
    TIM8_CC_IRQHandler                       0x0800015f   Thumb Code     0  startup_stm32f10x_hd.o(.text)
    TIM8_TRG_COM_IRQHandler                  0x0800015f   Thumb Code     0  startup_stm32f10x_hd.o(.text)
    TIM8_UP_IRQHandler                       0x0800015f   Thumb Code     0  startup_stm32f10x_hd.o(.text)
    UART4_IRQHandler                         0x0800015f   Thumb Code     0  startup_stm32f10x_hd.o(.text)
    UART5_IRQHandler                         0x0800015f   Thumb Code     0  startup_stm32f10x_hd.o(.text)
    USART3_IRQHandler                        0x0800015f   Thumb Code     0  startup_stm32f10x_hd.o(.text)
    USBWakeUp_IRQHandler                     0x0800015f   Thumb Code     0  startup_stm32f10x_hd.o(.text)
    USB_HP_CAN1_TX_IRQHandler                0x0800015f   Thumb Code     0  startup_stm32f10x_hd.o(.text)
    USB_LP_CAN1_RX0_IRQHandler               0x0800015f   Thumb Code     0  startup_stm32f10x_hd.o(.text)
    WWDG_IRQHandler                          0x0800015f   Thumb Code     0  startup_stm32f10x_hd.o(.text)
    __aeabi_memcpy                           0x08000169   Thumb Code    36  memcpya.o(.text)
    __aeabi_memcpy4                          0x08000169   Thumb Code     0  memcpya.o(.text)
    __aeabi_memcpy8                          0x08000169   Thumb Code     0  memcpya.o(.text)
    __aeabi_fadd                             0x0800018d   Thumb Code   164  fadd.o(.text)
    __aeabi_fsub                             0x08000231   Thumb Code     6  fadd.o(.text)
    __aeabi_frsub                            0x08000237   Thumb Code     6  fadd.o(.text)
    __aeabi_fmul                             0x0800023d   Thumb Code   100  fmul.o(.text)
    __aeabi_fdiv                             0x080002a1   Thumb Code   124  fdiv.o(.text)
    __aeabi_dmul                             0x0800031d   Thumb Code   228  dmul.o(.text)
    __aeabi_ddiv                             0x08000401   Thumb Code   222  ddiv.o(.text)
    __aeabi_i2f                              0x080004df   Thumb Code    18  fflti.o(.text)
    __aeabi_ui2f                             0x080004f1   Thumb Code    10  ffltui.o(.text)
    __aeabi_f2iz                             0x080004fb   Thumb Code    50  ffixi.o(.text)
    __aeabi_f2uiz                            0x0800052d   Thumb Code    40  ffixui.o(.text)
    __aeabi_f2d                              0x08000555   Thumb Code    38  f2d.o(.text)
    __aeabi_cdcmpeq                          0x0800057d   Thumb Code     0  cdcmple.o(.text)
    __aeabi_cdcmple                          0x0800057d   Thumb Code    48  cdcmple.o(.text)
    __aeabi_cdrcmple                         0x080005ad   Thumb Code    48  cdrcmple.o(.text)
    __aeabi_d2f                              0x080005dd   Thumb Code    56  d2f.o(.text)
    __aeabi_cfcmpeq                          0x08000615   Thumb Code     0  cfcmple.o(.text)
    __aeabi_cfcmple                          0x08000615   Thumb Code    20  cfcmple.o(.text)
    __aeabi_cfrcmple                         0x08000629   Thumb Code    20  cfrcmple.o(.text)
    __aeabi_uidiv                            0x0800063d   Thumb Code     0  uidiv.o(.text)
    __aeabi_uidivmod                         0x0800063d   Thumb Code    44  uidiv.o(.text)
    __aeabi_uldivmod                         0x08000669   Thumb Code    98  uldiv.o(.text)
    __I$use$fp                               0x080006cb   Thumb Code     0  iusefp.o(.text)
    _float_round                             0x080006cb   Thumb Code    18  fepilogue.o(.text)
    _float_epilogue                          0x080006dd   Thumb Code    92  fepilogue.o(.text)
    _double_round                            0x08000739   Thumb Code    30  depilogue.o(.text)
    _double_epilogue                         0x08000757   Thumb Code   156  depilogue.o(.text)
    __aeabi_dadd                             0x080007f3   Thumb Code   322  dadd.o(.text)
    __aeabi_dsub                             0x08000935   Thumb Code     6  dadd.o(.text)
    __aeabi_drsub                            0x0800093b   Thumb Code     6  dadd.o(.text)
    __aeabi_d2ulz                            0x08000941   Thumb Code    48  dfixul.o(.text)
    __scatterload                            0x08000971   Thumb Code    28  init.o(.text)
    __scatterload_rt2                        0x08000971   Thumb Code     0  init.o(.text)
    __aeabi_llsl                             0x08000995   Thumb Code    30  llshl.o(.text)
    _ll_shift_l                              0x08000995   Thumb Code     0  llshl.o(.text)
    __aeabi_llsr                             0x080009b3   Thumb Code    32  llushr.o(.text)
    _ll_ushift_r                             0x080009b3   Thumb Code     0  llushr.o(.text)
    __aeabi_lasr                             0x080009d3   Thumb Code    36  llsshr.o(.text)
    _ll_sshift_r                             0x080009d3   Thumb Code     0  llsshr.o(.text)
    __decompress                             0x080009f7   Thumb Code     0  __dczerorl2.o(.text)
    __decompress1                            0x080009f7   Thumb Code    86  __dczerorl2.o(.text)
    ADC_Cmd                                  0x08000a4d   Thumb Code    22  stm32f10x_adc.o(i.ADC_Cmd)
    ADC_DMACmd                               0x08000a63   Thumb Code    22  stm32f10x_adc.o(i.ADC_DMACmd)
    ADC_DeInit                               0x08000a79   Thumb Code    78  stm32f10x_adc.o(i.ADC_DeInit)
    ADC_GetCalibrationStatus                 0x08000ad5   Thumb Code    20  stm32f10x_adc.o(i.ADC_GetCalibrationStatus)
    ADC_GetConversionValue                   0x08000ae9   Thumb Code     8  stm32f10x_adc.o(i.ADC_GetConversionValue)
    ADC_GetFlagStatus                        0x08000af1   Thumb Code    18  stm32f10x_adc.o(i.ADC_GetFlagStatus)
    ADC_GetResetCalibrationStatus            0x08000b03   Thumb Code    20  stm32f10x_adc.o(i.ADC_GetResetCalibrationStatus)
    ADC_Init                                 0x08000b19   Thumb Code    70  stm32f10x_adc.o(i.ADC_Init)
    ADC_LCD_Out                              0x08000b69   Thumb Code   170  test.o(i.ADC_LCD_Out)
    ADC_RegularChannelConfig                 0x08000c21   Thumb Code   184  stm32f10x_adc.o(i.ADC_RegularChannelConfig)
    ADC_ResetCalibration                     0x08000cd9   Thumb Code    10  stm32f10x_adc.o(i.ADC_ResetCalibration)
    ADC_SoftwareStartConvCmd                 0x08000ce3   Thumb Code    22  stm32f10x_adc.o(i.ADC_SoftwareStartConvCmd)
    ADC_StartCalibration                     0x08000cf9   Thumb Code    10  stm32f10x_adc.o(i.ADC_StartCalibration)
    ADVoltage_2_Flow1479A                    0x08000d03   Thumb Code     2  dataprocess.o(i.ADVoltage_2_Flow1479A)
    ADVoltage_2_Pressure025D                 0x08000d05   Thumb Code    48  dataprocess.o(i.ADVoltage_2_Pressure025D)
    ADVoltage_2_Pressure627D                 0x08000d3d   Thumb Code    48  dataprocess.o(i.ADVoltage_2_Pressure627D)
    AD_Conversion_025D                       0x08000d75   Thumb Code    64  adc.o(i.AD_Conversion_025D)
    AD_Conversion_025D_DMA                   0x08000dbd   Thumb Code    86  adc.o(i.AD_Conversion_025D_DMA)
    AD_Conversion_1479A                      0x08000e21   Thumb Code    64  adc.o(i.AD_Conversion_1479A)
    AD_Conversion_1479A_DMA                  0x08000e69   Thumb Code    86  adc.o(i.AD_Conversion_1479A_DMA)
    AD_Conversion_627D                       0x08000ecd   Thumb Code    64  adc.o(i.AD_Conversion_627D)
    AD_Conversion_627D_DMA                   0x08000f15   Thumb Code    86  adc.o(i.AD_Conversion_627D_DMA)
    BusFault_Handler                         0x08000f79   Thumb Code     4  stm32f10x_it.o(i.BusFault_Handler)
    CheckCRC16                               0x08000f7d   Thumb Code    78  dataprocess.o(i.CheckCRC16)
    DAC_SetChannel1Data                      0x08000fcd   Thumb Code    26  stm32f10x_dac.o(i.DAC_SetChannel1Data)
    DMA_Cmd                                  0x08000fed   Thumb Code    24  stm32f10x_dma.o(i.DMA_Cmd)
    DMA_DeInit                               0x08001005   Thumb Code   324  stm32f10x_dma.o(i.DMA_DeInit)
    DMA_Init                                 0x08001151   Thumb Code    60  stm32f10x_dma.o(i.DMA_Init)
    Dac1_Set_Vol                             0x0800118d   Thumb Code    80  dac.o(i.Dac1_Set_Vol)
    DebugMon_Handler                         0x080011e5   Thumb Code     2  stm32f10x_it.o(i.DebugMon_Handler)
    Delay                                    0x080011e9   Thumb Code    18  w5500.o(i.Delay)
    Detect_Gateway                           0x08001201   Thumb Code   204  w5500.o(i.Detect_Gateway)
    EXTI1_IRQHandler                         0x080012d9   Thumb Code    60  stm32f10x_it.o(i.EXTI1_IRQHandler)
    EXTI2_IRQHandler                         0x0800135d   Thumb Code    76  stm32f10x_it.o(i.EXTI2_IRQHandler)
    EXTI9_5_IRQHandler                       0x080013b1   Thumb Code    28  w5500.o(i.EXTI9_5_IRQHandler)
    EXTI_ClearITPendingBit                   0x080013d1   Thumb Code     6  stm32f10x_exti.o(i.EXTI_ClearITPendingBit)
    EXTI_GetITStatus                         0x080013dd   Thumb Code    34  stm32f10x_exti.o(i.EXTI_GetITStatus)
    EXTI_Init                                0x08001405   Thumb Code   142  stm32f10x_exti.o(i.EXTI_Init)
    FLASH_PrefetchBufferCmd                  0x08001499   Thumb Code    22  stm32f10x_flash.o(i.FLASH_PrefetchBufferCmd)
    FLASH_SetLatency                         0x080014b5   Thumb Code    18  stm32f10x_flash.o(i.FLASH_SetLatency)
    Flow1479A_2_ADVoltage                    0x080014cd   Thumb Code     2  dataprocess.o(i.Flow1479A_2_ADVoltage)
    Flow_1479A_Adjustment                    0x080014d1   Thumb Code    54  1479a.o(i.Flow_1479A_Adjustment)
    GPIO_EXTILineConfig                      0x0800150d   Thumb Code    60  stm32f10x_gpio.o(i.GPIO_EXTILineConfig)
    GPIO_Init                                0x0800154d   Thumb Code   278  stm32f10x_gpio.o(i.GPIO_Init)
    GPIO_PinRemapConfig                      0x08001665   Thumb Code   138  stm32f10x_gpio.o(i.GPIO_PinRemapConfig)
    GPIO_ReadInputDataBit                    0x080016f5   Thumb Code    18  stm32f10x_gpio.o(i.GPIO_ReadInputDataBit)
    GPIO_ReadOutputDataBit                   0x08001707   Thumb Code    18  stm32f10x_gpio.o(i.GPIO_ReadOutputDataBit)
    GPIO_ResetBits                           0x08001719   Thumb Code     4  stm32f10x_gpio.o(i.GPIO_ResetBits)
    GPIO_SetBits                             0x0800171d   Thumb Code     4  stm32f10x_gpio.o(i.GPIO_SetBits)
    GUI_DrawFont16                           0x08001721   Thumb Code   252  gui.o(i.GUI_DrawFont16)
    GUI_DrawFont24                           0x08001829   Thumb Code   268  gui.o(i.GUI_DrawFont24)
    GUI_DrawFont32                           0x08001941   Thumb Code   252  gui.o(i.GUI_DrawFont32)
    GUI_DrawPoint                            0x08001a49   Thumb Code    24  gui.o(i.GUI_DrawPoint)
    Gas_StateLayer                           0x08001a61   Thumb Code    70  test.o(i.Gas_StateLayer)
    Gas_StateLayerUpdate                     0x08001aad   Thumb Code   312  test.o(i.Gas_StateLayerUpdate)
    Gas_State_Read                           0x08001bf1   Thumb Code   404  iostate.o(i.Gas_State_Read)
    Gas_State_Read_LCD                       0x08001d95   Thumb Code   212  iostate.o(i.Gas_State_Read_LCD)
    GetCRC16                                 0x08001e79   Thumb Code    56  dataprocess.o(i.GetCRC16)
    Get_ADC_Value                            0x08001eb1   Thumb Code    80  adc.o(i.Get_ADC_Value)
    GridLayer                                0x08001f05   Thumb Code   822  test.o(i.GridLayer)
    HardFault_Handler                        0x0800233d   Thumb Code     4  stm32f10x_it.o(i.HardFault_Handler)
    IWDG_Enable                              0x08002341   Thumb Code    10  stm32f10x_iwdg.o(i.IWDG_Enable)
    IWDG_ReloadCounter                       0x08002351   Thumb Code    10  stm32f10x_iwdg.o(i.IWDG_ReloadCounter)
    IWDG_SetPrescaler                        0x08002361   Thumb Code     6  stm32f10x_iwdg.o(i.IWDG_SetPrescaler)
    IWDG_SetReload                           0x0800236d   Thumb Code     6  stm32f10x_iwdg.o(i.IWDG_SetReload)
    IWDG_WriteAccessCmd                      0x08002379   Thumb Code     6  stm32f10x_iwdg.o(i.IWDG_WriteAccessCmd)
    LCD_Clear                                0x08002385   Thumb Code    88  lcd.o(i.LCD_Clear)
    LCD_DrawLine                             0x080023e5   Thumb Code   176  gui.o(i.LCD_DrawLine)
    LCD_DrawPoint                            0x08002495   Thumb Code    24  lcd.o(i.LCD_DrawPoint)
    LCD_GPIOInit                             0x080024b1   Thumb Code    40  lcd.o(i.LCD_GPIOInit)
    LCD_Init                                 0x080024dd   Thumb Code   588  lcd.o(i.LCD_Init)
    LCD_RESET                                0x0800272d   Thumb Code    34  lcd.o(i.LCD_RESET)
    LCD_SetCursor                            0x08002755   Thumb Code    20  lcd.o(i.LCD_SetCursor)
    LCD_SetWindows                           0x08002769   Thumb Code    84  lcd.o(i.LCD_SetWindows)
    LCD_ShowChar                             0x080027c1   Thumb Code   276  gui.o(i.LCD_ShowChar)
    LCD_WR_DATA                              0x080028e5   Thumb Code    38  lcd.o(i.LCD_WR_DATA)
    LCD_WR_REG                               0x08002915   Thumb Code    36  lcd.o(i.LCD_WR_REG)
    LCD_WriteRAM_Prepare                     0x08002941   Thumb Code    12  lcd.o(i.LCD_WriteRAM_Prepare)
    LCD_WriteReg                             0x08002951   Thumb Code    20  lcd.o(i.LCD_WriteReg)
    LCD_direction                            0x08002965   Thumb Code   128  lcd.o(i.LCD_direction)
    LED_Init                                 0x080029e9   Thumb Code    76  led.o(i.LED_Init)
    Lcd_WriteData_16Bit                      0x08002a3d   Thumb Code    46  lcd.o(i.Lcd_WriteData_16Bit)
    Load_Net_Parameters                      0x08002a75   Thumb Code    94  w5500.o(i.Load_Net_Parameters)
    MemManage_Handler                        0x08002aed   Thumb Code     4  stm32f10x_it.o(i.MemManage_Handler)
    NMI_Handler                              0x08002af1   Thumb Code     2  stm32f10x_it.o(i.NMI_Handler)
    NVIC_Configuration                       0x08002af3   Thumb Code    54  w5500.o(i.NVIC_Configuration)
    NVIC_Init                                0x08002b29   Thumb Code   100  misc.o(i.NVIC_Init)
    NVIC_PriorityGroupConfig                 0x08002b99   Thumb Code    10  misc.o(i.NVIC_PriorityGroupConfig)
    NVIC_SetVectorTable                      0x08002bad   Thumb Code    12  misc.o(i.NVIC_SetVectorTable)
    PendSV_Handler                           0x08002bc1   Thumb Code     2  stm32f10x_it.o(i.PendSV_Handler)
    Pressure627D_2_ADVoltage                 0x08002bc5   Thumb Code    46  dataprocess.o(i.Pressure627D_2_ADVoltage)
    Process_Package_Receive                  0x08002bfd   Thumb Code   592  main.o(i.Process_Package_Receive)
    Process_Socket_Data                      0x08002ffd   Thumb Code  4268  main.o(i.Process_Socket_Data)
    RCC_ADCCLKConfig                         0x080040a9   Thumb Code    18  stm32f10x_rcc.o(i.RCC_ADCCLKConfig)
    RCC_AHBPeriphClockCmd                    0x080040c1   Thumb Code    26  stm32f10x_rcc.o(i.RCC_AHBPeriphClockCmd)
    RCC_APB1PeriphClockCmd                   0x080040e1   Thumb Code    26  stm32f10x_rcc.o(i.RCC_APB1PeriphClockCmd)
    RCC_APB2PeriphClockCmd                   0x08004101   Thumb Code    26  stm32f10x_rcc.o(i.RCC_APB2PeriphClockCmd)
    RCC_APB2PeriphResetCmd                   0x08004121   Thumb Code    26  stm32f10x_rcc.o(i.RCC_APB2PeriphResetCmd)
    RCC_ClockSecuritySystemCmd               0x08004141   Thumb Code     6  stm32f10x_rcc.o(i.RCC_ClockSecuritySystemCmd)
    RCC_Configuration                        0x0800414d   Thumb Code   122  w5500.o(i.RCC_Configuration)
    RCC_DeInit                               0x080041c9   Thumb Code    64  stm32f10x_rcc.o(i.RCC_DeInit)
    RCC_GetClocksFreq                        0x08004215   Thumb Code   192  stm32f10x_rcc.o(i.RCC_GetClocksFreq)
    RCC_GetFlagStatus                        0x080042e9   Thumb Code    56  stm32f10x_rcc.o(i.RCC_GetFlagStatus)
    RCC_GetSYSCLKSource                      0x08004325   Thumb Code    10  stm32f10x_rcc.o(i.RCC_GetSYSCLKSource)
    RCC_HCLKConfig                           0x08004335   Thumb Code    18  stm32f10x_rcc.o(i.RCC_HCLKConfig)
    RCC_HSEConfig                            0x0800434d   Thumb Code    70  stm32f10x_rcc.o(i.RCC_HSEConfig)
    RCC_PCLK1Config                          0x08004399   Thumb Code    18  stm32f10x_rcc.o(i.RCC_PCLK1Config)
    RCC_PCLK2Config                          0x080043b1   Thumb Code    20  stm32f10x_rcc.o(i.RCC_PCLK2Config)
    RCC_PLLCmd                               0x080043c9   Thumb Code     6  stm32f10x_rcc.o(i.RCC_PLLCmd)
    RCC_PLLConfig                            0x080043d5   Thumb Code    24  stm32f10x_rcc.o(i.RCC_PLLConfig)
    RCC_SYSCLKConfig                         0x080043f1   Thumb Code    18  stm32f10x_rcc.o(i.RCC_SYSCLKConfig)
    RCC_WaitForHSEStartUp                    0x08004409   Thumb Code    56  stm32f10x_rcc.o(i.RCC_WaitForHSEStartUp)
    Read_SOCK_Data_Buffer                    0x08004441   Thumb Code   296  w5500.o(i.Read_SOCK_Data_Buffer)
    Read_W5500_1Byte                         0x08004571   Thumb Code    62  w5500.o(i.Read_W5500_1Byte)
    Read_W5500_SOCK_1Byte                    0x080045b9   Thumb Code    74  w5500.o(i.Read_W5500_SOCK_1Byte)
    Read_W5500_SOCK_2Byte                    0x0800460d   Thumb Code    98  w5500.o(i.Read_W5500_SOCK_2Byte)
    SPI2_Init                                0x08004679   Thumb Code   148  spi.o(i.SPI2_Init)
    SPI3_Send_Byte                           0x08004715   Thumb Code    28  w5500.o(i.SPI3_Send_Byte)
    SPI3_Send_Short                          0x08004735   Thumb Code    28  w5500.o(i.SPI3_Send_Short)
    SPI_Cmd                                  0x08004751   Thumb Code    24  stm32f10x_spi.o(i.SPI_Cmd)
    SPI_Configuration                        0x08004769   Thumb Code   194  w5500.o(i.SPI_Configuration)
    SPI_I2S_GetFlagStatus                    0x0800483d   Thumb Code    18  stm32f10x_spi.o(i.SPI_I2S_GetFlagStatus)
    SPI_I2S_ReceiveData                      0x0800484f   Thumb Code     6  stm32f10x_spi.o(i.SPI_I2S_ReceiveData)
    SPI_I2S_SendData                         0x08004855   Thumb Code     4  stm32f10x_spi.o(i.SPI_I2S_SendData)
    SPI_Init                                 0x08004859   Thumb Code    60  stm32f10x_spi.o(i.SPI_Init)
    SPI_WriteByte                            0x08004895   Thumb Code    34  spi.o(i.SPI_WriteByte)
    SVC_Handler                              0x080048b7   Thumb Code     2  stm32f10x_it.o(i.SVC_Handler)
    Show_Str                                 0x080049a1   Thumb Code   264  gui.o(i.Show_Str)
    Socket_Connect                           0x08004aad   Thumb Code    70  w5500.o(i.Socket_Connect)
    Socket_Init                              0x08004af5   Thumb Code    74  w5500.o(i.Socket_Init)
    Socket_Listen                            0x08004b45   Thumb Code   102  w5500.o(i.Socket_Listen)
    Socket_UDP                               0x08004bab   Thumb Code    60  w5500.o(i.Socket_UDP)
    Status_LCD_Update                        0x08004be9   Thumb Code   128  main.o(i.Status_LCD_Update)
    Status_Register_Update_DMA               0x08004c85   Thumb Code   132  main.o(i.Status_Register_Update_DMA)
    SysTick_CLKSourceConfig                  0x08004d21   Thumb Code    40  misc.o(i.SysTick_CLKSourceConfig)
    SysTick_Handler                          0x08004d49   Thumb Code     2  stm32f10x_it.o(i.SysTick_Handler)
    SystemInit                               0x08004d4d   Thumb Code    78  system_stm32f10x.o(i.SystemInit)
    System_Initialization                    0x08004dad   Thumb Code    24  w5500.o(i.System_Initialization)
    TIM2_IRQHandler                          0x08004dc5   Thumb Code    44  w5500.o(i.TIM2_IRQHandler)
    TIM3_IRQHandler                          0x08004df9   Thumb Code    12  stm32f10x_it.o(i.TIM3_IRQHandler)
    TIM_ClearITPendingBit                    0x08004e09   Thumb Code     6  stm32f10x_tim.o(i.TIM_ClearITPendingBit)
    TIM_Cmd                                  0x08004e0f   Thumb Code    24  stm32f10x_tim.o(i.TIM_Cmd)
    TIM_GetITStatus                          0x08004e27   Thumb Code    34  stm32f10x_tim.o(i.TIM_GetITStatus)
    TIM_ITConfig                             0x08004e49   Thumb Code    18  stm32f10x_tim.o(i.TIM_ITConfig)
    TIM_OC2Init                              0x08004e5d   Thumb Code   154  stm32f10x_tim.o(i.TIM_OC2Init)
    TIM_OC2PreloadConfig                     0x08004f01   Thumb Code    26  stm32f10x_tim.o(i.TIM_OC2PreloadConfig)
    TIM_SetCompare2                          0x08004f1b   Thumb Code     4  stm32f10x_tim.o(i.TIM_SetCompare2)
    TIM_TimeBaseInit                         0x08004f21   Thumb Code   122  stm32f10x_tim.o(i.TIM_TimeBaseInit)
    Timer2_Init_Config                       0x08004fc5   Thumb Code    64  w5500.o(i.Timer2_Init_Config)
    Timing_Signal_Check                      0x08005005   Thumb Code    38  exti.o(i.Timing_Signal_Check)
    Timing_Signal_init                       0x08005051   Thumb Code    44  exti.o(i.Timing_Signal_init)
    USART1_IRQHandler                        0x08005081   Thumb Code    58  stm32f10x_it.o(i.USART1_IRQHandler)
    USART2_IRQHandler                        0x080050c5   Thumb Code    86  stm32f10x_it.o(i.USART2_IRQHandler)
    USART_ClearFlag                          0x08005129   Thumb Code    18  stm32f10x_usart.o(i.USART_ClearFlag)
    USART_Cmd                                0x0800513b   Thumb Code    24  stm32f10x_usart.o(i.USART_Cmd)
    USART_GetFlagStatus                      0x08005153   Thumb Code    26  stm32f10x_usart.o(i.USART_GetFlagStatus)
    USART_GetITStatus                        0x0800516d   Thumb Code    84  stm32f10x_usart.o(i.USART_GetITStatus)
    USART_ITConfig                           0x080051c1   Thumb Code    74  stm32f10x_usart.o(i.USART_ITConfig)
    USART_Init                               0x0800520d   Thumb Code   210  stm32f10x_usart.o(i.USART_Init)
    USART_ReceiveData                        0x080052e5   Thumb Code    10  stm32f10x_usart.o(i.USART_ReceiveData)
    USART_SendData                           0x080052ef   Thumb Code     8  stm32f10x_usart.o(i.USART_SendData)
    UsageFault_Handler                       0x080052f7   Thumb Code     4  stm32f10x_it.o(i.UsageFault_Handler)
    VacuumValue_PID                          0x080052fd   Thumb Code   206  vacuumg.o(i.VacuumValue_PID)
    ValveStateChange                         0x0800540d   Thumb Code   460  iostate.o(i.ValveStateChange)
    ValveState_Init                          0x080055e5   Thumb Code    92  iostate.o(i.ValveState_Init)
    W5500_GPIO_Configuration                 0x0800564d   Thumb Code   108  w5500.o(i.W5500_GPIO_Configuration)
    W5500_Hardware_Reset                     0x080056bd   Thumb Code    52  w5500.o(i.W5500_Hardware_Reset)
    W5500_Init                               0x080056f5   Thumb Code   136  w5500.o(i.W5500_Init)
    W5500_Initialization                     0x0800578d   Thumb Code    18  w5500.o(i.W5500_Initialization)
    W5500_Interrupt_Process                  0x080057a1   Thumb Code   180  w5500.o(i.W5500_Interrupt_Process)
    W5500_NVIC_Configuration                 0x08005861   Thumb Code    32  w5500.o(i.W5500_NVIC_Configuration)
    W5500_Socket_Set                         0x08005881   Thumb Code   100  w5500.o(i.W5500_Socket_Set)
    Write_SOCK_Data_Buffer                   0x080058ed   Thumb Code   264  w5500.o(i.Write_SOCK_Data_Buffer)
    Write_W5500_1Byte                        0x08005a01   Thumb Code    46  w5500.o(i.Write_W5500_1Byte)
    Write_W5500_2Byte                        0x08005a35   Thumb Code    46  w5500.o(i.Write_W5500_2Byte)
    Write_W5500_SOCK_1Byte                   0x08005a69   Thumb Code    58  w5500.o(i.Write_W5500_SOCK_1Byte)
    Write_W5500_SOCK_2Byte                   0x08005aa9   Thumb Code    58  w5500.o(i.Write_W5500_SOCK_2Byte)
    Write_W5500_SOCK_4Byte                   0x08005ae9   Thumb Code    84  w5500.o(i.Write_W5500_SOCK_4Byte)
    Write_W5500_nByte                        0x08005b41   Thumb Code    66  w5500.o(i.Write_W5500_nByte)
    __0printf                                0x08005b89   Thumb Code    22  printfa.o(i.__0printf)
    __1printf                                0x08005b89   Thumb Code     0  printfa.o(i.__0printf)
    __2printf                                0x08005b89   Thumb Code     0  printfa.o(i.__0printf)
    __c89printf                              0x08005b89   Thumb Code     0  printfa.o(i.__0printf)
    printf                                   0x08005b89   Thumb Code     0  printfa.o(i.__0printf)
    __0sprintf                               0x08005ba9   Thumb Code    34  printfa.o(i.__0sprintf)
    __1sprintf                               0x08005ba9   Thumb Code     0  printfa.o(i.__0sprintf)
    __2sprintf                               0x08005ba9   Thumb Code     0  printfa.o(i.__0sprintf)
    __c89sprintf                             0x08005ba9   Thumb Code     0  printfa.o(i.__0sprintf)
    sprintf                                  0x08005ba9   Thumb Code     0  printfa.o(i.__0sprintf)
    __scatterload_copy                       0x08005bd1   Thumb Code    14  handlers.o(i.__scatterload_copy)
    __scatterload_null                       0x08005bdf   Thumb Code     2  handlers.o(i.__scatterload_null)
    __scatterload_zeroinit                   0x08005be1   Thumb Code    14  handlers.o(i.__scatterload_zeroinit)
    _draw_circle_8                           0x08005bef   Thumb Code   132  gui.o(i._draw_circle_8)
    adc10_init                               0x08006511   Thumb Code   152  adc.o(i.adc10_init)
    adc11_init                               0x080065b1   Thumb Code   152  adc.o(i.adc11_init)
    adc12_init                               0x08006651   Thumb Code   152  adc.o(i.adc12_init)
    delay_init                               0x080066f1   Thumb Code    52  systick.o(i.delay_init)
    delay_ms                                 0x0800672d   Thumb Code    56  systick.o(i.delay_ms)
    delay_us                                 0x08006765   Thumb Code    54  systick.o(i.delay_us)
    dma_test                                 0x0800679d   Thumb Code   282  adc.o(i.dma_test)
    fputc                                    0x080068c9   Thumb Code    32  printf.o(i.fputc)
    gui_circle                               0x080068ed   Thumb Code   154  gui.o(i.gui_circle)
    iwdg_init                                0x08006987   Thumb Code    34  iwdg.o(i.iwdg_init)
    main                                     0x080069a9   Thumb Code  2008  main.o(i.main)
    printf_init                              0x080072a1   Thumb Code   170  printf.o(i.printf_init)
    pwm_enable                               0x08007355   Thumb Code    12  pwm.o(i.pwm_enable)
    pwm_init                                 0x08007365   Thumb Code   130  pwm.o(i.pwm_init)
    asc2_1206                                0x080073f4   Data        1140  gui.o(.constdata)
    asc2_1608                                0x08007868   Data        1520  gui.o(.constdata)
    tfont16                                  0x08007e58   Data        2108  gui.o(.constdata)
    tfont24                                  0x08008694   Data         518  gui.o(.constdata)
    tfont32                                  0x0800889a   Data         520  gui.o(.constdata)
    gImage_qq                                0x08008aa4   Data        3200  test.o(.constdata)
    Region$$Table$$Base                      0x08009780   Number         0  anon$$obj.o(Region$$Table)
    Region$$Table$$Limit                     0x080097a0   Number         0  anon$$obj.o(Region$$Table)
    ADdataA                                  0x20000000   Data           7  main.o(.data)
    Package_Cavity_627D_Pressure_Set         0x20000008   Data           4  main.o(.data)
    Package_Flow_1479A_Set                   0x2000000c   Data           4  main.o(.data)
    Package_Flow_1479A_Puff_Set              0x20000010   Data           4  main.o(.data)
    Package_Cavity_627D_Puff_Set             0x20000014   Data           4  main.o(.data)
    Package_Valve_Puff_Status_Set            0x20000018   Data           2  main.o(.data)
    Package_Valve_Status_Set                 0x2000001a   Data           2  main.o(.data)
    Package_Duty_P                           0x2000001c   Data           4  main.o(.data)
    Package_Duty_I                           0x20000020   Data           4  main.o(.data)
    Package_Duty_D                           0x20000024   Data           4  main.o(.data)
    Package_AD_SamplingTimes                 0x20000028   Data           4  main.o(.data)
    flag_Debug                               0x2000002c   Data           4  main.o(.data)
    flag_Normal                              0x20000030   Data           4  main.o(.data)
    flag_Command                             0x20000034   Data           4  main.o(.data)
    flag_Timing                              0x20000038   Data           4  main.o(.data)
    flag_627D                                0x2000003c   Data           4  main.o(.data)
    flag_1479A                               0x20000040   Data           4  main.o(.data)
    Valve_Signal_Open                        0x20000044   Data           1  main.o(.data)
    Timing_Signal_Open                       0x20000045   Data           1  main.o(.data)
    Command_Signal_Open                      0x20000046   Data           1  main.o(.data)
    Normal_Debug_RunningMode                 0x20000047   Data           1  main.o(.data)
    Command_Timing_TriggerMode               0x20000048   Data           1  main.o(.data)
    Normal_Puff_RunningMode                  0x20000049   Data           1  main.o(.data)
    PEV_1479A_ControlMode                    0x2000004a   Data           1  main.o(.data)
    LCD_Display_offon                        0x2000004b   Data           1  main.o(.data)
    Cavity_627D_Pressure_Status              0x2000004c   Data           4  main.o(.data)
    Flow_1479A_Status                        0x20000050   Data           4  main.o(.data)
    Cavity_025D_Pressure_Status              0x20000054   Data           4  main.o(.data)
    Cavity_627D_Pressure_SetMax              0x20000058   Data           4  main.o(.data)
    Cavity_627D_Pressure_SetMin              0x2000005c   Data           4  main.o(.data)
    Flow_1479A_SetMax                        0x20000060   Data           4  main.o(.data)
    Flow_1479A_SetMin                        0x20000064   Data           4  main.o(.data)
    Cavity_627D_Puff_Pressure_SetMax         0x20000068   Data           4  main.o(.data)
    Cavity_627D_Puff_Pressure_SetMin         0x2000006c   Data           4  main.o(.data)
    Flow_1479A_Puff_SetMax                   0x20000070   Data           4  main.o(.data)
    Flow_1479A_Puff_SetMin                   0x20000074   Data           4  main.o(.data)
    PID_P_SetMax                             0x20000078   Data           4  main.o(.data)
    PID_I_SetMax                             0x2000007c   Data           4  main.o(.data)
    PID_D_SetMax                             0x20000080   Data           4  main.o(.data)
    PID_P_SetMin                             0x20000084   Data           4  main.o(.data)
    PID_I_SetMin                             0x20000088   Data           4  main.o(.data)
    PID_D_SetMin                             0x2000008c   Data           4  main.o(.data)
    Error_Communicate                        0x20000090   Data           1  main.o(.data)
    Error_OverSet                            0x20000091   Data           1  main.o(.data)
    Pressure_Okay                            0x20000092   Data           1  main.o(.data)
    Pressure_error                           0x20000094   Data           4  main.o(.data)
    Cavity_627D_Pressure_Set                 0x20000098   Data           4  main.o(.data)
    Cavity_627D_Pressure_Default             0x2000009c   Data           4  main.o(.data)
    PEV_FullyOpen_1479AMode                  0x200000a0   Data           4  main.o(.data)
    _1479A_FullyOpen_PEVMode                 0x200000a4   Data           4  main.o(.data)
    PEV_FullyClose                           0x200000a8   Data           4  main.o(.data)
    _1479A_FullyClose                        0x200000ac   Data           4  main.o(.data)
    Flow_1479A_Set                           0x200000b0   Data           4  main.o(.data)
    Flow_1479A_Default                       0x200000b4   Data           4  main.o(.data)
    Valve_Default_Status_Set                 0x200000b8   Data           2  main.o(.data)
    Valve_Operation_Status_Set               0x200000ba   Data           2  main.o(.data)
    Valve_Puff_Status_Set                    0x200000bc   Data           2  main.o(.data)
    Duty_P                                   0x200000c0   Data           4  main.o(.data)
    Duty_I                                   0x200000c4   Data           4  main.o(.data)
    Duty_D                                   0x200000c8   Data           4  main.o(.data)
    POINT_COLOR                              0x200000e6   Data           2  lcd.o(.data)
    BACK_COLOR                               0x200000e8   Data           2  lcd.o(.data)
    DeviceCode                               0x200000ea   Data           2  lcd.o(.data)
    ColorTab                                 0x200000ec   Data          10  test.o(.data)
    Gateway_IP                               0x200000f8   Data           4  w5500.o(.data)
    Sub_Mask                                 0x200000fc   Data           4  w5500.o(.data)
    Phy_Addr                                 0x20000100   Data           6  w5500.o(.data)
    IP_Addr                                  0x20000106   Data           4  w5500.o(.data)
    S0_Port                                  0x2000010a   Data           2  w5500.o(.data)
    S0_DIP                                   0x2000010c   Data           4  w5500.o(.data)
    S0_DPort                                 0x20000110   Data           2  w5500.o(.data)
    UDP_DIPR                                 0x20000112   Data           4  w5500.o(.data)
    UDP_DPORT                                0x20000116   Data           2  w5500.o(.data)
    S0_Mode                                  0x20000118   Data           1  w5500.o(.data)
    S0_State                                 0x20000119   Data           1  w5500.o(.data)
    S0_Data                                  0x2000011a   Data           1  w5500.o(.data)
    W5500_Interrupt                          0x2000011b   Data           1  w5500.o(.data)
    Timer2_Counter                           0x2000011c   Data           4  w5500.o(.data)
    W5500_Send_Delay_Counter                 0x20000120   Data           4  w5500.o(.data)
    __stdout                                 0x20000130   Data           4  stdout.o(.data)
    ADC_ConvertedValue                       0x20000134   Data          60  adc.o(.bss)
    lcddev                                   0x20000170   Data          14  lcd.o(.bss)
    Rx_Buffer                                0x2000018e   Data        2048  w5500.o(.bss)
    Tx_Buffer                                0x2000098e   Data        2048  w5500.o(.bss)
    __initial_sp                             0x20001590   Data           0  startup_stm32f10x_hd.o(STACK)



==============================================================================

Memory Map of the image

  Image Entry point : 0x08000131

  Load Region LR_IROM1 (Base: 0x08000000, Size: 0x000098d4, Max: 0x00080000, ABSOLUTE, COMPRESSED[0x00009800])

    Execution Region ER_IROM1 (Base: 0x08000000, Size: 0x000097a0, Max: 0x00080000, ABSOLUTE)

    Base Addr    Size         Type   Attr      Idx    E Section Name        Object

    0x08000000   0x00000130   Data   RO          374    RESET               startup_stm32f10x_hd.o
    0x08000130   0x00000000   Code   RO         3508  * .ARM.Collect$$$$00000000  mc_w.l(entry.o)
    0x08000130   0x00000004   Code   RO         3808    .ARM.Collect$$$$00000001  mc_w.l(entry2.o)
    0x08000134   0x00000004   Code   RO         3811    .ARM.Collect$$$$00000004  mc_w.l(entry5.o)
    0x08000138   0x00000000   Code   RO         3813    .ARM.Collect$$$$00000008  mc_w.l(entry7b.o)
    0x08000138   0x00000000   Code   RO         3815    .ARM.Collect$$$$0000000A  mc_w.l(entry8b.o)
    0x08000138   0x00000008   Code   RO         3816    .ARM.Collect$$$$0000000B  mc_w.l(entry9a.o)
    0x08000140   0x00000000   Code   RO         3818    .ARM.Collect$$$$0000000D  mc_w.l(entry10a.o)
    0x08000140   0x00000000   Code   RO         3820    .ARM.Collect$$$$0000000F  mc_w.l(entry11a.o)
    0x08000140   0x00000004   Code   RO         3809    .ARM.Collect$$$$00002712  mc_w.l(entry2.o)
    0x08000144   0x00000024   Code   RO          375    .text               startup_stm32f10x_hd.o
    0x08000168   0x00000024   Code   RO         3511    .text               mc_w.l(memcpya.o)
    0x0800018c   0x000000b0   Code   RO         3778    .text               mf_w.l(fadd.o)
    0x0800023c   0x00000064   Code   RO         3780    .text               mf_w.l(fmul.o)
    0x080002a0   0x0000007c   Code   RO         3782    .text               mf_w.l(fdiv.o)
    0x0800031c   0x000000e4   Code   RO         3784    .text               mf_w.l(dmul.o)
    0x08000400   0x000000de   Code   RO         3786    .text               mf_w.l(ddiv.o)
    0x080004de   0x00000012   Code   RO         3788    .text               mf_w.l(fflti.o)
    0x080004f0   0x0000000a   Code   RO         3790    .text               mf_w.l(ffltui.o)
    0x080004fa   0x00000032   Code   RO         3792    .text               mf_w.l(ffixi.o)
    0x0800052c   0x00000028   Code   RO         3794    .text               mf_w.l(ffixui.o)
    0x08000554   0x00000026   Code   RO         3796    .text               mf_w.l(f2d.o)
    0x0800057a   0x00000002   PAD
    0x0800057c   0x00000030   Code   RO         3798    .text               mf_w.l(cdcmple.o)
    0x080005ac   0x00000030   Code   RO         3800    .text               mf_w.l(cdrcmple.o)
    0x080005dc   0x00000038   Code   RO         3802    .text               mf_w.l(d2f.o)
    0x08000614   0x00000014   Code   RO         3804    .text               mf_w.l(cfcmple.o)
    0x08000628   0x00000014   Code   RO         3806    .text               mf_w.l(cfrcmple.o)
    0x0800063c   0x0000002c   Code   RO         3823    .text               mc_w.l(uidiv.o)
    0x08000668   0x00000062   Code   RO         3825    .text               mc_w.l(uldiv.o)
    0x080006ca   0x00000000   Code   RO         3827    .text               mc_w.l(iusefp.o)
    0x080006ca   0x0000006e   Code   RO         3828    .text               mf_w.l(fepilogue.o)
    0x08000738   0x000000ba   Code   RO         3830    .text               mf_w.l(depilogue.o)
    0x080007f2   0x0000014e   Code   RO         3832    .text               mf_w.l(dadd.o)
    0x08000940   0x00000030   Code   RO         3834    .text               mf_w.l(dfixul.o)
    0x08000970   0x00000024   Code   RO         3836    .text               mc_w.l(init.o)
    0x08000994   0x0000001e   Code   RO         3838    .text               mc_w.l(llshl.o)
    0x080009b2   0x00000020   Code   RO         3840    .text               mc_w.l(llushr.o)
    0x080009d2   0x00000024   Code   RO         3842    .text               mc_w.l(llsshr.o)
    0x080009f6   0x00000056   Code   RO         3852    .text               mc_w.l(__dczerorl2.o)
    0x08000a4c   0x00000016   Code   RO         1517    i.ADC_Cmd           stm32f10x_adc.o
    0x08000a62   0x00000016   Code   RO         1518    i.ADC_DMACmd        stm32f10x_adc.o
    0x08000a78   0x0000005c   Code   RO         1519    i.ADC_DeInit        stm32f10x_adc.o
    0x08000ad4   0x00000014   Code   RO         1525    i.ADC_GetCalibrationStatus  stm32f10x_adc.o
    0x08000ae8   0x00000008   Code   RO         1526    i.ADC_GetConversionValue  stm32f10x_adc.o
    0x08000af0   0x00000012   Code   RO         1528    i.ADC_GetFlagStatus  stm32f10x_adc.o
    0x08000b02   0x00000014   Code   RO         1531    i.ADC_GetResetCalibrationStatus  stm32f10x_adc.o
    0x08000b16   0x00000002   PAD
    0x08000b18   0x00000050   Code   RO         1535    i.ADC_Init          stm32f10x_adc.o
    0x08000b68   0x000000b8   Code   RO         3001    i.ADC_LCD_Out       test.o
    0x08000c20   0x000000b8   Code   RO         1539    i.ADC_RegularChannelConfig  stm32f10x_adc.o
    0x08000cd8   0x0000000a   Code   RO         1540    i.ADC_ResetCalibration  stm32f10x_adc.o
    0x08000ce2   0x00000016   Code   RO         1542    i.ADC_SoftwareStartConvCmd  stm32f10x_adc.o
    0x08000cf8   0x0000000a   Code   RO         1544    i.ADC_StartCalibration  stm32f10x_adc.o
    0x08000d02   0x00000002   Code   RO         3399    i.ADVoltage_2_Flow1479A  dataprocess.o
    0x08000d04   0x00000038   Code   RO         3400    i.ADVoltage_2_Pressure025D  dataprocess.o
    0x08000d3c   0x00000038   Code   RO         3401    i.ADVoltage_2_Pressure627D  dataprocess.o
    0x08000d74   0x00000048   Code   RO         2676    i.AD_Conversion_025D  adc.o
    0x08000dbc   0x00000064   Code   RO         2677    i.AD_Conversion_025D_DMA  adc.o
    0x08000e20   0x00000048   Code   RO         2678    i.AD_Conversion_1479A  adc.o
    0x08000e68   0x00000064   Code   RO         2679    i.AD_Conversion_1479A_DMA  adc.o
    0x08000ecc   0x00000048   Code   RO         2680    i.AD_Conversion_627D  adc.o
    0x08000f14   0x00000064   Code   RO         2681    i.AD_Conversion_627D_DMA  adc.o
    0x08000f78   0x00000004   Code   RO          204    i.BusFault_Handler  stm32f10x_it.o
    0x08000f7c   0x0000004e   Code   RO         3402    i.CheckCRC16        dataprocess.o
    0x08000fca   0x00000002   PAD
    0x08000fcc   0x00000020   Code   RO         1739    i.DAC_SetChannel1Data  stm32f10x_dac.o
    0x08000fec   0x00000018   Code   RO         2173    i.DMA_Cmd           stm32f10x_dma.o
    0x08001004   0x0000014c   Code   RO         2174    i.DMA_DeInit        stm32f10x_dma.o
    0x08001150   0x0000003c   Code   RO         2179    i.DMA_Init          stm32f10x_dma.o
    0x0800118c   0x00000058   Code   RO         2655    i.Dac1_Set_Vol      dac.o
    0x080011e4   0x00000002   Code   RO          205    i.DebugMon_Handler  stm32f10x_it.o
    0x080011e6   0x00000002   PAD
    0x080011e8   0x00000018   Code   RO         3175    i.Delay             w5500.o
    0x08001200   0x000000d8   Code   RO         3176    i.Detect_Gateway    w5500.o
    0x080012d8   0x00000084   Code   RO          206    i.EXTI1_IRQHandler  stm32f10x_it.o
    0x0800135c   0x00000054   Code   RO          207    i.EXTI2_IRQHandler  stm32f10x_it.o
    0x080013b0   0x00000020   Code   RO         3177    i.EXTI9_5_IRQHandler  w5500.o
    0x080013d0   0x0000000c   Code   RO          910    i.EXTI_ClearITPendingBit  stm32f10x_exti.o
    0x080013dc   0x00000028   Code   RO          914    i.EXTI_GetITStatus  stm32f10x_exti.o
    0x08001404   0x00000094   Code   RO          915    i.EXTI_Init         stm32f10x_exti.o
    0x08001498   0x0000001c   Code   RO         1972    i.FLASH_PrefetchBufferCmd  stm32f10x_flash.o
    0x080014b4   0x00000018   Code   RO         1977    i.FLASH_SetLatency  stm32f10x_flash.o
    0x080014cc   0x00000002   Code   RO         3403    i.Flow1479A_2_ADVoltage  dataprocess.o
    0x080014ce   0x00000002   PAD
    0x080014d0   0x0000003c   Code   RO         3478    i.Flow_1479A_Adjustment  1479a.o
    0x0800150c   0x00000040   Code   RO          582    i.GPIO_EXTILineConfig  stm32f10x_gpio.o
    0x0800154c   0x00000116   Code   RO          585    i.GPIO_Init         stm32f10x_gpio.o
    0x08001662   0x00000002   PAD
    0x08001664   0x00000090   Code   RO          587    i.GPIO_PinRemapConfig  stm32f10x_gpio.o
    0x080016f4   0x00000012   Code   RO          589    i.GPIO_ReadInputDataBit  stm32f10x_gpio.o
    0x08001706   0x00000012   Code   RO          591    i.GPIO_ReadOutputDataBit  stm32f10x_gpio.o
    0x08001718   0x00000004   Code   RO          592    i.GPIO_ResetBits    stm32f10x_gpio.o
    0x0800171c   0x00000004   Code   RO          593    i.GPIO_SetBits      stm32f10x_gpio.o
    0x08001720   0x00000108   Code   RO         2762    i.GUI_DrawFont16    gui.o
    0x08001828   0x00000118   Code   RO         2763    i.GUI_DrawFont24    gui.o
    0x08001940   0x00000108   Code   RO         2764    i.GUI_DrawFont32    gui.o
    0x08001a48   0x00000018   Code   RO         2765    i.GUI_DrawPoint     gui.o
    0x08001a60   0x0000004c   Code   RO         3005    i.Gas_StateLayer    test.o
    0x08001aac   0x00000144   Code   RO         3006    i.Gas_StateLayerUpdate  test.o
    0x08001bf0   0x000001a4   Code   RO         3140    i.Gas_State_Read    iostate.o
    0x08001d94   0x000000e4   Code   RO         3141    i.Gas_State_Read_LCD  iostate.o
    0x08001e78   0x00000038   Code   RO         3404    i.GetCRC16          dataprocess.o
    0x08001eb0   0x00000054   Code   RO         2682    i.Get_ADC_Value     adc.o
    0x08001f04   0x00000438   Code   RO         3007    i.GridLayer         test.o
    0x0800233c   0x00000004   Code   RO          208    i.HardFault_Handler  stm32f10x_it.o
    0x08002340   0x00000010   Code   RO         2129    i.IWDG_Enable       stm32f10x_iwdg.o
    0x08002350   0x00000010   Code   RO         2131    i.IWDG_ReloadCounter  stm32f10x_iwdg.o
    0x08002360   0x0000000c   Code   RO         2132    i.IWDG_SetPrescaler  stm32f10x_iwdg.o
    0x0800236c   0x0000000c   Code   RO         2133    i.IWDG_SetReload    stm32f10x_iwdg.o
    0x08002378   0x0000000c   Code   RO         2134    i.IWDG_WriteAccessCmd  stm32f10x_iwdg.o
    0x08002384   0x00000060   Code   RO         2907    i.LCD_Clear         lcd.o
    0x080023e4   0x000000b0   Code   RO         2769    i.LCD_DrawLine      gui.o
    0x08002494   0x0000001c   Code   RO         2908    i.LCD_DrawPoint     lcd.o
    0x080024b0   0x0000002c   Code   RO         2909    i.LCD_GPIOInit      lcd.o
    0x080024dc   0x00000250   Code   RO         2910    i.LCD_Init          lcd.o
    0x0800272c   0x00000028   Code   RO         2911    i.LCD_RESET         lcd.o
    0x08002754   0x00000014   Code   RO         2912    i.LCD_SetCursor     lcd.o
    0x08002768   0x00000058   Code   RO         2913    i.LCD_SetWindows    lcd.o
    0x080027c0   0x00000124   Code   RO         2772    i.LCD_ShowChar      gui.o
    0x080028e4   0x00000030   Code   RO         2914    i.LCD_WR_DATA       lcd.o
    0x08002914   0x0000002c   Code   RO         2915    i.LCD_WR_REG        lcd.o
    0x08002940   0x00000010   Code   RO         2916    i.LCD_WriteRAM_Prepare  lcd.o
    0x08002950   0x00000014   Code   RO         2917    i.LCD_WriteReg      lcd.o
    0x08002964   0x00000084   Code   RO         2918    i.LCD_direction     lcd.o
    0x080029e8   0x00000054   Code   RO         2243    i.LED_Init          led.o
    0x08002a3c   0x00000038   Code   RO         2919    i.Lcd_WriteData_16Bit  lcd.o
    0x08002a74   0x00000078   Code   RO         3178    i.Load_Net_Parameters  w5500.o
    0x08002aec   0x00000004   Code   RO          209    i.MemManage_Handler  stm32f10x_it.o
    0x08002af0   0x00000002   Code   RO          210    i.NMI_Handler       stm32f10x_it.o
    0x08002af2   0x00000036   Code   RO         3179    i.NVIC_Configuration  w5500.o
    0x08002b28   0x00000070   Code   RO          873    i.NVIC_Init         misc.o
    0x08002b98   0x00000014   Code   RO          874    i.NVIC_PriorityGroupConfig  misc.o
    0x08002bac   0x00000014   Code   RO          875    i.NVIC_SetVectorTable  misc.o
    0x08002bc0   0x00000002   Code   RO          211    i.PendSV_Handler    stm32f10x_it.o
    0x08002bc2   0x00000002   PAD
    0x08002bc4   0x00000038   Code   RO         3406    i.Pressure627D_2_ADVoltage  dataprocess.o
    0x08002bfc   0x00000400   Code   RO            2    i.Process_Package_Receive  main.o
    0x08002ffc   0x000010ac   Code   RO            3    i.Process_Socket_Data  main.o
    0x080040a8   0x00000018   Code   RO          379    i.RCC_ADCCLKConfig  stm32f10x_rcc.o
    0x080040c0   0x00000020   Code   RO          380    i.RCC_AHBPeriphClockCmd  stm32f10x_rcc.o
    0x080040e0   0x00000020   Code   RO          381    i.RCC_APB1PeriphClockCmd  stm32f10x_rcc.o
    0x08004100   0x00000020   Code   RO          383    i.RCC_APB2PeriphClockCmd  stm32f10x_rcc.o
    0x08004120   0x00000020   Code   RO          384    i.RCC_APB2PeriphResetCmd  stm32f10x_rcc.o
    0x08004140   0x0000000c   Code   RO          389    i.RCC_ClockSecuritySystemCmd  stm32f10x_rcc.o
    0x0800414c   0x0000007a   Code   RO         3180    i.RCC_Configuration  w5500.o
    0x080041c6   0x00000002   PAD
    0x080041c8   0x0000004c   Code   RO          390    i.RCC_DeInit        stm32f10x_rcc.o
    0x08004214   0x000000d4   Code   RO          391    i.RCC_GetClocksFreq  stm32f10x_rcc.o
    0x080042e8   0x0000003c   Code   RO          392    i.RCC_GetFlagStatus  stm32f10x_rcc.o
    0x08004324   0x00000010   Code   RO          394    i.RCC_GetSYSCLKSource  stm32f10x_rcc.o
    0x08004334   0x00000018   Code   RO          395    i.RCC_HCLKConfig    stm32f10x_rcc.o
    0x0800434c   0x0000004c   Code   RO          396    i.RCC_HSEConfig     stm32f10x_rcc.o
    0x08004398   0x00000018   Code   RO          402    i.RCC_PCLK1Config   stm32f10x_rcc.o
    0x080043b0   0x00000018   Code   RO          403    i.RCC_PCLK2Config   stm32f10x_rcc.o
    0x080043c8   0x0000000c   Code   RO          404    i.RCC_PLLCmd        stm32f10x_rcc.o
    0x080043d4   0x0000001c   Code   RO          405    i.RCC_PLLConfig     stm32f10x_rcc.o
    0x080043f0   0x00000018   Code   RO          408    i.RCC_SYSCLKConfig  stm32f10x_rcc.o
    0x08004408   0x00000038   Code   RO          410    i.RCC_WaitForHSEStartUp  stm32f10x_rcc.o
    0x08004440   0x00000130   Code   RO         3181    i.Read_SOCK_Data_Buffer  w5500.o
    0x08004570   0x00000048   Code   RO         3182    i.Read_W5500_1Byte  w5500.o
    0x080045b8   0x00000054   Code   RO         3183    i.Read_W5500_SOCK_1Byte  w5500.o
    0x0800460c   0x0000006c   Code   RO         3184    i.Read_W5500_SOCK_2Byte  w5500.o
    0x08004678   0x0000009c   Code   RO         3113    i.SPI2_Init         spi.o
    0x08004714   0x00000020   Code   RO         3185    i.SPI3_Send_Byte    w5500.o
    0x08004734   0x0000001c   Code   RO         3186    i.SPI3_Send_Short   w5500.o
    0x08004750   0x00000018   Code   RO         1816    i.SPI_Cmd           stm32f10x_spi.o
    0x08004768   0x000000d4   Code   RO         3187    i.SPI_Configuration  w5500.o
    0x0800483c   0x00000012   Code   RO         1824    i.SPI_I2S_GetFlagStatus  stm32f10x_spi.o
    0x0800484e   0x00000006   Code   RO         1827    i.SPI_I2S_ReceiveData  stm32f10x_spi.o
    0x08004854   0x00000004   Code   RO         1828    i.SPI_I2S_SendData  stm32f10x_spi.o
    0x08004858   0x0000003c   Code   RO         1829    i.SPI_Init          stm32f10x_spi.o
    0x08004894   0x00000022   Code   RO         3115    i.SPI_WriteByte     spi.o
    0x080048b6   0x00000002   Code   RO          212    i.SVC_Handler       stm32f10x_it.o
    0x080048b8   0x00000008   Code   RO          319    i.SetSysClock       system_stm32f10x.o
    0x080048c0   0x000000e0   Code   RO          320    i.SetSysClockTo72   system_stm32f10x.o
    0x080049a0   0x0000010c   Code   RO         2775    i.Show_Str          gui.o
    0x08004aac   0x00000046   Code   RO         3188    i.Socket_Connect    w5500.o
    0x08004af2   0x00000002   PAD
    0x08004af4   0x00000050   Code   RO         3189    i.Socket_Init       w5500.o
    0x08004b44   0x00000066   Code   RO         3190    i.Socket_Listen     w5500.o
    0x08004baa   0x0000003c   Code   RO         3191    i.Socket_UDP        w5500.o
    0x08004be6   0x00000002   PAD
    0x08004be8   0x0000009c   Code   RO            4    i.Status_LCD_Update  main.o
    0x08004c84   0x0000009c   Code   RO            6    i.Status_Register_Update_DMA  main.o
    0x08004d20   0x00000028   Code   RO          877    i.SysTick_CLKSourceConfig  misc.o
    0x08004d48   0x00000002   Code   RO          213    i.SysTick_Handler   stm32f10x_it.o
    0x08004d4a   0x00000002   PAD
    0x08004d4c   0x00000060   Code   RO          322    i.SystemInit        system_stm32f10x.o
    0x08004dac   0x00000018   Code   RO         3192    i.System_Initialization  w5500.o
    0x08004dc4   0x00000034   Code   RO         3193    i.TIM2_IRQHandler   w5500.o
    0x08004df8   0x00000010   Code   RO          214    i.TIM3_IRQHandler   stm32f10x_it.o
    0x08004e08   0x00000006   Code   RO          974    i.TIM_ClearITPendingBit  stm32f10x_tim.o
    0x08004e0e   0x00000018   Code   RO          979    i.TIM_Cmd           stm32f10x_tim.o
    0x08004e26   0x00000022   Code   RO         1000    i.TIM_GetITStatus   stm32f10x_tim.o
    0x08004e48   0x00000012   Code   RO         1004    i.TIM_ITConfig      stm32f10x_tim.o
    0x08004e5a   0x00000002   PAD
    0x08004e5c   0x000000a4   Code   RO         1013    i.TIM_OC2Init       stm32f10x_tim.o
    0x08004f00   0x0000001a   Code   RO         1016    i.TIM_OC2PreloadConfig  stm32f10x_tim.o
    0x08004f1a   0x00000004   Code   RO         1041    i.TIM_SetCompare2   stm32f10x_tim.o
    0x08004f1e   0x00000002   PAD
    0x08004f20   0x000000a4   Code   RO         1050    i.TIM_TimeBaseInit  stm32f10x_tim.o
    0x08004fc4   0x00000040   Code   RO         3194    i.Timer2_Init_Config  w5500.o
    0x08005004   0x0000004c   Code   RO         2551    i.Timing_Signal_Check  exti.o
    0x08005050   0x00000030   Code   RO         2552    i.Timing_Signal_init  exti.o
    0x08005080   0x00000044   Code   RO          215    i.USART1_IRQHandler  stm32f10x_it.o
    0x080050c4   0x00000064   Code   RO          216    i.USART2_IRQHandler  stm32f10x_it.o
    0x08005128   0x00000012   Code   RO          693    i.USART_ClearFlag   stm32f10x_usart.o
    0x0800513a   0x00000018   Code   RO          697    i.USART_Cmd         stm32f10x_usart.o
    0x08005152   0x0000001a   Code   RO          700    i.USART_GetFlagStatus  stm32f10x_usart.o
    0x0800516c   0x00000054   Code   RO          701    i.USART_GetITStatus  stm32f10x_usart.o
    0x080051c0   0x0000004a   Code   RO          703    i.USART_ITConfig    stm32f10x_usart.o
    0x0800520a   0x00000002   PAD
    0x0800520c   0x000000d8   Code   RO          704    i.USART_Init        stm32f10x_usart.o
    0x080052e4   0x0000000a   Code   RO          711    i.USART_ReceiveData  stm32f10x_usart.o
    0x080052ee   0x00000008   Code   RO          714    i.USART_SendData    stm32f10x_usart.o
    0x080052f6   0x00000004   Code   RO          217    i.UsageFault_Handler  stm32f10x_it.o
    0x080052fa   0x00000002   PAD
    0x080052fc   0x00000110   Code   RO         3462    i.VacuumValue_PID   vacuumg.o
    0x0800540c   0x000001d8   Code   RO         3142    i.ValveStateChange  iostate.o
    0x080055e4   0x00000068   Code   RO         3143    i.ValveState_Init   iostate.o
    0x0800564c   0x00000070   Code   RO         3195    i.W5500_GPIO_Configuration  w5500.o
    0x080056bc   0x00000038   Code   RO         3196    i.W5500_Hardware_Reset  w5500.o
    0x080056f4   0x00000098   Code   RO         3197    i.W5500_Init        w5500.o
    0x0800578c   0x00000012   Code   RO         3198    i.W5500_Initialization  w5500.o
    0x0800579e   0x00000002   PAD
    0x080057a0   0x000000c0   Code   RO         3199    i.W5500_Interrupt_Process  w5500.o
    0x08005860   0x00000020   Code   RO         3200    i.W5500_NVIC_Configuration  w5500.o
    0x08005880   0x0000006c   Code   RO         3201    i.W5500_Socket_Set  w5500.o
    0x080058ec   0x00000114   Code   RO         3202    i.Write_SOCK_Data_Buffer  w5500.o
    0x08005a00   0x00000034   Code   RO         3203    i.Write_W5500_1Byte  w5500.o
    0x08005a34   0x00000034   Code   RO         3204    i.Write_W5500_2Byte  w5500.o
    0x08005a68   0x00000040   Code   RO         3205    i.Write_W5500_SOCK_1Byte  w5500.o
    0x08005aa8   0x00000040   Code   RO         3206    i.Write_W5500_SOCK_2Byte  w5500.o
    0x08005ae8   0x00000058   Code   RO         3207    i.Write_W5500_SOCK_4Byte  w5500.o
    0x08005b40   0x00000048   Code   RO         3208    i.Write_W5500_nByte  w5500.o
    0x08005b88   0x00000020   Code   RO         3750    i.__0printf         mc_w.l(printfa.o)
    0x08005ba8   0x00000028   Code   RO         3752    i.__0sprintf        mc_w.l(printfa.o)
    0x08005bd0   0x0000000e   Code   RO         3846    i.__scatterload_copy  mc_w.l(handlers.o)
    0x08005bde   0x00000002   Code   RO         3847    i.__scatterload_null  mc_w.l(handlers.o)
    0x08005be0   0x0000000e   Code   RO         3848    i.__scatterload_zeroinit  mc_w.l(handlers.o)
    0x08005bee   0x00000084   Code   RO         2776    i._draw_circle_8    gui.o
    0x08005c72   0x00000002   PAD
    0x08005c74   0x00000164   Code   RO         3757    i._fp_digits        mc_w.l(printfa.o)
    0x08005dd8   0x000006dc   Code   RO         3758    i._printf_core      mc_w.l(printfa.o)
    0x080064b4   0x00000024   Code   RO         3759    i._printf_post_padding  mc_w.l(printfa.o)
    0x080064d8   0x0000002e   Code   RO         3760    i._printf_pre_padding  mc_w.l(printfa.o)
    0x08006506   0x0000000a   Code   RO         3762    i._sputc            mc_w.l(printfa.o)
    0x08006510   0x000000a0   Code   RO         2683    i.adc10_init        adc.o
    0x080065b0   0x000000a0   Code   RO         2684    i.adc11_init        adc.o
    0x08006650   0x000000a0   Code   RO         2685    i.adc12_init        adc.o
    0x080066f0   0x0000003c   Code   RO         2276    i.delay_init        systick.o
    0x0800672c   0x00000038   Code   RO         2277    i.delay_ms          systick.o
    0x08006764   0x00000036   Code   RO         2278    i.delay_us          systick.o
    0x0800679a   0x00000002   PAD
    0x0800679c   0x0000012c   Code   RO         2686    i.dma_test          adc.o
    0x080068c8   0x00000024   Code   RO         2341    i.fputc             printf.o
    0x080068ec   0x0000009a   Code   RO         2778    i.gui_circle        gui.o
    0x08006986   0x00000022   Code   RO         3493    i.iwdg_init         iwdg.o
    0x080069a8   0x000008f8   Code   RO            7    i.main              main.o
    0x080072a0   0x000000b4   Code   RO         2342    i.printf_init       printf.o
    0x08007354   0x00000010   Code   RO         2305    i.pwm_enable        pwm.o
    0x08007364   0x00000090   Code   RO         2306    i.pwm_init          pwm.o
    0x080073f4   0x000016ae   Data   RO         2780    .constdata          gui.o
    0x08008aa2   0x00000002   PAD
    0x08008aa4   0x00000ca4   Data   RO         3015    .constdata          test.o
    0x08009748   0x00000037   Data   RO         3016    .conststring        test.o
    0x0800977f   0x00000001   PAD
    0x08009780   0x00000020   Data   RO         3844    Region$$Table       anon$$obj.o


    Execution Region RW_IRAM1 (Base: 0x20000000, Size: 0x00001590, Max: 0x00010000, ABSOLUTE, COMPRESSED[0x00000060])

    Base Addr    Size         Type   Attr      Idx    E Section Name        Object

    0x20000000   0x000000cc   Data   RW            8    .data               main.o
    0x200000cc   0x00000002   Data   RW          218    .data               stm32f10x_it.o
    0x200000ce   0x00000014   Data   RW          411    .data               stm32f10x_rcc.o
    0x200000e2   0x00000004   Data   RW         2279    .data               systick.o
    0x200000e6   0x00000006   Data   RW         2921    .data               lcd.o
    0x200000ec   0x0000000a   Data   RW         3017    .data               test.o
    0x200000f6   0x00000002   Data   RW         3145    .data               iostate.o
    0x200000f8   0x0000002c   Data   RW         3210    .data               w5500.o
    0x20000124   0x0000000c   Data   RW         3463    .data               vacuumg.o
    0x20000130   0x00000004   Data   RW         3822    .data               mc_w.l(stdout.o)
    0x20000134   0x0000003c   Zero   RW         2687    .bss                adc.o
    0x20000170   0x0000000e   Zero   RW         2920    .bss                lcd.o
    0x2000017e   0x00000010   Zero   RW         3144    .bss                iostate.o
    0x2000018e   0x00001000   Zero   RW         3209    .bss                w5500.o
    0x2000118e   0x00000002   PAD
    0x20001190   0x00000400   Zero   RW          372    STACK               startup_stm32f10x_hd.o


==============================================================================

Image component sizes


      Code (inc. data)   RO Data    RW Data    ZI Data      Debug   Object Name

        60          6          0          0          0        588   1479a.o
      1380        112          0          0         60       7887   adc.o
         0          0          0          0          0         32   core_cm3.o
        88          8          0          0          0        551   dac.o
       306         26          0          0          0       4645   dataprocess.o
       124         42          0          0          0       1035   exti.o
      1854         56       5806          0          0       9232   gui.o
      1224         56          0          2         16       3367   iostate.o
        34          0          0          0          0        480   iwdg.o
      1224         66          0          6         14       9001   lcd.o
        84          8          0          0          0        523   led.o
      7900       2548          0        204          0     303237   main.o
       192         30          0          0          0       2967   misc.o
       216         14          0          0          0       1250   printf.o
       160         18          0          0          0       1188   pwm.o
       190          8          0          0          0       1488   spi.o
        36          8        304          0       1024        832   startup_stm32f10x_hd.o
       508         24          0          0          0       9979   stm32f10x_adc.o
        32          6          0          0          0       1406   stm32f10x_dac.o
       416          8          0          0          0       3718   stm32f10x_dma.o
       200         18          0          0          0       2396   stm32f10x_exti.o
        52         12          0          0          0       1225   stm32f10x_flash.o
       530         10          0          0          0       6265   stm32f10x_gpio.o
       426        108          0          2          0       6714   stm32f10x_it.o
        68         30          0          0          0       2822   stm32f10x_iwdg.o
       796        116          0         20          0      14067   stm32f10x_rcc.o
       112          0          0          0          0       4250   stm32f10x_spi.o
       440         52          0          0          0       6029   stm32f10x_tim.o
       460          6          0          0          0       7315   stm32f10x_usart.o
       328         28          0          0          0       2365   system_stm32f10x.o
       170          8          0          4          0       1839   systick.o
      1664        290       3291         10          0       3651   test.o
       272         66          0         12          0        962   vacuumg.o
      3198        220          0         44       4096      25539   w5500.o

    ----------------------------------------------------------------------
     24778       4008       9436        304       5212     448845   Object Totals
         0          0         32          0          0          0   (incl. Generated)
        34          0          3          0          2          0   (incl. Padding)

    ----------------------------------------------------------------------

      Code (inc. data)   RO Data    RW Data    ZI Data      Debug   Library Member Name

        86          0          0          0          0          0   __dczerorl2.o
         0          0          0          0          0          0   entry.o
         0          0          0          0          0          0   entry10a.o
         0          0          0          0          0          0   entry11a.o
         8          4          0          0          0          0   entry2.o
         4          0          0          0          0          0   entry5.o
         0          0          0          0          0          0   entry7b.o
         0          0          0          0          0          0   entry8b.o
         8          4          0          0          0          0   entry9a.o
        30          0          0          0          0          0   handlers.o
        36          8          0          0          0         68   init.o
         0          0          0          0          0          0   iusefp.o
        30          0          0          0          0         68   llshl.o
        36          0          0          0          0         68   llsshr.o
        32          0          0          0          0         68   llushr.o
        36          0          0          0          0         68   memcpya.o
      2276         96          0          0          0        596   printfa.o
         0          0          0          4          0          0   stdout.o
        44          0          0          0          0         80   uidiv.o
        98          0          0          0          0         92   uldiv.o
        48          0          0          0          0         68   cdcmple.o
        48          0          0          0          0         68   cdrcmple.o
        20          0          0          0          0         68   cfcmple.o
        20          0          0          0          0         68   cfrcmple.o
        56          0          0          0          0         88   d2f.o
       334          0          0          0          0        148   dadd.o
       222          0          0          0          0        100   ddiv.o
       186          0          0          0          0        176   depilogue.o
        48          0          0          0          0         68   dfixul.o
       228          0          0          0          0         96   dmul.o
        38          0          0          0          0         68   f2d.o
       176          0          0          0          0        140   fadd.o
       124          0          0          0          0         88   fdiv.o
       110          0          0          0          0        168   fepilogue.o
        50          0          0          0          0         68   ffixi.o
        40          0          0          0          0         68   ffixui.o
        18          0          0          0          0         68   fflti.o
        10          0          0          0          0         68   ffltui.o
       100          0          0          0          0         76   fmul.o

    ----------------------------------------------------------------------
      4602        112          0          4          0       2868   Library Totals
         2          0          0          0          0          0   (incl. Padding)

    ----------------------------------------------------------------------

      Code (inc. data)   RO Data    RW Data    ZI Data      Debug   Library Name

      2724        112          0          4          0       1108   mc_w.l
      1876          0          0          0          0       1760   mf_w.l

    ----------------------------------------------------------------------
      4602        112          0          4          0       2868   Library Totals

    ----------------------------------------------------------------------

==============================================================================


      Code (inc. data)   RO Data    RW Data    ZI Data      Debug   

     29380       4120       9436        308       5212     440401   Grand Totals
     29380       4120       9436         96       5212     440401   ELF Image Totals (compressed)
     29380       4120       9436         96          0          0   ROM Totals

==============================================================================

    Total RO  Size (Code + RO Data)                38816 (  37.91kB)
    Total RW  Size (RW Data + ZI Data)              5520 (   5.39kB)
    Total ROM Size (Code + RO Data + RW Data)      38912 (  38.00kB)

==============================================================================

