Component: ARM Compiler 5.05 update 1 (build 106) Tool: armlink [4d0efa]

==============================================================================

Section Cross References

    main.o(i.Cavity_Pressure_SendBack) refers to adc.o(i.AD_Conversion) for AD_Conversion
    main.o(i.Cavity_Pressure_SendBack) refers to dataprocess.o(i.ADVoltage_2_Flow1479A) for ADVoltage_2_Flow1479A
    main.o(i.Cavity_Pressure_SendBack) refers to dataprocess.o(i.GetCRC16) for GetCRC16
    main.o(i.Cavity_Pressure_SendBack) refers to w5500.o(i.Write_SOCK_Data_Buffer) for Write_SOCK_Data_Buffer
    main.o(i.Cavity_Pressure_SendBack) refers to w5500.o(.bss) for Tx_Buffer
    main.o(i.Hsdd_Data_Send) refers to dflti.o(.text) for __aeabi_i2d
    main.o(i.Hsdd_Data_Send) refers to dadd.o(.text) for __aeabi_dadd
    main.o(i.Hsdd_Data_Send) refers to d2f.o(.text) for __aeabi_d2f
    main.o(i.Hsdd_Data_Send) refers to dataprocess.o(i.GetCRC16) for GetCRC16
    main.o(i.Hsdd_Data_Send) refers to w5500.o(i.Write_SOCK_Data_Buffer) for Write_SOCK_Data_Buffer
    main.o(i.Hsdd_Data_Send) refers to adc.o(i.AD_Conversion_627D_DMA) for AD_Conversion_627D_DMA
    main.o(i.Hsdd_Data_Send) refers to fflti.o(.text) for __aeabi_i2f
    main.o(i.Hsdd_Data_Send) refers to dataprocess.o(i.ADVoltage_2_Pressure627D) for ADVoltage_2_Pressure627D
    main.o(i.Hsdd_Data_Send) refers to adc.o(i.AD_Conversion_025D_DMA) for AD_Conversion_025D_DMA
    main.o(i.Hsdd_Data_Send) refers to dataprocess.o(i.ADVoltage_2_Pressure025D) for ADVoltage_2_Pressure025D
    main.o(i.Hsdd_Data_Send) refers to w5500.o(.bss) for Tx_Buffer
    main.o(i.Process_Package_Receive) refers to w5500.o(i.Read_SOCK_Data_Buffer) for Read_SOCK_Data_Buffer
    main.o(i.Process_Package_Receive) refers to printfa.o(i.__0printf) for __2printf
    main.o(i.Process_Package_Receive) refers to dataprocess.o(i.CheckCRC16) for CheckCRC16
    main.o(i.Process_Package_Receive) refers to main.o(i.Process_Socket_Data) for Process_Socket_Data
    main.o(i.Process_Package_Receive) refers to w5500.o(.bss) for Rx_Buffer
    main.o(i.Process_Package_Receive) refers to main.o(.data) for Error_Communicate
    main.o(i.Process_Socket_Data) refers to adc.o(i.AD_Conversion_1479A_DMA) for AD_Conversion_1479A_DMA
    main.o(i.Process_Socket_Data) refers to fflti.o(.text) for __aeabi_i2f
    main.o(i.Process_Socket_Data) refers to dataprocess.o(i.ADVoltage_2_Flow1479A) for ADVoltage_2_Flow1479A
    main.o(i.Process_Socket_Data) refers to dataprocess.o(i.GetCRC16) for GetCRC16
    main.o(i.Process_Socket_Data) refers to w5500.o(i.Write_SOCK_Data_Buffer) for Write_SOCK_Data_Buffer
    main.o(i.Process_Socket_Data) refers to adc.o(i.AD_Conversion_627D_DMA) for AD_Conversion_627D_DMA
    main.o(i.Process_Socket_Data) refers to dataprocess.o(i.ADVoltage_2_Pressure627D) for ADVoltage_2_Pressure627D
    main.o(i.Process_Socket_Data) refers to f2d.o(.text) for __aeabi_f2d
    main.o(i.Process_Socket_Data) refers to printfa.o(i.__0printf) for __2printf
    main.o(i.Process_Socket_Data) refers to adc.o(i.AD_Conversion_025D_DMA) for AD_Conversion_025D_DMA
    main.o(i.Process_Socket_Data) refers to dataprocess.o(i.ADVoltage_2_Pressure025D) for ADVoltage_2_Pressure025D
    main.o(i.Process_Socket_Data) refers to iostate.o(i.Gas_State_Read) for Gas_State_Read
    main.o(i.Process_Socket_Data) refers to w5500.o(.bss) for Rx_Buffer
    main.o(i.Process_Socket_Data) refers to main.o(.data) for Pressure_Okay
    main.o(i.Process_Socket_Data) refers to cfrcmple.o(.text) for __aeabi_cfrcmple
    main.o(i.Process_Socket_Data) refers to cfcmple.o(.text) for __aeabi_cfcmple
    main.o(i.Status_LCD_Update) refers to iostate.o(i.Gas_State_Read) for Gas_State_Read
    main.o(i.Status_LCD_Update) refers to iostate.o(i.Gas_State_Read_LCD) for Gas_State_Read_LCD
    main.o(i.Status_LCD_Update) refers to test.o(i.Gas_StateLayerUpdate) for Gas_StateLayerUpdate
    main.o(i.Status_LCD_Update) refers to ffixi.o(.text) for __aeabi_f2iz
    main.o(i.Status_LCD_Update) refers to adc.o(i.AD_Conversion_1479A) for AD_Conversion_1479A
    main.o(i.Status_LCD_Update) refers to adc.o(i.AD_Conversion_627D) for AD_Conversion_627D
    main.o(i.Status_LCD_Update) refers to adc.o(i.AD_Conversion_025D) for AD_Conversion_025D
    main.o(i.Status_LCD_Update) refers to dataprocess.o(i.ADVoltage_2_Flow1479A) for ADVoltage_2_Flow1479A
    main.o(i.Status_LCD_Update) refers to dataprocess.o(i.ADVoltage_2_Pressure627D) for ADVoltage_2_Pressure627D
    main.o(i.Status_LCD_Update) refers to dataprocess.o(i.ADVoltage_2_Pressure025D) for ADVoltage_2_Pressure025D
    main.o(i.Status_LCD_Update) refers to test.o(i.ADC_LCD_Out) for ADC_LCD_Out
    main.o(i.Status_LCD_Update) refers to main.o(.data) for Package_AD_SamplingTimes
    main.o(i.Status_Register_Update) refers to iostate.o(i.Gas_State_Read) for Gas_State_Read
    main.o(i.Status_Register_Update) refers to ffixi.o(.text) for __aeabi_f2iz
[...]
    i.RCC_WaitForHSEStartUp                  0x08004594   Section        0  stm32f10x_rcc.o(i.RCC_WaitForHSEStartUp)
    i.Read_SOCK_Data_Buffer                  0x080045cc   Section        0  w5500.o(i.Read_SOCK_Data_Buffer)
    i.Read_W5500_1Byte                       0x080046fc   Section        0  w5500.o(i.Read_W5500_1Byte)
    i.Read_W5500_SOCK_1Byte                  0x08004744   Section        0  w5500.o(i.Read_W5500_SOCK_1Byte)
    i.Read_W5500_SOCK_2Byte                  0x08004798   Section        0  w5500.o(i.Read_W5500_SOCK_2Byte)
    i.SPI2_Init                              0x08004804   Section        0  spi.o(i.SPI2_Init)
    i.SPI3_Send_Byte                         0x080048a0   Section        0  w5500.o(i.SPI3_Send_Byte)
    i.SPI3_Send_Short                        0x080048c0   Section        0  w5500.o(i.SPI3_Send_Short)
    i.SPI_Cmd                                0x080048dc   Section        0  stm32f10x_spi.o(i.SPI_Cmd)
    i.SPI_Configuration                      0x080048f4   Section        0  w5500.o(i.SPI_Configuration)
    i.SPI_I2S_GetFlagStatus                  0x080049c4   Section        0  stm32f10x_spi.o(i.SPI_I2S_GetFlagStatus)
    i.SPI_I2S_ReceiveData                    0x080049d6   Section        0  stm32f10x_spi.o(i.SPI_I2S_ReceiveData)
    i.SPI_I2S_SendData                       0x080049dc   Section        0  stm32f10x_spi.o(i.SPI_I2S_SendData)
    i.SPI_Init                               0x080049e0   Section        0  stm32f10x_spi.o(i.SPI_Init)
    i.SPI_WriteByte                          0x08004a1c   Section        0  spi.o(i.SPI_WriteByte)
    i.SVC_Handler                            0x08004a3e   Section        0  stm32f10x_it.o(i.SVC_Handler)
    i.SetSysClock                            0x08004a40   Section        0  system_stm32f10x.o(i.SetSysClock)
    SetSysClock                              0x08004a41   Thumb Code     8  system_stm32f10x.o(i.SetSysClock)
    i.SetSysClockTo72                        0x08004a48   Section        0  system_stm32f10x.o(i.SetSysClockTo72)
    SetSysClockTo72                          0x08004a49   Thumb Code   214  system_stm32f10x.o(i.SetSysClockTo72)
    i.Show_Str                               0x08004b28   Section        0  gui.o(i.Show_Str)
    i.Socket_Connect                         0x08004c34   Section        0  w5500.o(i.Socket_Connect)
    i.Socket_Init                            0x08004c7c   Section        0  w5500.o(i.Socket_Init)
    i.Socket_Listen                          0x08004d14   Section        0  w5500.o(i.Socket_Listen)
    i.Socket_UDP                             0x08004d7a   Section        0  w5500.o(i.Socket_UDP)
    i.Status_LCD_Update                      0x08004db8   Section        0  main.o(i.Status_LCD_Update)
    i.Status_Register_Update_DMA             0x08004e54   Section        0  main.o(i.Status_Register_Update_DMA)
    i.SysTick_CLKSourceConfig                0x08004ef0   Section        0  misc.o(i.SysTick_CLKSourceConfig)
    i.SysTick_Handler                        0x08004f18   Section        0  stm32f10x_it.o(i.SysTick_Handler)
    i.SystemInit                             0x08004f1c   Section        0  system_stm32f10x.o(i.SystemInit)
    i.System_Initialization                  0x08004f7c   Section        0  w5500.o(i.System_Initialization)
    i.TIM2_IRQHandler                        0x08004f94   Section        0  w5500.o(i.TIM2_IRQHandler)
    i.TIM3_IRQHandler                        0x08004fc8   Section        0  stm32f10x_it.o(i.TIM3_IRQHandler)
    i.TIM_ClearITPendingBit                  0x08004fd8   Section        0  stm32f10x_tim.o(i.TIM_ClearITPendingBit)
    i.TIM_Cmd                                0x08004fde   Section        0  stm32f10x_tim.o(i.TIM_Cmd)
    i.TIM_GetITStatus                        0x08004ff6   Section        0  stm32f10x_tim.o(i.TIM_GetITStatus)
    i.TIM_ITConfig                           0x08005018   Section        0  stm32f10x_tim.o(i.TIM_ITConfig)
    i.TIM_OC2Init                            0x0800502c   Section        0  stm32f10x_tim.o(i.TIM_OC2Init)
    i.TIM_OC2PreloadConfig                   0x080050d0   Section        0  stm32f10x_tim.o(i.TIM_OC2PreloadConfig)
    i.TIM_SetCompare2                        0x080050ea   Section        0  stm32f10x_tim.o(i.TIM_SetCompare2)
    i.TIM_TimeBaseInit                       0x080050f0   Section        0  stm32f10x_tim.o(i.TIM_TimeBaseInit)
    i.Timer2_Init_Config                     0x08005194   Section        0  w5500.o(i.Timer2_Init_Config)
    i.Timing_Signal_Check                    0x080051d4   Section        0  exti.o(i.Timing_Signal_Check)
    i.Timing_Signal_init                     0x08005220   Section        0  exti.o(i.Timing_Signal_init)
    i.USART1_IRQHandler                      0x08005250   Section        0  stm32f10x_it.o(i.USART1_IRQHandler)
    i.USART2_IRQHandler                      0x08005294   Section        0  stm32f10x_it.o(i.USART2_IRQHandler)
    i.USART_ClearFlag                        0x080052f8   Section        0  stm32f10x_usart.o(i.USART_ClearFlag)
    i.USART_Cmd                              0x0800530a   Section        0  stm32f10x_usart.o(i.USART_Cmd)
    i.USART_GetFlagStatus                    0x08005322   Section        0  stm32f10x_usart.o(i.USART_GetFlagStatus)
    i.USART_GetITStatus                      0x0800533c   Section        0  stm32f10x_usart.o(i.USART_GetITStatus)
    i.USART_ITConfig                         0x08005390   Section        0  stm32f10x_usart.o(i.USART_ITConfig)
    i.USART_Init                             0x080053dc   Section        0  stm32f10x_usart.o(i.USART_Init)
    i.USART_ReceiveData                      0x080054b4   Section        0  stm32f10x_usart.o(i.USART_ReceiveData)
    i.USART_SendData                         0x080054be   Section        0  stm32f10x_usart.o(i.USART_SendData)
    i.UsageFault_Handler                     0x080054c6   Section        0  stm32f10x_it.o(i.UsageFault_Handler)
    i.VacuumValue_PID                        0x080054cc   Section        0  vacuumg.o(i.VacuumValue_PID)
    i.ValveStateChange                       0x080055dc   Section        0  iostate.o(i.ValveStateChange)
    i.ValveState_Init                        0x080057b4   Section        0  iostate.o(i.ValveState_Init)
    i.W5500_GPIO_Configuration               0x0800581c   Section        0  w5500.o(i.W5500_GPIO_Configuration)
    i.W5500_Hardware_Reset                   0x0800588c   Section        0  w5500.o(i.W5500_Hardware_Reset)
    i.W5500_Init                             0x080058c4   Section        0  w5500.o(i.W5500_Init)
    i.W5500_Initialization                   0x0800597c   Section        0  w5500.o(i.W5500_Initialization)
    i.W5500_Interrupt_Process                0x08005a0c   Section        0  w5500.o(i.W5500_Interrupt_Process)
    i.W5500_NVIC_Configuration               0x08005d28   Section        0  w5500.o(i.W5500_NVIC_Configuration)
    i.W5500_Socket_Set                       0x08005d48   Section        0  w5500.o(i.W5500_Socket_Set)
    i.Write_SOCK_Data_Buffer                 0x08005eec   Section        0  w5500.o(i.Write_SOCK_Data_Buffer)
    i.Write_W5500_1Byte                      0x08006000   Section        0  w5500.o(i.Write_W5500_1Byte)
    i.Write_W5500_2Byte                      0x08006034   Section        0  w5500.o(i.Write_W5500_2Byte)
    i.Write_W5500_SOCK_1Byte                 0x08006068   Section        0  w5500.o(i.Write_W5500_SOCK_1Byte)
    i.Write_W5500_SOCK_2Byte                 0x080060a8   Section        0  w5500.o(i.Write_W5500_SOCK_2Byte)
    i.Write_W5500_SOCK_4Byte                 0x080060e8   Section        0  w5500.o(i.Write_W5500_SOCK_4Byte)
    i.Write_W5500_nByte                      0x08006140   Section        0  w5500.o(i.Write_W5500_nByte)
    i.__0printf                              0x08006188   Section        0  printfa.o(i.__0printf)
    i.__0sprintf                             0x080061a8   Section        0  printfa.o(i.__0sprintf)
    i.__scatterload_copy                     0x080061d0   Section       14  handlers.o(i.__scatterload_copy)
    i.__scatterload_null                     0x080061de   Section        2  handlers.o(i.__scatterload_null)
    i.__scatterload_zeroinit                 0x080061e0   Section       14  handlers.o(i.__scatterload_zeroinit)
    i._draw_circle_8                         0x080061ee   Section        0  gui.o(i._draw_circle_8)
    i._fp_digits                             0x08006274   Section        0  printfa.o(i._fp_digits)
    _fp_digits                               0x08006275   Thumb Code   334  printfa.o(i._fp_digits)
    i._printf_core                           0x080063d8   Section        0  printfa.o(i._printf_core)
    _printf_core                             0x080063d9   Thumb Code  1744  printfa.o(i._printf_core)
    i._printf_post_padding                   0x08006ab4   Section        0  printfa.o(i._printf_post_padding)
    _printf_post_padding                     0x08006ab5   Thumb Code    36  printfa.o(i._printf_post_padding)
    i._printf_pre_padding                    0x08006ad8   Section        0  printfa.o(i._printf_pre_padding)
    _printf_pre_padding                      0x08006ad9   Thumb Code    46  printfa.o(i._printf_pre_padding)
    i._sputc                                 0x08006b06   Section        0  printfa.o(i._sputc)
    _sputc                                   0x08006b07   Thumb Code    10  printfa.o(i._sputc)
    i.adc10_init                             0x08006b10   Section        0  adc.o(i.adc10_init)
    i.adc11_init                             0x08006bb0   Section        0  adc.o(i.adc11_init)
    i.adc12_init                             0x08006c50   Section        0  adc.o(i.adc12_init)
    i.delay_init                             0x08006cf0   Section        0  systick.o(i.delay_init)
    i.delay_ms                               0x08006d2c   Section        0  systick.o(i.delay_ms)
    i.delay_us                               0x08006d64   Section        0  systick.o(i.delay_us)
    i.dma_test                               0x08006d9c   Section        0  adc.o(i.dma_test)
    i.fputc                                  0x08006ec8   Section        0  printf.o(i.fputc)
    i.gui_circle                             0x08006eec   Section        0  gui.o(i.gui_circle)
    i.iwdg_init                              0x08006f86   Section        0  iwdg.o(i.iwdg_init)
    i.main                                   0x08006fa8   Section        0  main.o(i.main)
    i.printf_init                            0x0800787c   Section        0  printf.o(i.printf_init)
    i.pwm_enable                             0x08007930   Section        0  pwm.o(i.pwm_enable)
    i.pwm_init                               0x08007940   Section        0  pwm.o(i.pwm_init)
    .constdata                               0x080079d0   Section     5806  gui.o(.constdata)
    .constdata                               0x08009080   Section     3236  test.o(.constdata)
    .conststring                             0x08009d24   Section       55  test.o(.conststring)
    .data                                    0x20000000   Section      208  main.o(.data)
    .data                                    0x200000d0   Section        2  stm32f10x_it.o(.data)
    k                                        0x200000d0   Data           1  stm32f10x_it.o(.data)
    k                                        0x200000d1   Data           1  stm32f10x_it.o(.data)
    .data                                    0x200000d2   Section       20  stm32f10x_rcc.o(.data)
    APBAHBPrescTable                         0x200000d2   Data          16  stm32f10x_rcc.o(.data)
    ADCPrescTable                            0x200000e2   Data           4  stm32f10x_rcc.o(.data)
    .data                                    0x200000e6   Section        4  systick.o(.data)
    fac_us                                   0x200000e6   Data           1  systick.o(.data)
    fac_ms                                   0x200000e8   Data           2  systick.o(.data)
    .data                                    0x200000ea   Section        6  lcd.o(.data)
    .data                                    0x200000f0   Section       10  test.o(.data)
    .data                                    0x200000fa   Section        2  iostate.o(.data)
    GPIO_State_return                        0x200000fa   Data           2  iostate.o(.data)
    .data                                    0x200000fc   Section       80  w5500.o(.data)
    .data                                    0x2000014c   Section       12  vacuumg.o(.data)
    error_I                                  0x2000014c   Data           4  vacuumg.o(.data)
    error_last                               0x20000150   Data           4  vacuumg.o(.data)
    Input_last                               0x20000154   Data           4  vacuumg.o(.data)
    .data                                    0x20000158   Section        4  stdout.o(.data)
    .bss                                     0x2000015c   Section       60  adc.o(.bss)
    .bss                                     0x20000198   Section       14  lcd.o(.bss)
    .bss                                     0x200001a6   Section       16  iostate.o(.bss)
    GPIO_State                               0x200001a6   Data          16  iostate.o(.bss)
    .bss                                     0x200001b6   Section     4096  w5500.o(.bss)
    STACK                                    0x200011b8   Section     1024  startup_stm32f10x_hd.o(STACK)

    Global Symbols

    Symbol Name                              Value     Ov Type        Size  Object(Section)

    BuildAttributes$$THM_ISAv4$P$D$K$B$S$PE$A:L22UL41UL21$X:L11$S22US41US21$IEEE1$IW$USESV6$~STKCKD$USESV7$~SHL$OTIME$ROPI$EBA8$MICROLIB$REQ8$PRES8$EABIv2 0x00000000   Number         0  anon$$obj.o ABSOLUTE
    __ARM_use_no_argv                        0x00000000   Number         0  main.o ABSOLUTE
    _printf_a                                0x00000000   Number         0  stubs.o ABSOLUTE
    _printf_c                                0x00000000   Number         0  stubs.o ABSOLUTE
    _printf_charcount                        0x00000000   Number         0  stubs.o ABSOLUTE
    _printf_d                                0x00000000   Number         0  stubs.o ABSOLUTE
    _printf_e                                0x00000000   Number         0  stubs.o ABSOLUTE
    _printf_f                                0x00000000   Number         0  stubs.o ABSOLUTE
    _printf_flags                            0x00000000   Number         0  stubs.o ABSOLUTE
    _printf_fp_dec                           0x00000000   Number         0  stubs.o ABSOLUTE
    _printf_fp_hex                           0x00000000   Number         0  stubs.o ABSOLUTE
    _printf_g                                0x00000000   Number         0  stubs.o ABSOLUTE
    _printf_i                                0x00000000   Number         0  stubs.o ABSOLUTE
    _printf_int_dec                          0x00000000   Number         0  stubs.o ABSOLUTE
    _printf_l                                0x00000000   Number         0  stubs.o ABSOLUTE
    _printf_lc                               0x00000000   Number         0  stubs.o ABSOLUTE
    _printf_ll                               0x00000000   Number         0  stubs.o ABSOLUTE
    _printf_lld                              0x00000000   Number         0  stubs.o ABSOLUTE
    _printf_lli                              0x00000000   Number         0  stubs.o ABSOLUTE
    _printf_llo                              0x00000000   Number         0  stubs.o ABSOLUTE
    _printf_llu                              0x00000000   Number         0  stubs.o ABSOLUTE
    _printf_llx                              0x00000000   Number         0  stubs.o ABSOLUTE
    _printf_longlong_dec                     0x00000000   Number         0  stubs.o ABSOLUTE
    _printf_longlong_hex                     0x00000000   Number         0  stubs.o ABSOLUTE
    _printf_longlong_oct                     0x00000000   Number         0  stubs.o ABSOLUTE
    _printf_ls                               0x00000000   Number         0  stubs.o ABSOLUTE
    _printf_mbtowc                           0x00000000   Number         0  stubs.o ABSOLUTE
    _printf_n                                0x00000000   Number         0  stubs.o ABSOLUTE
    _printf_o                                0x00000000   Number         0  stubs.o ABSOLUTE
    _printf_p                                0x00000000   Number         0  stubs.o ABSOLUTE
    _printf_percent                          0x00000000   Number         0  stubs.o ABSOLUTE
    _printf_pre_padding                      0x00000000   Number         0  stubs.o ABSOLUTE
    _printf_return_value                     0x00000000   Number         0  stubs.o ABSOLUTE
    _printf_s                                0x00000000   Number         0  stubs.o ABSOLUTE
    _printf_sizespec                         0x00000000   Number         0  stubs.o ABSOLUTE
    _printf_str                              0x00000000   Number         0  stubs.o ABSOLUTE
    _printf_truncate_signed                  0x00000000   Number         0  stubs.o ABSOLUTE
    _printf_truncate_unsigned                0x00000000   Number         0  stubs.o ABSOLUTE
    _printf_u                                0x00000000   Number         0  stubs.o ABSOLUTE
    _printf_wc                               0x00000000   Number         0  stubs.o ABSOLUTE
    _printf_wctomb                           0x00000000   Number         0  stubs.o ABSOLUTE
    _printf_widthprec                        0x00000000   Number         0  stubs.o ABSOLUTE
    _printf_x                                0x00000000   Number         0  stubs.o ABSOLUTE
    __cpp_initialize__aeabi_                  - Undefined Weak Reference
    __cxa_finalize                            - Undefined Weak Reference
    _clock_init                               - Undefined Weak Reference
    _microlib_exit                            - Undefined Weak Reference
    __Vectors_Size                           0x00000130   Number         0  startup_stm32f10x_hd.o ABSOLUTE
    __Vectors                                0x08000000   Data           4  startup_stm32f10x_hd.o(RESET)
    __Vectors_End                            0x08000130   Data           0  startup_stm32f10x_hd.o(RESET)
    __main                                   0x08000131   Thumb Code     0  entry.o(.ARM.Collect$$$$00000000)
    _main_stk                                0x08000131   Thumb Code     0  entry2.o(.ARM.Collect$$$$00000001)
    _main_scatterload                        0x08000135   Thumb Code     0  entry5.o(.ARM.Collect$$$$00000004)
    __main_after_scatterload                 0x08000139   Thumb Code     0  entry5.o(.ARM.Collect$$$$00000004)
    _main_clock                              0x08000139   Thumb Code     0  entry7b.o(.ARM.Collect$$$$00000008)
    _main_cpp_init                           0x08000139   Thumb Code     0  entry8b.o(.ARM.Collect$$$$0000000A)
    _main_init                               0x08000139   Thumb Code     0  entry9a.o(.ARM.Collect$$$$0000000B)
    __rt_final_cpp                           0x08000141   Thumb Code     0  entry10a.o(.ARM.Collect$$$$0000000D)
    __rt_final_exit                          0x08000141   Thumb Code     0  entry11a.o(.ARM.Collect$$$$0000000F)
    Reset_Handler                            0x08000145   Thumb Code     8  startup_stm32f10x_hd.o(.text)
    ADC1_2_IRQHandler                        0x0800015f   Thumb Code     0  startup_stm32f10x_hd.o(.text)
    ADC3_IRQHandler                          0x0800015f   Thumb Code     0  startup_stm32f10x_hd.o(.text)
    CAN1_RX1_IRQHandler                      0x0800015f   Thumb Code     0  startup_stm32f10x_hd.o(.text)
    CAN1_SCE_IRQHandler                      0x0800015f   Thumb Code     0  startup_stm32f10x_hd.o(.text)
    DMA1_Channel1_IRQHandler                 0x0800015f   Thumb Code     0  startup_stm32f10x_hd.o(.text)
    DMA1_Channel2_IRQHandler                 0x0800015f   Thumb Code     0  startup_stm32f10x_hd.o(.text)
    DMA1_Channel3_IRQHandler                 0x0800015f   Thumb Code     0  startup_stm32f10x_hd.o(.text)
    DMA1_Channel4_IRQHandler                 0x0800015f   Thumb Code     0  startup_stm32f10x_hd.o(.text)
    DMA1_Channel5_IRQHandler                 0x0800015f   Thumb Code     0  startup_stm32f10x_hd.o(.text)
    DMA1_Channel6_IRQHandler                 0x0800015f   Thumb Code     0  startup_stm32f10x_hd.o(.text)
    DMA1_Channel7_IRQHandler                 0x0800015f   Thumb Code     0  startup_stm32f10x_hd.o(.text)
    DMA2_Channel1_IRQHandler                 0x0800015f   Thumb Code     0  startup_stm32f10x_hd.o(.text)
    DMA2_Channel2_IRQHandler                 0x0800015f   Thumb Code     0  startup_stm32f10x_hd.o(.text)
    DMA2_Channel3_IRQHandler                 0x0800015f   Thumb Code     0  startup_stm32f10x_hd.o(.text)
    DMA2_Channel4_5_IRQHandler               0x0800015f   Thumb Code     0  startup_stm32f10x_hd.o(.text)
    EXTI0_IRQHandler                         0x0800015f   Thumb Code     0  startup_stm32f10x_hd.o(.text)
    EXTI15_10_IRQHandler                     0x0800015f   Thumb Code     0  startup_stm32f10x_hd.o(.text)
    EXTI3_IRQHandler                         0x0800015f   Thumb Code     0  startup_stm32f10x_hd.o(.text)
    EXTI4_IRQHandler                         0x0800015f   Thumb Code     0  startup_stm32f10x_hd.o(.text)
    FLASH_IRQHandler                         0x0800015f   Thumb Code     0  startup_stm32f10x_hd.o(.text)
    FSMC_IRQHandler                          0x0800015f   Thumb Code     0  startup_stm32f10x_hd.o(.text)
    I2C1_ER_IRQHandler                       0x0800015f   Thumb Code     0  startup_stm32f10x_hd.o(.text)
    I2C1_EV_IRQHandler                       0x0800015f   Thumb Code     0  startup_stm32f10x_hd.o(.text)
    I2C2_ER_IRQHandler                       0x0800015f   Thumb Code     0  startup_stm32f10x_hd.o(.text)
    I2C2_EV_IRQHandler                       0x0800015f   Thumb Code     0  startup_stm32f10x_hd.o(.text)
    PVD_IRQHandler                           0x0800015f   Thumb Code     0  startup_stm32f10x_hd.o(.text)
    RCC_IRQHandler                           0x0800015f   Thumb Code     0  startup_stm32f10x_hd.o(.text)
    RTCAlarm_IRQHandler                      0x0800015f   Thumb Code     0  startup_stm32f10x_hd.o(.text)
    RTC_IRQHandler                           0x0800015f   Thumb Code     0  startup_stm32f10x_hd.o(.text)
    SDIO_IRQHandler                          0x0800015f   Thumb Code     0  startup_stm32f10x_hd.o(.text)
    SPI1_IRQHandler                          0x0800015f   Thumb Code     0  startup_stm32f10x_hd.o(.text)
    SPI2_IRQHandler                          0x0800015f   Thumb Code     0  startup_stm32f10x_hd.o(.text)
    SPI3_IRQHandler                          0x0800015f   Thumb Code     0  startup_stm32f10x_hd.o(.text)
    TAMPER_IRQHandler                        0x0800015f   Thumb Code     0  startup_stm32f10x_hd.o(.text)
    TIM1_BRK_IRQHandler                      0x0800015f   Thumb Code     0  startup_stm32f10x_hd.o(.text)
    TIM1_CC_IRQHandler                       0x0800015f   Thumb Code     0  startup_stm32f10x_hd.o(.text)
    TIM1_TRG_COM_IRQHandler                  0x0800015f   Thumb Code     0  startup_stm32f10x_hd.o(.text)
    TIM1_UP_IRQHandler                       0x0800015f   Thumb Code     0  startup_stm32f10x_hd.o(.text)
    TIM4_IRQHandler                          0x0800015f   Thumb Code     0  startup_stm32f10x_hd.o(.text)
    TIM5_IRQHandler                          0x0800015f   Thumb Code     0  startup_stm32f10x_hd.o(.text)
    TIM6_IRQHandler                          0x0800015f   Thumb Code     0  startup_stm32f10x_hd.o(.text)
    TIM7_IRQHandler                          0x0800015f   Thumb Code     0  startup_stm32f10x_hd.o(.text)
    TIM8_BRK_IRQHandler                      0x0800015f   Thumb Code     0  startup_stm32f10x_hd.o(.text)
    TIM8_CC_IRQHandler                       0x0800015f   Thumb Code     0  startup_stm32f10x_hd.o(.text)
    TIM8_TRG_COM_IRQHandler                  0x0800015f   Thumb Code     0  startup_stm32f10x_hd.o(.text)
    TIM8_UP_IRQHandler                       0x0800015f   Thumb Code     0  startup_stm32f10x_hd.o(.text)
    UART4_IRQHandler                         0x0800015f   Thumb Code     0  startup_stm32f10x_hd.o(.text)
    UART5_IRQHandler                         0x0800015f   Thumb Code     0  startup_stm32f10x_hd.o(.text)
    USART3_IRQHandler                        0x0800015f   Thumb Code     0  startup_stm32f10x_hd.o(.text)
    USBWakeUp_IRQHandler                     0x0800015f   Thumb Code     0  startup_stm32f10x_hd.o(.text)
    USB_HP_CAN1_TX_IRQHandler                0x0800015f   Thumb Code     0  startup_stm32f10x_hd.o(.text)
    USB_LP_CAN1_RX0_IRQHandler               0x0800015f   Thumb Code     0  startup_stm32f10x_hd.o(.text)
    WWDG_IRQHandler                          0x0800015f   Thumb Code     0  startup_stm32f10x_hd.o(.text)
    __aeabi_memcpy                           0x08000169   Thumb Code    36  memcpya.o(.text)
    __aeabi_memcpy4                          0x08000169   Thumb Code     0  memcpya.o(.text)
    __aeabi_memcpy8                          0x08000169   Thumb Code     0  memcpya.o(.text)
    __aeabi_fadd                             0x0800018d   Thumb Code   164  fadd.o(.text)
    __aeabi_fsub                             0x08000231   Thumb Code     6  fadd.o(.text)
    __aeabi_frsub                            0x08000237   Thumb Code     6  fadd.o(.text)
    __aeabi_fmul                             0x0800023d   Thumb Code   100  fmul.o(.text)
    __aeabi_fdiv                             0x080002a1   Thumb Code   124  fdiv.o(.text)
    __aeabi_dadd                             0x0800031d   Thumb Code   322  dadd.o(.text)
    __aeabi_dsub                             0x0800045f   Thumb Code     6  dadd.o(.text)
    __aeabi_drsub                            0x08000465   Thumb Code     6  dadd.o(.text)
    __aeabi_dmul                             0x0800046b   Thumb Code   228  dmul.o(.text)
    __aeabi_ddiv                             0x0800054f   Thumb Code   222  ddiv.o(.text)
    __aeabi_i2f                              0x0800062d   Thumb Code    18  fflti.o(.text)
    __aeabi_ui2f                             0x0800063f   Thumb Code    10  ffltui.o(.text)
    __aeabi_i2d                              0x08000649   Thumb Code    34  dflti.o(.text)
    __aeabi_f2iz                             0x0800066b   Thumb Code    50  ffixi.o(.text)
    __aeabi_f2uiz                            0x0800069d   Thumb Code    40  ffixui.o(.text)
    __aeabi_f2d                              0x080006c5   Thumb Code    38  f2d.o(.text)
    __aeabi_cdcmpeq                          0x080006ed   Thumb Code     0  cdcmple.o(.text)
    __aeabi_cdcmple                          0x080006ed   Thumb Code    48  cdcmple.o(.text)
    __aeabi_cdrcmple                         0x0800071d   Thumb Code    48  cdrcmple.o(.text)
    __aeabi_d2f                              0x0800074d   Thumb Code    56  d2f.o(.text)
    __aeabi_cfcmpeq                          0x08000785   Thumb Code     0  cfcmple.o(.text)
    __aeabi_cfcmple                          0x08000785   Thumb Code    20  cfcmple.o(.text)
    __aeabi_cfrcmple                         0x08000799   Thumb Code    20  cfrcmple.o(.text)
    __aeabi_uidiv                            0x080007ad   Thumb Code     0  uidiv.o(.text)
    __aeabi_uidivmod                         0x080007ad   Thumb Code    44  uidiv.o(.text)
    __aeabi_uldivmod                         0x080007d9   Thumb Code    98  uldiv.o(.text)
    __aeabi_llsl                             0x0800083b   Thumb Code    30  llshl.o(.text)
    _ll_shift_l                              0x0800083b   Thumb Code     0  llshl.o(.text)
    __aeabi_lasr                             0x08000859   Thumb Code    36  llsshr.o(.text)
    _ll_sshift_r                             0x08000859   Thumb Code     0  llsshr.o(.text)
    __I$use$fp                               0x0800087d   Thumb Code     0  iusefp.o(.text)
    _float_round                             0x0800087d   Thumb Code    18  fepilogue.o(.text)
    _float_epilogue                          0x0800088f   Thumb Code    92  fepilogue.o(.text)
    _double_round                            0x080008eb   Thumb Code    30  depilogue.o(.text)
    _double_epilogue                         0x08000909   Thumb Code   156  depilogue.o(.text)
    __aeabi_d2ulz                            0x080009a5   Thumb Code    48  dfixul.o(.text)
    __scatterload                            0x080009d5   Thumb Code    28  init.o(.text)
    __scatterload_rt2                        0x080009d5   Thumb Code     0  init.o(.text)
    __aeabi_llsr                             0x080009f9   Thumb Code    32  llushr.o(.text)
    _ll_ushift_r                             0x080009f9   Thumb Code     0  llushr.o(.text)
    __decompress                             0x08000a19   Thumb Code     0  __dczerorl2.o(.text)
    __decompress1                            0x08000a19   Thumb Code    86  __dczerorl2.o(.text)
    ADC_Cmd                                  0x08000a6f   Thumb Code    22  stm32f10x_adc.o(i.ADC_Cmd)
    ADC_DMACmd                               0x08000a85   Thumb Code    22  stm32f10x_adc.o(i.ADC_DMACmd)
    ADC_DeInit                               0x08000a9d   Thumb Code    78  stm32f10x_adc.o(i.ADC_DeInit)
    ADC_GetCalibrationStatus                 0x08000af9   Thumb Code    20  stm32f10x_adc.o(i.ADC_GetCalibrationStatus)
    ADC_GetConversionValue                   0x08000b0d   Thumb Code     8  stm32f10x_adc.o(i.ADC_GetConversionValue)
    ADC_GetFlagStatus                        0x08000b15   Thumb Code    18  stm32f10x_adc.o(i.ADC_GetFlagStatus)
    ADC_GetResetCalibrationStatus            0x08000b27   Thumb Code    20  stm32f10x_adc.o(i.ADC_GetResetCalibrationStatus)
    ADC_Init                                 0x08000b3d   Thumb Code    70  stm32f10x_adc.o(i.ADC_Init)
    ADC_LCD_Out                              0x08000b8d   Thumb Code   170  test.o(i.ADC_LCD_Out)
    ADC_RegularChannelConfig                 0x08000c45   Thumb Code   184  stm32f10x_adc.o(i.ADC_RegularChannelConfig)
    ADC_ResetCalibration                     0x08000cfd   Thumb Code    10  stm32f10x_adc.o(i.ADC_ResetCalibration)
    ADC_SoftwareStartConvCmd                 0x08000d07   Thumb Code    22  stm32f10x_adc.o(i.ADC_SoftwareStartConvCmd)
    ADC_StartCalibration                     0x08000d1d   Thumb Code    10  stm32f10x_adc.o(i.ADC_StartCalibration)
    ADVoltage_2_Flow1479A                    0x08000d27   Thumb Code     2  dataprocess.o(i.ADVoltage_2_Flow1479A)
    ADVoltage_2_Pressure025D                 0x08000d29   Thumb Code    48  dataprocess.o(i.ADVoltage_2_Pressure025D)
    ADVoltage_2_Pressure627D                 0x08000d61   Thumb Code    48  dataprocess.o(i.ADVoltage_2_Pressure627D)
    AD_Conversion_025D                       0x08000d99   Thumb Code    64  adc.o(i.AD_Conversion_025D)
    AD_Conversion_025D_DMA                   0x08000de1   Thumb Code    86  adc.o(i.AD_Conversion_025D_DMA)
    AD_Conversion_1479A                      0x08000e45   Thumb Code    64  adc.o(i.AD_Conversion_1479A)
    AD_Conversion_1479A_DMA                  0x08000e8d   Thumb Code    86  adc.o(i.AD_Conversion_1479A_DMA)
    AD_Conversion_627D                       0x08000ef1   Thumb Code    64  adc.o(i.AD_Conversion_627D)
    AD_Conversion_627D_DMA                   0x08000f39   Thumb Code    86  adc.o(i.AD_Conversion_627D_DMA)
    BusFault_Handler                         0x08000f9d   Thumb Code     4  stm32f10x_it.o(i.BusFault_Handler)
    CheckCRC16                               0x08000fa1   Thumb Code    78  dataprocess.o(i.CheckCRC16)
    DAC_SetChannel1Data                      0x08000ff1   Thumb Code    26  stm32f10x_dac.o(i.DAC_SetChannel1Data)
    DMA_Cmd                                  0x08001011   Thumb Code    24  stm32f10x_dma.o(i.DMA_Cmd)
    DMA_DeInit                               0x08001029   Thumb Code   324  stm32f10x_dma.o(i.DMA_DeInit)
    DMA_Init                                 0x08001175   Thumb Code    60  stm32f10x_dma.o(i.DMA_Init)
    Dac1_Set_Vol                             0x080011b1   Thumb Code    80  dac.o(i.Dac1_Set_Vol)
    DebugMon_Handler                         0x08001209   Thumb Code     2  stm32f10x_it.o(i.DebugMon_Handler)
    Delay                                    0x0800120d   Thumb Code    18  w5500.o(i.Delay)
    Detect_Gateway                           0x08001225   Thumb Code   196  w5500.o(i.Detect_Gateway)
    EXTI1_IRQHandler                         0x080012ed   Thumb Code    60  stm32f10x_it.o(i.EXTI1_IRQHandler)
    EXTI2_IRQHandler                         0x08001371   Thumb Code    76  stm32f10x_it.o(i.EXTI2_IRQHandler)
    EXTI9_5_IRQHandler                       0x080013c5   Thumb Code    28  w5500.o(i.EXTI9_5_IRQHandler)
    EXTI_ClearITPendingBit                   0x080013e5   Thumb Code     6  stm32f10x_exti.o(i.EXTI_ClearITPendingBit)
    EXTI_GetITStatus                         0x080013f1   Thumb Code    34  stm32f10x_exti.o(i.EXTI_GetITStatus)
    EXTI_Init                                0x08001419   Thumb Code   142  stm32f10x_exti.o(i.EXTI_Init)
    FLASH_PrefetchBufferCmd                  0x080014ad   Thumb Code    22  stm32f10x_flash.o(i.FLASH_PrefetchBufferCmd)
    FLASH_SetLatency                         0x080014c9   Thumb Code    18  stm32f10x_flash.o(i.FLASH_SetLatency)
    Flow1479A_2_ADVoltage                    0x080014e1   Thumb Code     2  dataprocess.o(i.Flow1479A_2_ADVoltage)
    Flow_1479A_Adjustment                    0x080014e5   Thumb Code    54  1479a.o(i.Flow_1479A_Adjustment)
    GPIO_EXTILineConfig                      0x08001521   Thumb Code    60  stm32f10x_gpio.o(i.GPIO_EXTILineConfig)
    GPIO_Init                                0x08001561   Thumb Code   278  stm32f10x_gpio.o(i.GPIO_Init)
    GPIO_PinRemapConfig                      0x08001679   Thumb Code   138  stm32f10x_gpio.o(i.GPIO_PinRemapConfig)
    GPIO_ReadInputDataBit                    0x08001709   Thumb Code    18  stm32f10x_gpio.o(i.GPIO_ReadInputDataBit)
    GPIO_ReadOutputDataBit                   0x0800171b   Thumb Code    18  stm32f10x_gpio.o(i.GPIO_ReadOutputDataBit)
    GPIO_ResetBits                           0x0800172d   Thumb Code     4  stm32f10x_gpio.o(i.GPIO_ResetBits)
    GPIO_SetBits                             0x08001731   Thumb Code     4  stm32f10x_gpio.o(i.GPIO_SetBits)
    GUI_DrawFont16                           0x08001735   Thumb Code   252  gui.o(i.GUI_DrawFont16)
    GUI_DrawFont24                           0x0800183d   Thumb Code   268  gui.o(i.GUI_DrawFont24)
    GUI_DrawFont32                           0x08001955   Thumb Code   252  gui.o(i.GUI_DrawFont32)
    GUI_DrawPoint                            0x08001a5d   Thumb Code    24  gui.o(i.GUI_DrawPoint)
    Gas_StateLayer                           0x08001a75   Thumb Code    70  test.o(i.Gas_StateLayer)
    Gas_StateLayerUpdate                     0x08001ac1   Thumb Code   312  test.o(i.Gas_StateLayerUpdate)
    Gas_State_Read                           0x08001c05   Thumb Code   404  iostate.o(i.Gas_State_Read)
    Gas_State_Read_LCD                       0x08001da9   Thumb Code   212  iostate.o(i.Gas_State_Read_LCD)
    GetCRC16                                 0x08001e8d   Thumb Code    56  dataprocess.o(i.GetCRC16)
    Get_ADC_Value                            0x08001ec5   Thumb Code    80  adc.o(i.Get_ADC_Value)
    GridLayer                                0x08001f19   Thumb Code   822  test.o(i.GridLayer)
    HardFault_Handler                        0x08002351   Thumb Code     4  stm32f10x_it.o(i.HardFault_Handler)
    Hsdd_Data_Send                           0x08002355   Thumb Code   294  main.o(i.Hsdd_Data_Send)
    IWDG_Enable                              0x08002485   Thumb Code    10  stm32f10x_iwdg.o(i.IWDG_Enable)
    IWDG_ReloadCounter                       0x08002495   Thumb Code    10  stm32f10x_iwdg.o(i.IWDG_ReloadCounter)
    IWDG_SetPrescaler                        0x080024a5   Thumb Code     6  stm32f10x_iwdg.o(i.IWDG_SetPrescaler)
    IWDG_SetReload                           0x080024b1   Thumb Code     6  stm32f10x_iwdg.o(i.IWDG_SetReload)
    IWDG_WriteAccessCmd                      0x080024bd   Thumb Code     6  stm32f10x_iwdg.o(i.IWDG_WriteAccessCmd)
    LCD_Clear                                0x080024c9   Thumb Code    88  lcd.o(i.LCD_Clear)
    LCD_DrawLine                             0x08002529   Thumb Code   176  gui.o(i.LCD_DrawLine)
    LCD_DrawPoint                            0x080025d9   Thumb Code    24  lcd.o(i.LCD_DrawPoint)
    LCD_GPIOInit                             0x080025f5   Thumb Code    40  lcd.o(i.LCD_GPIOInit)
    LCD_Init                                 0x08002621   Thumb Code   588  lcd.o(i.LCD_Init)
    LCD_RESET                                0x08002871   Thumb Code    34  lcd.o(i.LCD_RESET)
    LCD_SetCursor                            0x08002899   Thumb Code    20  lcd.o(i.LCD_SetCursor)
    LCD_SetWindows                           0x080028ad   Thumb Code    84  lcd.o(i.LCD_SetWindows)
    LCD_ShowChar                             0x08002905   Thumb Code   276  gui.o(i.LCD_ShowChar)
    LCD_WR_DATA                              0x08002a29   Thumb Code    38  lcd.o(i.LCD_WR_DATA)
    LCD_WR_REG                               0x08002a59   Thumb Code    36  lcd.o(i.LCD_WR_REG)
    LCD_WriteRAM_Prepare                     0x08002a85   Thumb Code    12  lcd.o(i.LCD_WriteRAM_Prepare)
    LCD_WriteReg                             0x08002a95   Thumb Code    20  lcd.o(i.LCD_WriteReg)
    LCD_direction                            0x08002aa9   Thumb Code   128  lcd.o(i.LCD_direction)
    LED_Init                                 0x08002b2d   Thumb Code    76  led.o(i.LED_Init)
    Lcd_WriteData_16Bit                      0x08002b81   Thumb Code    46  lcd.o(i.Lcd_WriteData_16Bit)
    Load_Net_Parameters                      0x08002bb9   Thumb Code   142  w5500.o(i.Load_Net_Parameters)
    MemManage_Handler                        0x08002c79   Thumb Code     4  stm32f10x_it.o(i.MemManage_Handler)
    NMI_Handler                              0x08002c7d   Thumb Code     2  stm32f10x_it.o(i.NMI_Handler)
    NVIC_Configuration                       0x08002c7f   Thumb Code    54  w5500.o(i.NVIC_Configuration)
    NVIC_Init                                0x08002cb5   Thumb Code   100  misc.o(i.NVIC_Init)
    NVIC_PriorityGroupConfig                 0x08002d25   Thumb Code    10  misc.o(i.NVIC_PriorityGroupConfig)
    NVIC_SetVectorTable                      0x08002d39   Thumb Code    12  misc.o(i.NVIC_SetVectorTable)
    PendSV_Handler                           0x08002d4d   Thumb Code     2  stm32f10x_it.o(i.PendSV_Handler)
    Pressure627D_2_ADVoltage                 0x08002d51   Thumb Code    46  dataprocess.o(i.Pressure627D_2_ADVoltage)
    Process_Package_Receive                  0x08002d89   Thumb Code   592  main.o(i.Process_Package_Receive)
    Process_Socket_Data                      0x08003189   Thumb Code  4268  main.o(i.Process_Socket_Data)
    RCC_ADCCLKConfig                         0x08004235   Thumb Code    18  stm32f10x_rcc.o(i.RCC_ADCCLKConfig)
    RCC_AHBPeriphClockCmd                    0x0800424d   Thumb Code    26  stm32f10x_rcc.o(i.RCC_AHBPeriphClockCmd)
    RCC_APB1PeriphClockCmd                   0x0800426d   Thumb Code    26  stm32f10x_rcc.o(i.RCC_APB1PeriphClockCmd)
    RCC_APB2PeriphClockCmd                   0x0800428d   Thumb Code    26  stm32f10x_rcc.o(i.RCC_APB2PeriphClockCmd)
    RCC_APB2PeriphResetCmd                   0x080042ad   Thumb Code    26  stm32f10x_rcc.o(i.RCC_APB2PeriphResetCmd)
    RCC_ClockSecuritySystemCmd               0x080042cd   Thumb Code     6  stm32f10x_rcc.o(i.RCC_ClockSecuritySystemCmd)
    RCC_Configuration                        0x080042d9   Thumb Code   122  w5500.o(i.RCC_Configuration)
    RCC_DeInit                               0x08004355   Thumb Code    64  stm32f10x_rcc.o(i.RCC_DeInit)
    RCC_GetClocksFreq                        0x080043a1   Thumb Code   192  stm32f10x_rcc.o(i.RCC_GetClocksFreq)
    RCC_GetFlagStatus                        0x08004475   Thumb Code    56  stm32f10x_rcc.o(i.RCC_GetFlagStatus)
    RCC_GetSYSCLKSource                      0x080044b1   Thumb Code    10  stm32f10x_rcc.o(i.RCC_GetSYSCLKSource)
    RCC_HCLKConfig                           0x080044c1   Thumb Code    18  stm32f10x_rcc.o(i.RCC_HCLKConfig)
    RCC_HSEConfig                            0x080044d9   Thumb Code    70  stm32f10x_rcc.o(i.RCC_HSEConfig)
    RCC_PCLK1Config                          0x08004525   Thumb Code    18  stm32f10x_rcc.o(i.RCC_PCLK1Config)
    RCC_PCLK2Config                          0x0800453d   Thumb Code    20  stm32f10x_rcc.o(i.RCC_PCLK2Config)
    RCC_PLLCmd                               0x08004555   Thumb Code     6  stm32f10x_rcc.o(i.RCC_PLLCmd)
    RCC_PLLConfig                            0x08004561   Thumb Code    24  stm32f10x_rcc.o(i.RCC_PLLConfig)
    RCC_SYSCLKConfig                         0x0800457d   Thumb Code    18  stm32f10x_rcc.o(i.RCC_SYSCLKConfig)
    RCC_WaitForHSEStartUp                    0x08004595   Thumb Code    56  stm32f10x_rcc.o(i.RCC_WaitForHSEStartUp)
    Read_SOCK_Data_Buffer                    0x080045cd   Thumb Code   296  w5500.o(i.Read_SOCK_Data_Buffer)
    Read_W5500_1Byte                         0x080046fd   Thumb Code    62  w5500.o(i.Read_W5500_1Byte)
    Read_W5500_SOCK_1Byte                    0x08004745   Thumb Code    74  w5500.o(i.Read_W5500_SOCK_1Byte)
    Read_W5500_SOCK_2Byte                    0x08004799   Thumb Code    98  w5500.o(i.Read_W5500_SOCK_2Byte)
    SPI2_Init                                0x08004805   Thumb Code   148  spi.o(i.SPI2_Init)
    SPI3_Send_Byte                           0x080048a1   Thumb Code    28  w5500.o(i.SPI3_Send_Byte)
    SPI3_Send_Short                          0x080048c1   Thumb Code    28  w5500.o(i.SPI3_Send_Short)
    SPI_Cmd                                  0x080048dd   Thumb Code    24  stm32f10x_spi.o(i.SPI_Cmd)
    SPI_Configuration                        0x080048f5   Thumb Code   192  w5500.o(i.SPI_Configuration)
    SPI_I2S_GetFlagStatus                    0x080049c5   Thumb Code    18  stm32f10x_spi.o(i.SPI_I2S_GetFlagStatus)
    SPI_I2S_ReceiveData                      0x080049d7   Thumb Code     6  stm32f10x_spi.o(i.SPI_I2S_ReceiveData)
    SPI_I2S_SendData                         0x080049dd   Thumb Code     4  stm32f10x_spi.o(i.SPI_I2S_SendData)
    SPI_Init                                 0x080049e1   Thumb Code    60  stm32f10x_spi.o(i.SPI_Init)
    SPI_WriteByte                            0x08004a1d   Thumb Code    34  spi.o(i.SPI_WriteByte)
    SVC_Handler                              0x08004a3f   Thumb Code     2  stm32f10x_it.o(i.SVC_Handler)
    Show_Str                                 0x08004b29   Thumb Code   264  gui.o(i.Show_Str)
    Socket_Connect                           0x08004c35   Thumb Code    70  w5500.o(i.Socket_Connect)
    Socket_Init                              0x08004c7d   Thumb Code   134  w5500.o(i.Socket_Init)
    Socket_Listen                            0x08004d15   Thumb Code   102  w5500.o(i.Socket_Listen)
    Socket_UDP                               0x08004d7b   Thumb Code    60  w5500.o(i.Socket_UDP)
    Status_LCD_Update                        0x08004db9   Thumb Code   128  main.o(i.Status_LCD_Update)
    Status_Register_Update_DMA               0x08004e55   Thumb Code   132  main.o(i.Status_Register_Update_DMA)
    SysTick_CLKSourceConfig                  0x08004ef1   Thumb Code    40  misc.o(i.SysTick_CLKSourceConfig)
    SysTick_Handler                          0x08004f19   Thumb Code     2  stm32f10x_it.o(i.SysTick_Handler)
    SystemInit                               0x08004f1d   Thumb Code    78  system_stm32f10x.o(i.SystemInit)
    System_Initialization                    0x08004f7d   Thumb Code    24  w5500.o(i.System_Initialization)
    TIM2_IRQHandler                          0x08004f95   Thumb Code    44  w5500.o(i.TIM2_IRQHandler)
    TIM3_IRQHandler                          0x08004fc9   Thumb Code    12  stm32f10x_it.o(i.TIM3_IRQHandler)
    TIM_ClearITPendingBit                    0x08004fd9   Thumb Code     6  stm32f10x_tim.o(i.TIM_ClearITPendingBit)
    TIM_Cmd                                  0x08004fdf   Thumb Code    24  stm32f10x_tim.o(i.TIM_Cmd)
    TIM_GetITStatus                          0x08004ff7   Thumb Code    34  stm32f10x_tim.o(i.TIM_GetITStatus)
    TIM_ITConfig                             0x08005019   Thumb Code    18  stm32f10x_tim.o(i.TIM_ITConfig)
    TIM_OC2Init                              0x0800502d   Thumb Code   154  stm32f10x_tim.o(i.TIM_OC2Init)
    TIM_OC2PreloadConfig                     0x080050d1   Thumb Code    26  stm32f10x_tim.o(i.TIM_OC2PreloadConfig)
    TIM_SetCompare2                          0x080050eb   Thumb Code     4  stm32f10x_tim.o(i.TIM_SetCompare2)
    TIM_TimeBaseInit                         0x080050f1   Thumb Code   122  stm32f10x_tim.o(i.TIM_TimeBaseInit)
    Timer2_Init_Config                       0x08005195   Thumb Code    64  w5500.o(i.Timer2_Init_Config)
    Timing_Signal_Check                      0x080051d5   Thumb Code    38  exti.o(i.Timing_Signal_Check)
    Timing_Signal_init                       0x08005221   Thumb Code    44  exti.o(i.Timing_Signal_init)
    USART1_IRQHandler                        0x08005251   Thumb Code    58  stm32f10x_it.o(i.USART1_IRQHandler)
    USART2_IRQHandler                        0x08005295   Thumb Code    86  stm32f10x_it.o(i.USART2_IRQHandler)
    USART_ClearFlag                          0x080052f9   Thumb Code    18  stm32f10x_usart.o(i.USART_ClearFlag)
    USART_Cmd                                0x0800530b   Thumb Code    24  stm32f10x_usart.o(i.USART_Cmd)
    USART_GetFlagStatus                      0x08005323   Thumb Code    26  stm32f10x_usart.o(i.USART_GetFlagStatus)
    USART_GetITStatus                        0x0800533d   Thumb Code    84  stm32f10x_usart.o(i.USART_GetITStatus)
    USART_ITConfig                           0x08005391   Thumb Code    74  stm32f10x_usart.o(i.USART_ITConfig)
    USART_Init                               0x080053dd   Thumb Code   210  stm32f10x_usart.o(i.USART_Init)
    USART_ReceiveData                        0x080054b5   Thumb Code    10  stm32f10x_usart.o(i.USART_ReceiveData)
    USART_SendData                           0x080054bf   Thumb Code     8  stm32f10x_usart.o(i.USART_SendData)
    UsageFault_Handler                       0x080054c7   Thumb Code     4  stm32f10x_it.o(i.UsageFault_Handler)
    VacuumValue_PID                          0x080054cd   Thumb Code   206  vacuumg.o(i.VacuumValue_PID)
    ValveStateChange                         0x080055dd   Thumb Code   460  iostate.o(i.ValveStateChange)
    ValveState_Init                          0x080057b5   Thumb Code    92  iostate.o(i.ValveState_Init)
    W5500_GPIO_Configuration                 0x0800581d   Thumb Code   108  w5500.o(i.W5500_GPIO_Configuration)
    W5500_Hardware_Reset                     0x0800588d   Thumb Code    52  w5500.o(i.W5500_Hardware_Reset)
    W5500_Init                               0x080058c5   Thumb Code   166  w5500.o(i.W5500_Init)
    W5500_Initialization                     0x0800597d   Thumb Code    80  w5500.o(i.W5500_Initialization)
    W5500_Interrupt_Process                  0x08005a0d   Thumb Code   648  w5500.o(i.W5500_Interrupt_Process)
    W5500_NVIC_Configuration                 0x08005d29   Thumb Code    32  w5500.o(i.W5500_NVIC_Configuration)
    W5500_Socket_Set                         0x08005d49   Thumb Code   386  w5500.o(i.W5500_Socket_Set)
    Write_SOCK_Data_Buffer                   0x08005eed   Thumb Code   264  w5500.o(i.Write_SOCK_Data_Buffer)
    Write_W5500_1Byte                        0x08006001   Thumb Code    46  w5500.o(i.Write_W5500_1Byte)
    Write_W5500_2Byte                        0x08006035   Thumb Code    46  w5500.o(i.Write_W5500_2Byte)
    Write_W5500_SOCK_1Byte                   0x08006069   Thumb Code    58  w5500.o(i.Write_W5500_SOCK_1Byte)
    Write_W5500_SOCK_2Byte                   0x080060a9   Thumb Code    58  w5500.o(i.Write_W5500_SOCK_2Byte)
    Write_W5500_SOCK_4Byte                   0x080060e9   Thumb Code    84  w5500.o(i.Write_W5500_SOCK_4Byte)
    Write_W5500_nByte                        0x08006141   Thumb Code    66  w5500.o(i.Write_W5500_nByte)
    __0printf                                0x08006189   Thumb Code    22  printfa.o(i.__0printf)
    __1printf                                0x08006189   Thumb Code     0  printfa.o(i.__0printf)
    __2printf                                0x08006189   Thumb Code     0  printfa.o(i.__0printf)
    __c89printf                              0x08006189   Thumb Code     0  printfa.o(i.__0printf)
    printf                                   0x08006189   Thumb Code     0  printfa.o(i.__0printf)
    __0sprintf                               0x080061a9   Thumb Code    34  printfa.o(i.__0sprintf)
    __1sprintf                               0x080061a9   Thumb Code     0  printfa.o(i.__0sprintf)
    __2sprintf                               0x080061a9   Thumb Code     0  printfa.o(i.__0sprintf)
    __c89sprintf                             0x080061a9   Thumb Code     0  printfa.o(i.__0sprintf)
    sprintf                                  0x080061a9   Thumb Code     0  printfa.o(i.__0sprintf)
    __scatterload_copy                       0x080061d1   Thumb Code    14  handlers.o(i.__scatterload_copy)
    __scatterload_null                       0x080061df   Thumb Code     2  handlers.o(i.__scatterload_null)
    __scatterload_zeroinit                   0x080061e1   Thumb Code    14  handlers.o(i.__scatterload_zeroinit)
    _draw_circle_8                           0x080061ef   Thumb Code   132  gui.o(i._draw_circle_8)
    adc10_init                               0x08006b11   Thumb Code   152  adc.o(i.adc10_init)
    adc11_init                               0x08006bb1   Thumb Code   152  adc.o(i.adc11_init)
    adc12_init                               0x08006c51   Thumb Code   152  adc.o(i.adc12_init)
    delay_init                               0x08006cf1   Thumb Code    52  systick.o(i.delay_init)
    delay_ms                                 0x08006d2d   Thumb Code    56  systick.o(i.delay_ms)
    delay_us                                 0x08006d65   Thumb Code    54  systick.o(i.delay_us)
    dma_test                                 0x08006d9d   Thumb Code   282  adc.o(i.dma_test)
    fputc                                    0x08006ec9   Thumb Code    32  printf.o(i.fputc)
    gui_circle                               0x08006eed   Thumb Code   154  gui.o(i.gui_circle)
    iwdg_init                                0x08006f87   Thumb Code    34  iwdg.o(i.iwdg_init)
    main                                     0x08006fa9   Thumb Code  1972  main.o(i.main)
    printf_init                              0x0800787d   Thumb Code   170  printf.o(i.printf_init)
    pwm_enable                               0x08007931   Thumb Code    12  pwm.o(i.pwm_enable)
    pwm_init                                 0x08007941   Thumb Code   130  pwm.o(i.pwm_init)
    asc2_1206                                0x080079d0   Data        1140  gui.o(.constdata)
    asc2_1608                                0x08007e44   Data        1520  gui.o(.constdata)
    tfont16                                  0x08008434   Data        2108  gui.o(.constdata)
    tfont24                                  0x08008c70   Data         518  gui.o(.constdata)
    tfont32                                  0x08008e76   Data         520  gui.o(.constdata)
    gImage_qq                                0x08009080   Data        3200  test.o(.constdata)
    Region$$Table$$Base                      0x08009d5c   Number         0  anon$$obj.o(Region$$Table)
    Region$$Table$$Limit                     0x08009d7c   Number         0  anon$$obj.o(Region$$Table)
    ADdataA                                  0x20000000   Data           7  main.o(.data)
    Package_Cavity_627D_Pressure_Set         0x20000008   Data           4  main.o(.data)
    Package_Flow_1479A_Set                   0x2000000c   Data           4  main.o(.data)
    Package_Flow_1479A_Puff_Set              0x20000010   Data           4  main.o(.data)
    Package_Cavity_627D_Puff_Set             0x20000014   Data           4  main.o(.data)
    Package_Valve_Puff_Status_Set            0x20000018   Data           2  main.o(.data)
    Package_Valve_Status_Set                 0x2000001a   Data           2  main.o(.data)
    Package_Duty_P                           0x2000001c   Data           4  main.o(.data)
    Package_Duty_I                           0x20000020   Data           4  main.o(.data)
    Package_Duty_D                           0x20000024   Data           4  main.o(.data)
    Package_AD_SamplingTimes                 0x20000028   Data           4  main.o(.data)
    flag_Debug                               0x2000002c   Data           4  main.o(.data)
    flag_Normal                              0x20000030   Data           4  main.o(.data)
    flag_Command                             0x20000034   Data           4  main.o(.data)
    flag_Timing                              0x20000038   Data           4  main.o(.data)
    flag_627D                                0x2000003c   Data           4  main.o(.data)
    flag_1479A                               0x20000040   Data           4  main.o(.data)
    Valve_Signal_Open                        0x20000044   Data           1  main.o(.data)
    Timing_Signal_Open                       0x20000045   Data           1  main.o(.data)
    Command_Signal_Open                      0x20000046   Data           1  main.o(.data)
    Normal_Debug_RunningMode                 0x20000047   Data           1  main.o(.data)
    Command_Timing_TriggerMode               0x20000048   Data           1  main.o(.data)
    Normal_Puff_RunningMode                  0x20000049   Data           1  main.o(.data)
    PEV_1479A_ControlMode                    0x2000004a   Data           1  main.o(.data)
    LCD_Display_offon                        0x2000004b   Data           1  main.o(.data)
    hsdd_data_send_offon                     0x2000004c   Data           1  main.o(.data)
    Cavity_627D_Pressure_Status              0x20000050   Data           4  main.o(.data)
    Flow_1479A_Status                        0x20000054   Data           4  main.o(.data)
    Cavity_025D_Pressure_Status              0x20000058   Data           4  main.o(.data)
    Cavity_627D_Pressure_SetMax              0x2000005c   Data           4  main.o(.data)
    Cavity_627D_Pressure_SetMin              0x20000060   Data           4  main.o(.data)
    Flow_1479A_SetMax                        0x20000064   Data           4  main.o(.data)
    Flow_1479A_SetMin                        0x20000068   Data           4  main.o(.data)
    Cavity_627D_Puff_Pressure_SetMax         0x2000006c   Data           4  main.o(.data)
    Cavity_627D_Puff_Pressure_SetMin         0x20000070   Data           4  main.o(.data)
    Flow_1479A_Puff_SetMax                   0x20000074   Data           4  main.o(.data)
    Flow_1479A_Puff_SetMin                   0x20000078   Data           4  main.o(.data)
    PID_P_SetMax                             0x2000007c   Data           4  main.o(.data)
    PID_I_SetMax                             0x20000080   Data           4  main.o(.data)
    PID_D_SetMax                             0x20000084   Data           4  main.o(.data)
    PID_P_SetMin                             0x20000088   Data           4  main.o(.data)
    PID_I_SetMin                             0x2000008c   Data           4  main.o(.data)
    PID_D_SetMin                             0x20000090   Data           4  main.o(.data)
    Error_Communicate                        0x20000094   Data           1  main.o(.data)
    Error_OverSet                            0x20000095   Data           1  main.o(.data)
    Pressure_Okay                            0x20000096   Data           1  main.o(.data)
    Pressure_error                           0x20000098   Data           4  main.o(.data)
    Cavity_627D_Pressure_Set                 0x2000009c   Data           4  main.o(.data)
    Cavity_627D_Pressure_Default             0x200000a0   Data           4  main.o(.data)
    PEV_FullyOpen_1479AMode                  0x200000a4   Data           4  main.o(.data)
    _1479A_FullyOpen_PEVMode                 0x200000a8   Data           4  main.o(.data)
    PEV_FullyClose                           0x200000ac   Data           4  main.o(.data)
    _1479A_FullyClose                        0x200000b0   Data           4  main.o(.data)
    Flow_1479A_Set                           0x200000b4   Data           4  main.o(.data)
    Flow_1479A_Default                       0x200000b8   Data           4  main.o(.data)
    Valve_Default_Status_Set                 0x200000bc   Data           2  main.o(.data)
    Valve_Operation_Status_Set               0x200000be   Data           2  main.o(.data)
    Valve_Puff_Status_Set                    0x200000c0   Data           2  main.o(.data)
    Duty_P                                   0x200000c4   Data           4  main.o(.data)
    Duty_I                                   0x200000c8   Data           4  main.o(.data)
    Duty_D                                   0x200000cc   Data           4  main.o(.data)
    POINT_COLOR                              0x200000ea   Data           2  lcd.o(.data)
    BACK_COLOR                               0x200000ec   Data           2  lcd.o(.data)
    DeviceCode                               0x200000ee   Data           2  lcd.o(.data)
    ColorTab                                 0x200000f0   Data          10  test.o(.data)
    Gateway_IP                               0x200000fc   Data           4  w5500.o(.data)
    Sub_Mask                                 0x20000100   Data           4  w5500.o(.data)
    Phy_Addr                                 0x20000104   Data           6  w5500.o(.data)
    IP_Addr                                  0x2000010a   Data           4  w5500.o(.data)
    S0_Port                                  0x2000010e   Data           2  w5500.o(.data)
    S0_DIP                                   0x20000110   Data           4  w5500.o(.data)
    S0_DPort                                 0x20000114   Data           2  w5500.o(.data)
    S1_Port                                  0x20000116   Data           2  w5500.o(.data)
    S1_DIP                                   0x20000118   Data           4  w5500.o(.data)
    S1_DPort                                 0x2000011c   Data           2  w5500.o(.data)
    S2_Port                                  0x2000011e   Data           2  w5500.o(.data)
    S2_DIP                                   0x20000120   Data           4  w5500.o(.data)
    S2_DPort                                 0x20000124   Data           2  w5500.o(.data)
    S3_Port                                  0x20000126   Data           2  w5500.o(.data)
    S3_DIP                                   0x20000128   Data           4  w5500.o(.data)
    S3_DPort                                 0x2000012c   Data           2  w5500.o(.data)
    UDP_DIPR                                 0x2000012e   Data           4  w5500.o(.data)
    UDP_DPORT                                0x20000132   Data           2  w5500.o(.data)
    S0_Mode                                  0x20000134   Data           1  w5500.o(.data)
    S1_Mode                                  0x20000135   Data           1  w5500.o(.data)
    S2_Mode                                  0x20000136   Data           1  w5500.o(.data)
    S3_Mode                                  0x20000137   Data           1  w5500.o(.data)
    S0_State                                 0x20000138   Data           1  w5500.o(.data)
    S1_State                                 0x20000139   Data           1  w5500.o(.data)
    S2_State                                 0x2000013a   Data           1  w5500.o(.data)
    S3_State                                 0x2000013b   Data           1  w5500.o(.data)
    S0_Data                                  0x2000013c   Data           1  w5500.o(.data)
    S1_Data                                  0x2000013d   Data           1  w5500.o(.data)
    S2_Data                                  0x2000013e   Data           1  w5500.o(.data)
    S3_Data                                  0x2000013f   Data           1  w5500.o(.data)
    W5500_Interrupt                          0x20000140   Data           1  w5500.o(.data)
    Timer2_Counter                           0x20000144   Data           4  w5500.o(.data)
    W5500_Send_Delay_Counter                 0x20000148   Data           4  w5500.o(.data)
    __stdout                                 0x20000158   Data           4  stdout.o(.data)
    ADC_ConvertedValue                       0x2000015c   Data          60  adc.o(.bss)
    lcddev                                   0x20000198   Data          14  lcd.o(.bss)
    Rx_Buffer                                0x200001b6   Data        2048  w5500.o(.bss)
    Tx_Buffer                                0x200009b6   Data        2048  w5500.o(.bss)
    __initial_sp                             0x200015b8   Data           0  startup_stm32f10x_hd.o(STACK)



==============================================================================

Memory Map of the image

  Image Entry point : 0x08000131

  Load Region LR_IROM1 (Base: 0x08000000, Size: 0x00009ed8, Max: 0x00080000, ABSOLUTE, COMPRESSED[0x00009ddc])

    Execution Region ER_IROM1 (Base: 0x08000000, Size: 0x00009d7c, Max: 0x00080000, ABSOLUTE)

    Base Addr    Size         Type   Attr      Idx    E Section Name        Object

    0x08000000   0x00000130   Data   RO          380    RESET               startup_stm32f10x_hd.o
    0x08000130   0x00000000   Code   RO         3514  * .ARM.Collect$$$$00000000  mc_w.l(entry.o)
    0x08000130   0x00000004   Code   RO         3818    .ARM.Collect$$$$00000001  mc_w.l(entry2.o)
    0x08000134   0x00000004   Code   RO         3821    .ARM.Collect$$$$00000004  mc_w.l(entry5.o)
    0x08000138   0x00000000   Code   RO         3823    .ARM.Collect$$$$00000008  mc_w.l(entry7b.o)
    0x08000138   0x00000000   Code   RO         3825    .ARM.Collect$$$$0000000A  mc_w.l(entry8b.o)
    0x08000138   0x00000008   Code   RO         3826    .ARM.Collect$$$$0000000B  mc_w.l(entry9a.o)
    0x08000140   0x00000000   Code   RO         3828    .ARM.Collect$$$$0000000D  mc_w.l(entry10a.o)
    0x08000140   0x00000000   Code   RO         3830    .ARM.Collect$$$$0000000F  mc_w.l(entry11a.o)
    0x08000140   0x00000004   Code   RO         3819    .ARM.Collect$$$$00002712  mc_w.l(entry2.o)
    0x08000144   0x00000024   Code   RO          381    .text               startup_stm32f10x_hd.o
    0x08000168   0x00000024   Code   RO         3517    .text               mc_w.l(memcpya.o)
    0x0800018c   0x000000b0   Code   RO         3784    .text               mf_w.l(fadd.o)
    0x0800023c   0x00000064   Code   RO         3786    .text               mf_w.l(fmul.o)
    0x080002a0   0x0000007c   Code   RO         3788    .text               mf_w.l(fdiv.o)
    0x0800031c   0x0000014e   Code   RO         3790    .text               mf_w.l(dadd.o)
    0x0800046a   0x000000e4   Code   RO         3792    .text               mf_w.l(dmul.o)
    0x0800054e   0x000000de   Code   RO         3794    .text               mf_w.l(ddiv.o)
    0x0800062c   0x00000012   Code   RO         3796    .text               mf_w.l(fflti.o)
    0x0800063e   0x0000000a   Code   RO         3798    .text               mf_w.l(ffltui.o)
    0x08000648   0x00000022   Code   RO         3800    .text               mf_w.l(dflti.o)
    0x0800066a   0x00000032   Code   RO         3802    .text               mf_w.l(ffixi.o)
    0x0800069c   0x00000028   Code   RO         3804    .text               mf_w.l(ffixui.o)
    0x080006c4   0x00000026   Code   RO         3806    .text               mf_w.l(f2d.o)
    0x080006ea   0x00000002   PAD
    0x080006ec   0x00000030   Code   RO         3808    .text               mf_w.l(cdcmple.o)
    0x0800071c   0x00000030   Code   RO         3810    .text               mf_w.l(cdrcmple.o)
    0x0800074c   0x00000038   Code   RO         3812    .text               mf_w.l(d2f.o)
    0x08000784   0x00000014   Code   RO         3814    .text               mf_w.l(cfcmple.o)
    0x08000798   0x00000014   Code   RO         3816    .text               mf_w.l(cfrcmple.o)
    0x080007ac   0x0000002c   Code   RO         3833    .text               mc_w.l(uidiv.o)
    0x080007d8   0x00000062   Code   RO         3835    .text               mc_w.l(uldiv.o)
    0x0800083a   0x0000001e   Code   RO         3837    .text               mc_w.l(llshl.o)
    0x08000858   0x00000024   Code   RO         3839    .text               mc_w.l(llsshr.o)
    0x0800087c   0x00000000   Code   RO         3841    .text               mc_w.l(iusefp.o)
    0x0800087c   0x0000006e   Code   RO         3842    .text               mf_w.l(fepilogue.o)
    0x080008ea   0x000000ba   Code   RO         3844    .text               mf_w.l(depilogue.o)
    0x080009a4   0x00000030   Code   RO         3846    .text               mf_w.l(dfixul.o)
    0x080009d4   0x00000024   Code   RO         3848    .text               mc_w.l(init.o)
    0x080009f8   0x00000020   Code   RO         3850    .text               mc_w.l(llushr.o)
    0x08000a18   0x00000056   Code   RO         3860    .text               mc_w.l(__dczerorl2.o)
    0x08000a6e   0x00000016   Code   RO         1523    i.ADC_Cmd           stm32f10x_adc.o
    0x08000a84   0x00000016   Code   RO         1524    i.ADC_DMACmd        stm32f10x_adc.o
    0x08000a9a   0x00000002   PAD
    0x08000a9c   0x0000005c   Code   RO         1525    i.ADC_DeInit        stm32f10x_adc.o
    0x08000af8   0x00000014   Code   RO         1531    i.ADC_GetCalibrationStatus  stm32f10x_adc.o
    0x08000b0c   0x00000008   Code   RO         1532    i.ADC_GetConversionValue  stm32f10x_adc.o
    0x08000b14   0x00000012   Code   RO         1534    i.ADC_GetFlagStatus  stm32f10x_adc.o
    0x08000b26   0x00000014   Code   RO         1537    i.ADC_GetResetCalibrationStatus  stm32f10x_adc.o
    0x08000b3a   0x00000002   PAD
    0x08000b3c   0x00000050   Code   RO         1541    i.ADC_Init          stm32f10x_adc.o
    0x08000b8c   0x000000b8   Code   RO         3007    i.ADC_LCD_Out       test.o
    0x08000c44   0x000000b8   Code   RO         1545    i.ADC_RegularChannelConfig  stm32f10x_adc.o
    0x08000cfc   0x0000000a   Code   RO         1546    i.ADC_ResetCalibration  stm32f10x_adc.o
    0x08000d06   0x00000016   Code   RO         1548    i.ADC_SoftwareStartConvCmd  stm32f10x_adc.o
    0x08000d1c   0x0000000a   Code   RO         1550    i.ADC_StartCalibration  stm32f10x_adc.o
    0x08000d26   0x00000002   Code   RO         3405    i.ADVoltage_2_Flow1479A  dataprocess.o
    0x08000d28   0x00000038   Code   RO         3406    i.ADVoltage_2_Pressure025D  dataprocess.o
    0x08000d60   0x00000038   Code   RO         3407    i.ADVoltage_2_Pressure627D  dataprocess.o
    0x08000d98   0x00000048   Code   RO         2682    i.AD_Conversion_025D  adc.o
    0x08000de0   0x00000064   Code   RO         2683    i.AD_Conversion_025D_DMA  adc.o
    0x08000e44   0x00000048   Code   RO         2684    i.AD_Conversion_1479A  adc.o
    0x08000e8c   0x00000064   Code   RO         2685    i.AD_Conversion_1479A_DMA  adc.o
    0x08000ef0   0x00000048   Code   RO         2686    i.AD_Conversion_627D  adc.o
    0x08000f38   0x00000064   Code   RO         2687    i.AD_Conversion_627D_DMA  adc.o
    0x08000f9c   0x00000004   Code   RO          210    i.BusFault_Handler  stm32f10x_it.o
    0x08000fa0   0x0000004e   Code   RO         3408    i.CheckCRC16        dataprocess.o
    0x08000fee   0x00000002   PAD
    0x08000ff0   0x00000020   Code   RO         1745    i.DAC_SetChannel1Data  stm32f10x_dac.o
    0x08001010   0x00000018   Code   RO         2179    i.DMA_Cmd           stm32f10x_dma.o
    0x08001028   0x0000014c   Code   RO         2180    i.DMA_DeInit        stm32f10x_dma.o
    0x08001174   0x0000003c   Code   RO         2185    i.DMA_Init          stm32f10x_dma.o
    0x080011b0   0x00000058   Code   RO         2661    i.Dac1_Set_Vol      dac.o
    0x08001208   0x00000002   Code   RO          211    i.DebugMon_Handler  stm32f10x_it.o
    0x0800120a   0x00000002   PAD
    0x0800120c   0x00000018   Code   RO         3181    i.Delay             w5500.o
    0x08001224   0x000000c8   Code   RO         3182    i.Detect_Gateway    w5500.o
    0x080012ec   0x00000084   Code   RO          212    i.EXTI1_IRQHandler  stm32f10x_it.o
    0x08001370   0x00000054   Code   RO          213    i.EXTI2_IRQHandler  stm32f10x_it.o
    0x080013c4   0x00000020   Code   RO         3183    i.EXTI9_5_IRQHandler  w5500.o
    0x080013e4   0x0000000c   Code   RO          916    i.EXTI_ClearITPendingBit  stm32f10x_exti.o
    0x080013f0   0x00000028   Code   RO          920    i.EXTI_GetITStatus  stm32f10x_exti.o
    0x08001418   0x00000094   Code   RO          921    i.EXTI_Init         stm32f10x_exti.o
    0x080014ac   0x0000001c   Code   RO         1978    i.FLASH_PrefetchBufferCmd  stm32f10x_flash.o
    0x080014c8   0x00000018   Code   RO         1983    i.FLASH_SetLatency  stm32f10x_flash.o
    0x080014e0   0x00000002   Code   RO         3409    i.Flow1479A_2_ADVoltage  dataprocess.o
    0x080014e2   0x00000002   PAD
    0x080014e4   0x0000003c   Code   RO         3484    i.Flow_1479A_Adjustment  1479a.o
    0x08001520   0x00000040   Code   RO          588    i.GPIO_EXTILineConfig  stm32f10x_gpio.o
    0x08001560   0x00000116   Code   RO          591    i.GPIO_Init         stm32f10x_gpio.o
    0x08001676   0x00000002   PAD
    0x08001678   0x00000090   Code   RO          593    i.GPIO_PinRemapConfig  stm32f10x_gpio.o
    0x08001708   0x00000012   Code   RO          595    i.GPIO_ReadInputDataBit  stm32f10x_gpio.o
    0x0800171a   0x00000012   Code   RO          597    i.GPIO_ReadOutputDataBit  stm32f10x_gpio.o
    0x0800172c   0x00000004   Code   RO          598    i.GPIO_ResetBits    stm32f10x_gpio.o
    0x08001730   0x00000004   Code   RO          599    i.GPIO_SetBits      stm32f10x_gpio.o
    0x08001734   0x00000108   Code   RO         2768    i.GUI_DrawFont16    gui.o
    0x0800183c   0x00000118   Code   RO         2769    i.GUI_DrawFont24    gui.o
    0x08001954   0x00000108   Code   RO         2770    i.GUI_DrawFont32    gui.o
    0x08001a5c   0x00000018   Code   RO         2771    i.GUI_DrawPoint     gui.o
    0x08001a74   0x0000004c   Code   RO         3011    i.Gas_StateLayer    test.o
    0x08001ac0   0x00000144   Code   RO         3012    i.Gas_StateLayerUpdate  test.o
    0x08001c04   0x000001a4   Code   RO         3146    i.Gas_State_Read    iostate.o
    0x08001da8   0x000000e4   Code   RO         3147    i.Gas_State_Read_LCD  iostate.o
    0x08001e8c   0x00000038   Code   RO         3410    i.GetCRC16          dataprocess.o
    0x08001ec4   0x00000054   Code   RO         2688    i.Get_ADC_Value     adc.o
    0x08001f18   0x00000438   Code   RO         3013    i.GridLayer         test.o
    0x08002350   0x00000004   Code   RO          214    i.HardFault_Handler  stm32f10x_it.o
    0x08002354   0x00000130   Code   RO            2    i.Hsdd_Data_Send    main.o
    0x08002484   0x00000010   Code   RO         2135    i.IWDG_Enable       stm32f10x_iwdg.o
    0x08002494   0x00000010   Code   RO         2137    i.IWDG_ReloadCounter  stm32f10x_iwdg.o
    0x080024a4   0x0000000c   Code   RO         2138    i.IWDG_SetPrescaler  stm32f10x_iwdg.o
    0x080024b0   0x0000000c   Code   RO         2139    i.IWDG_SetReload    stm32f10x_iwdg.o
    0x080024bc   0x0000000c   Code   RO         2140    i.IWDG_WriteAccessCmd  stm32f10x_iwdg.o
    0x080024c8   0x00000060   Code   RO         2913    i.LCD_Clear         lcd.o
    0x08002528   0x000000b0   Code   RO         2775    i.LCD_DrawLine      gui.o
    0x080025d8   0x0000001c   Code   RO         2914    i.LCD_DrawPoint     lcd.o
    0x080025f4   0x0000002c   Code   RO         2915    i.LCD_GPIOInit      lcd.o
    0x08002620   0x00000250   Code   RO         2916    i.LCD_Init          lcd.o
    0x08002870   0x00000028   Code   RO         2917    i.LCD_RESET         lcd.o
    0x08002898   0x00000014   Code   RO         2918    i.LCD_SetCursor     lcd.o
    0x080028ac   0x00000058   Code   RO         2919    i.LCD_SetWindows    lcd.o
    0x08002904   0x00000124   Code   RO         2778    i.LCD_ShowChar      gui.o
    0x08002a28   0x00000030   Code   RO         2920    i.LCD_WR_DATA       lcd.o
    0x08002a58   0x0000002c   Code   RO         2921    i.LCD_WR_REG        lcd.o
    0x08002a84   0x00000010   Code   RO         2922    i.LCD_WriteRAM_Prepare  lcd.o
    0x08002a94   0x00000014   Code   RO         2923    i.LCD_WriteReg      lcd.o
    0x08002aa8   0x00000084   Code   RO         2924    i.LCD_direction     lcd.o
    0x08002b2c   0x00000054   Code   RO         2249    i.LED_Init          led.o
    0x08002b80   0x00000038   Code   RO         2925    i.Lcd_WriteData_16Bit  lcd.o
    0x08002bb8   0x000000c0   Code   RO         3184    i.Load_Net_Parameters  w5500.o
    0x08002c78   0x00000004   Code   RO          215    i.MemManage_Handler  stm32f10x_it.o
    0x08002c7c   0x00000002   Code   RO          216    i.NMI_Handler       stm32f10x_it.o
    0x08002c7e   0x00000036   Code   RO         3185    i.NVIC_Configuration  w5500.o
    0x08002cb4   0x00000070   Code   RO          879    i.NVIC_Init         misc.o
    0x08002d24   0x00000014   Code   RO          880    i.NVIC_PriorityGroupConfig  misc.o
    0x08002d38   0x00000014   Code   RO          881    i.NVIC_SetVectorTable  misc.o
    0x08002d4c   0x00000002   Code   RO          217    i.PendSV_Handler    stm32f10x_it.o
    0x08002d4e   0x00000002   PAD
    0x08002d50   0x00000038   Code   RO         3412    i.Pressure627D_2_ADVoltage  dataprocess.o
    0x08002d88   0x00000400   Code   RO            3    i.Process_Package_Receive  main.o
    0x08003188   0x000010ac   Code   RO            4    i.Process_Socket_Data  main.o
    0x08004234   0x00000018   Code   RO          385    i.RCC_ADCCLKConfig  stm32f10x_rcc.o
    0x0800424c   0x00000020   Code   RO          386    i.RCC_AHBPeriphClockCmd  stm32f10x_rcc.o
    0x0800426c   0x00000020   Code   RO          387    i.RCC_APB1PeriphClockCmd  stm32f10x_rcc.o
    0x0800428c   0x00000020   Code   RO          389    i.RCC_APB2PeriphClockCmd  stm32f10x_rcc.o
    0x080042ac   0x00000020   Code   RO          390    i.RCC_APB2PeriphResetCmd  stm32f10x_rcc.o
    0x080042cc   0x0000000c   Code   RO          395    i.RCC_ClockSecuritySystemCmd  stm32f10x_rcc.o
    0x080042d8   0x0000007a   Code   RO         3186    i.RCC_Configuration  w5500.o
    0x08004352   0x00000002   PAD
    0x08004354   0x0000004c   Code   RO          396    i.RCC_DeInit        stm32f10x_rcc.o
    0x080043a0   0x000000d4   Code   RO          397    i.RCC_GetClocksFreq  stm32f10x_rcc.o
    0x08004474   0x0000003c   Code   RO          398    i.RCC_GetFlagStatus  stm32f10x_rcc.o
    0x080044b0   0x00000010   Code   RO          400    i.RCC_GetSYSCLKSource  stm32f10x_rcc.o
    0x080044c0   0x00000018   Code   RO          401    i.RCC_HCLKConfig    stm32f10x_rcc.o
    0x080044d8   0x0000004c   Code   RO          402    i.RCC_HSEConfig     stm32f10x_rcc.o
    0x08004524   0x00000018   Code   RO          408    i.RCC_PCLK1Config   stm32f10x_rcc.o
    0x0800453c   0x00000018   Code   RO          409    i.RCC_PCLK2Config   stm32f10x_rcc.o
    0x08004554   0x0000000c   Code   RO          410    i.RCC_PLLCmd        stm32f10x_rcc.o
    0x08004560   0x0000001c   Code   RO          411    i.RCC_PLLConfig     stm32f10x_rcc.o
    0x0800457c   0x00000018   Code   RO          414    i.RCC_SYSCLKConfig  stm32f10x_rcc.o
    0x08004594   0x00000038   Code   RO          416    i.RCC_WaitForHSEStartUp  stm32f10x_rcc.o
    0x080045cc   0x00000130   Code   RO         3187    i.Read_SOCK_Data_Buffer  w5500.o
    0x080046fc   0x00000048   Code   RO         3188    i.Read_W5500_1Byte  w5500.o
    0x08004744   0x00000054   Code   RO         3189    i.Read_W5500_SOCK_1Byte  w5500.o
    0x08004798   0x0000006c   Code   RO         3190    i.Read_W5500_SOCK_2Byte  w5500.o
    0x08004804   0x0000009c   Code   RO         3119    i.SPI2_Init         spi.o
    0x080048a0   0x00000020   Code   RO         3191    i.SPI3_Send_Byte    w5500.o
    0x080048c0   0x0000001c   Code   RO         3192    i.SPI3_Send_Short   w5500.o
    0x080048dc   0x00000018   Code   RO         1822    i.SPI_Cmd           stm32f10x_spi.o
    0x080048f4   0x000000d0   Code   RO         3193    i.SPI_Configuration  w5500.o
    0x080049c4   0x00000012   Code   RO         1830    i.SPI_I2S_GetFlagStatus  stm32f10x_spi.o
    0x080049d6   0x00000006   Code   RO         1833    i.SPI_I2S_ReceiveData  stm32f10x_spi.o
    0x080049dc   0x00000004   Code   RO         1834    i.SPI_I2S_SendData  stm32f10x_spi.o
    0x080049e0   0x0000003c   Code   RO         1835    i.SPI_Init          stm32f10x_spi.o
    0x08004a1c   0x00000022   Code   RO         3121    i.SPI_WriteByte     spi.o
    0x08004a3e   0x00000002   Code   RO          218    i.SVC_Handler       stm32f10x_it.o
    0x08004a40   0x00000008   Code   RO          325    i.SetSysClock       system_stm32f10x.o
    0x08004a48   0x000000e0   Code   RO          326    i.SetSysClockTo72   system_stm32f10x.o
    0x08004b28   0x0000010c   Code   RO         2781    i.Show_Str          gui.o
    0x08004c34   0x00000046   Code   RO         3194    i.Socket_Connect    w5500.o
    0x08004c7a   0x00000002   PAD
    0x08004c7c   0x00000098   Code   RO         3195    i.Socket_Init       w5500.o
    0x08004d14   0x00000066   Code   RO         3196    i.Socket_Listen     w5500.o
    0x08004d7a   0x0000003c   Code   RO         3197    i.Socket_UDP        w5500.o
    0x08004db6   0x00000002   PAD
    0x08004db8   0x0000009c   Code   RO            5    i.Status_LCD_Update  main.o
    0x08004e54   0x0000009c   Code   RO            7    i.Status_Register_Update_DMA  main.o
    0x08004ef0   0x00000028   Code   RO          883    i.SysTick_CLKSourceConfig  misc.o
    0x08004f18   0x00000002   Code   RO          219    i.SysTick_Handler   stm32f10x_it.o
    0x08004f1a   0x00000002   PAD
    0x08004f1c   0x00000060   Code   RO          328    i.SystemInit        system_stm32f10x.o
    0x08004f7c   0x00000018   Code   RO         3198    i.System_Initialization  w5500.o
    0x08004f94   0x00000034   Code   RO         3199    i.TIM2_IRQHandler   w5500.o
    0x08004fc8   0x00000010   Code   RO          220    i.TIM3_IRQHandler   stm32f10x_it.o
    0x08004fd8   0x00000006   Code   RO          980    i.TIM_ClearITPendingBit  stm32f10x_tim.o
    0x08004fde   0x00000018   Code   RO          985    i.TIM_Cmd           stm32f10x_tim.o
    0x08004ff6   0x00000022   Code   RO         1006    i.TIM_GetITStatus   stm32f10x_tim.o
    0x08005018   0x00000012   Code   RO         1010    i.TIM_ITConfig      stm32f10x_tim.o
    0x0800502a   0x00000002   PAD
    0x0800502c   0x000000a4   Code   RO         1019    i.TIM_OC2Init       stm32f10x_tim.o
    0x080050d0   0x0000001a   Code   RO         1022    i.TIM_OC2PreloadConfig  stm32f10x_tim.o
    0x080050ea   0x00000004   Code   RO         1047    i.TIM_SetCompare2   stm32f10x_tim.o
    0x080050ee   0x00000002   PAD
    0x080050f0   0x000000a4   Code   RO         1056    i.TIM_TimeBaseInit  stm32f10x_tim.o
    0x08005194   0x00000040   Code   RO         3200    i.Timer2_Init_Config  w5500.o
    0x080051d4   0x0000004c   Code   RO         2557    i.Timing_Signal_Check  exti.o
    0x08005220   0x00000030   Code   RO         2558    i.Timing_Signal_init  exti.o
    0x08005250   0x00000044   Code   RO          221    i.USART1_IRQHandler  stm32f10x_it.o
    0x08005294   0x00000064   Code   RO          222    i.USART2_IRQHandler  stm32f10x_it.o
    0x080052f8   0x00000012   Code   RO          699    i.USART_ClearFlag   stm32f10x_usart.o
    0x0800530a   0x00000018   Code   RO          703    i.USART_Cmd         stm32f10x_usart.o
    0x08005322   0x0000001a   Code   RO          706    i.USART_GetFlagStatus  stm32f10x_usart.o
    0x0800533c   0x00000054   Code   RO          707    i.USART_GetITStatus  stm32f10x_usart.o
    0x08005390   0x0000004a   Code   RO          709    i.USART_ITConfig    stm32f10x_usart.o
    0x080053da   0x00000002   PAD
    0x080053dc   0x000000d8   Code   RO          710    i.USART_Init        stm32f10x_usart.o
    0x080054b4   0x0000000a   Code   RO          717    i.USART_ReceiveData  stm32f10x_usart.o
    0x080054be   0x00000008   Code   RO          720    i.USART_SendData    stm32f10x_usart.o
    0x080054c6   0x00000004   Code   RO          223    i.UsageFault_Handler  stm32f10x_it.o
    0x080054ca   0x00000002   PAD
    0x080054cc   0x00000110   Code   RO         3468    i.VacuumValue_PID   vacuumg.o
    0x080055dc   0x000001d8   Code   RO         3148    i.ValveStateChange  iostate.o
    0x080057b4   0x00000068   Code   RO         3149    i.ValveState_Init   iostate.o
    0x0800581c   0x00000070   Code   RO         3201    i.W5500_GPIO_Configuration  w5500.o
    0x0800588c   0x00000038   Code   RO         3202    i.W5500_Hardware_Reset  w5500.o
    0x080058c4   0x000000b8   Code   RO         3203    i.W5500_Init        w5500.o
    0x0800597c   0x00000090   Code   RO         3204    i.W5500_Initialization  w5500.o
    0x08005a0c   0x0000031c   Code   RO         3205    i.W5500_Interrupt_Process  w5500.o
    0x08005d28   0x00000020   Code   RO         3206    i.W5500_NVIC_Configuration  w5500.o
    0x08005d48   0x000001a4   Code   RO         3207    i.W5500_Socket_Set  w5500.o
    0x08005eec   0x00000114   Code   RO         3208    i.Write_SOCK_Data_Buffer  w5500.o
    0x08006000   0x00000034   Code   RO         3209    i.Write_W5500_1Byte  w5500.o
    0x08006034   0x00000034   Code   RO         3210    i.Write_W5500_2Byte  w5500.o
    0x08006068   0x00000040   Code   RO         3211    i.Write_W5500_SOCK_1Byte  w5500.o
    0x080060a8   0x00000040   Code   RO         3212    i.Write_W5500_SOCK_2Byte  w5500.o
    0x080060e8   0x00000058   Code   RO         3213    i.Write_W5500_SOCK_4Byte  w5500.o
    0x08006140   0x00000048   Code   RO         3214    i.Write_W5500_nByte  w5500.o
    0x08006188   0x00000020   Code   RO         3756    i.__0printf         mc_w.l(printfa.o)
    0x080061a8   0x00000028   Code   RO         3758    i.__0sprintf        mc_w.l(printfa.o)
    0x080061d0   0x0000000e   Code   RO         3854    i.__scatterload_copy  mc_w.l(handlers.o)
    0x080061de   0x00000002   Code   RO         3855    i.__scatterload_null  mc_w.l(handlers.o)
    0x080061e0   0x0000000e   Code   RO         3856    i.__scatterload_zeroinit  mc_w.l(handlers.o)
    0x080061ee   0x00000084   Code   RO         2782    i._draw_circle_8    gui.o
    0x08006272   0x00000002   PAD
    0x08006274   0x00000164   Code   RO         3763    i._fp_digits        mc_w.l(printfa.o)
    0x080063d8   0x000006dc   Code   RO         3764    i._printf_core      mc_w.l(printfa.o)
    0x08006ab4   0x00000024   Code   RO         3765    i._printf_post_padding  mc_w.l(printfa.o)
    0x08006ad8   0x0000002e   Code   RO         3766    i._printf_pre_padding  mc_w.l(printfa.o)
    0x08006b06   0x0000000a   Code   RO         3768    i._sputc            mc_w.l(printfa.o)
    0x08006b10   0x000000a0   Code   RO         2689    i.adc10_init        adc.o
    0x08006bb0   0x000000a0   Code   RO         2690    i.adc11_init        adc.o
    0x08006c50   0x000000a0   Code   RO         2691    i.adc12_init        adc.o
    0x08006cf0   0x0000003c   Code   RO         2282    i.delay_init        systick.o
    0x08006d2c   0x00000038   Code   RO         2283    i.delay_ms          systick.o
    0x08006d64   0x00000036   Code   RO         2284    i.delay_us          systick.o
    0x08006d9a   0x00000002   PAD
    0x08006d9c   0x0000012c   Code   RO         2692    i.dma_test          adc.o
    0x08006ec8   0x00000024   Code   RO         2347    i.fputc             printf.o
    0x08006eec   0x0000009a   Code   RO         2784    i.gui_circle        gui.o
    0x08006f86   0x00000022   Code   RO         3499    i.iwdg_init         iwdg.o
    0x08006fa8   0x000008d4   Code   RO            8    i.main              main.o
    0x0800787c   0x000000b4   Code   RO         2348    i.printf_init       printf.o
    0x08007930   0x00000010   Code   RO         2311    i.pwm_enable        pwm.o
    0x08007940   0x00000090   Code   RO         2312    i.pwm_init          pwm.o
    0x080079d0   0x000016ae   Data   RO         2786    .constdata          gui.o
    0x0800907e   0x00000002   PAD
    0x08009080   0x00000ca4   Data   RO         3021    .constdata          test.o
    0x08009d24   0x00000037   Data   RO         3022    .conststring        test.o
    0x08009d5b   0x00000001   PAD
    0x08009d5c   0x00000020   Data   RO         3852    Region$$Table       anon$$obj.o


    Execution Region RW_IRAM1 (Base: 0x20000000, Size: 0x000015b8, Max: 0x00010000, ABSOLUTE, COMPRESSED[0x00000060])

    Base Addr    Size         Type   Attr      Idx    E Section Name        Object

    0x20000000   0x000000d0   Data   RW            9    .data               main.o
    0x200000d0   0x00000002   Data   RW          224    .data               stm32f10x_it.o
    0x200000d2   0x00000014   Data   RW          417    .data               stm32f10x_rcc.o
    0x200000e6   0x00000004   Data   RW         2285    .data               systick.o
    0x200000ea   0x00000006   Data   RW         2927    .data               lcd.o
    0x200000f0   0x0000000a   Data   RW         3023    .data               test.o
    0x200000fa   0x00000002   Data   RW         3151    .data               iostate.o
    0x200000fc   0x00000050   Data   RW         3216    .data               w5500.o
    0x2000014c   0x0000000c   Data   RW         3469    .data               vacuumg.o
    0x20000158   0x00000004   Data   RW         3832    .data               mc_w.l(stdout.o)
    0x2000015c   0x0000003c   Zero   RW         2693    .bss                adc.o
    0x20000198   0x0000000e   Zero   RW         2926    .bss                lcd.o
    0x200001a6   0x00000010   Zero   RW         3150    .bss                iostate.o
    0x200001b6   0x00001000   Zero   RW         3215    .bss                w5500.o
    0x200011b6   0x00000002   PAD
    0x200011b8   0x00000400   Zero   RW          378    STACK               startup_stm32f10x_hd.o


==============================================================================

Image component sizes


      Code (inc. data)   RO Data    RW Data    ZI Data      Debug   Object Name

        60          6          0          0          0        588   1479a.o
      1380        112          0          0         60       7887   adc.o
         0          0          0          0          0         32   core_cm3.o
        88          8          0          0          0        551   dac.o
       306         26          0          0          0       4645   dataprocess.o
       124         42          0          0          0       1035   exti.o
      1854         56       5806          0          0       9232   gui.o
      1224         56          0          2         16       3367   iostate.o
        34          0          0          0          0        480   iwdg.o
      1224         66          0          6         14       9001   lcd.o
        84          8          0          0          0        523   led.o
      8168       2558          0        208          0     304388   main.o
       192         30          0          0          0       2967   misc.o
       216         14          0          0          0       1250   printf.o
       160         18          0          0          0       1188   pwm.o
       190          8          0          0          0       1488   spi.o
        36          8        304          0       1024        832   startup_stm32f10x_hd.o
       508         24          0          0          0       9979   stm32f10x_adc.o
        32          6          0          0          0       1406   stm32f10x_dac.o
       416          8          0          0          0       3718   stm32f10x_dma.o
       200         18          0          0          0       2396   stm32f10x_exti.o
        52         12          0          0          0       1225   stm32f10x_flash.o
       530         10          0          0          0       6265   stm32f10x_gpio.o
       426        108          0          2          0       6714   stm32f10x_it.o
        68         30          0          0          0       2822   stm32f10x_iwdg.o
       796        116          0         20          0      14067   stm32f10x_rcc.o
       112          0          0          0          0       4250   stm32f10x_spi.o
       440         52          0          0          0       6029   stm32f10x_tim.o
       460          6          0          0          0       7315   stm32f10x_usart.o
       328         28          0          0          0       2365   system_stm32f10x.o
       170          8          0          4          0       1839   systick.o
      1664        290       3291         10          0       3651   test.o
       272         66          0         12          0        962   vacuumg.o
      4396        474          0         80       4096      26966   w5500.o

    ----------------------------------------------------------------------
     26244       4272       9436        344       5212     451423   Object Totals
         0          0         32          0          0          0   (incl. Generated)
        34          0          3          0          2          0   (incl. Padding)

    ----------------------------------------------------------------------

      Code (inc. data)   RO Data    RW Data    ZI Data      Debug   Library Member Name

        86          0          0          0          0          0   __dczerorl2.o
         0          0          0          0          0          0   entry.o
         0          0          0          0          0          0   entry10a.o
         0          0          0          0          0          0   entry11a.o
         8          4          0          0          0          0   entry2.o
         4          0          0          0          0          0   entry5.o
         0          0          0          0          0          0   entry7b.o
         0          0          0          0          0          0   entry8b.o
         8          4          0          0          0          0   entry9a.o
        30          0          0          0          0          0   handlers.o
        36          8          0          0          0         68   init.o
         0          0          0          0          0          0   iusefp.o
        30          0          0          0          0         68   llshl.o
        36          0          0          0          0         68   llsshr.o
        32          0          0          0          0         68   llushr.o
        36          0          0          0          0         68   memcpya.o
      2276         96          0          0          0        596   printfa.o
         0          0          0          4          0          0   stdout.o
        44          0          0          0          0         80   uidiv.o
        98          0          0          0          0         92   uldiv.o
        48          0          0          0          0         68   cdcmple.o
        48          0          0          0          0         68   cdrcmple.o
        20          0          0          0          0         68   cfcmple.o
        20          0          0          0          0         68   cfrcmple.o
        56          0          0          0          0         88   d2f.o
       334          0          0          0          0        148   dadd.o
       222          0          0          0          0        100   ddiv.o
       186          0          0          0          0        176   depilogue.o
        48          0          0          0          0         68   dfixul.o
        34          0          0          0          0         76   dflti.o
       228          0          0          0          0         96   dmul.o
        38          0          0          0          0         68   f2d.o
       176          0          0          0          0        140   fadd.o
       124          0          0          0          0         88   fdiv.o
       110          0          0          0          0        168   fepilogue.o
        50          0          0          0          0         68   ffixi.o
        40          0          0          0          0         68   ffixui.o
        18          0          0          0          0         68   fflti.o
        10          0          0          0          0         68   ffltui.o
       100          0          0          0          0         76   fmul.o

    ----------------------------------------------------------------------
      4636        112          0          4          0       2944   Library Totals
         2          0          0          0          0          0   (incl. Padding)

    ----------------------------------------------------------------------

      Code (inc. data)   RO Data    RW Data    ZI Data      Debug   Library Name

      2724        112          0          4          0       1108   mc_w.l
      1910          0          0          0          0       1836   mf_w.l

    ----------------------------------------------------------------------
      4636        112          0          4          0       2944   Library Totals

    ----------------------------------------------------------------------

==============================================================================


      Code (inc. data)   RO Data    RW Data    ZI Data      Debug   

     30880       4384       9436        348       5212     442951   Grand Totals
     30880       4384       9436         96       5212     442951   ELF Image Totals (compressed)
     30880       4384       9436         96          0          0   ROM Totals

==============================================================================

    Total RO  Size (Code + RO Data)                40316 (  39.37kB)
    Total RW  Size (RW Data + ZI Data)              5560 (   5.43kB)
    Total ROM Size (Code + RO Data + RW Data)      40412 (  39.46kB)

==============================================================================

