Component: ARM Compiler 5.05 update 1 (build 106) Tool: armlink [4d0efa]

==============================================================================

Section Cross References

    main.o(i.Cavity_Pressure_SendBack) refers to adc.o(i.AD_Conversion) for AD_Conversion
    main.o(i.Cavity_Pressure_SendBack) refers to dataprocess.o(i.ADVoltage_2_Flow1479A) for ADVoltage_2_Flow1479A
    main.o(i.Cavity_Pressure_SendBack) refers to dataprocess.o(i.GetCRC16) for GetCRC16
    main.o(i.Cavity_Pressure_SendBack) refers to w5500.o(i.Write_SOCK_Data_Buffer) for Write_SOCK_Data_Buffer
    main.o(i.Cavity_Pressure_SendBack) refers to w5500.o(.bss) for Tx_Buffer
    main.o(i.Initial_DebugMode) refers to main.o(.data) for Valve_Signal_Open
    main.o(i.Process_Socket_Data) refers to w5500.o(i.Read_SOCK_Data_Buffer) for Read_SOCK_Data_Buffer
    main.o(i.Process_Socket_Data) refers to adc.o(i.AD_Conversion) for AD_Conversion
    main.o(i.Process_Socket_Data) refers to dataprocess.o(i.ADVoltage_2_Flow1479A) for ADVoltage_2_Flow1479A
    main.o(i.Process_Socket_Data) refers to dataprocess.o(i.GetCRC16) for GetCRC16
    main.o(i.Process_Socket_Data) refers to w5500.o(i.Write_SOCK_Data_Buffer) for Write_SOCK_Data_Buffer
    main.o(i.Process_Socket_Data) refers to dataprocess.o(i.ADVoltage_2_Pressure627D) for ADVoltage_2_Pressure627D
    main.o(i.Process_Socket_Data) refers to dataprocess.o(i.ADVoltage_2_Pressure025D) for ADVoltage_2_Pressure025D
    main.o(i.Process_Socket_Data) refers to printfa.o(i.__0printf) for __2printf
    main.o(i.Process_Socket_Data) refers to iostate.o(i.Gas_State_Read) for Gas_State_Read
    main.o(i.Process_Socket_Data) refers to cfrcmple.o(.text) for __aeabi_cfrcmple
    main.o(i.Process_Socket_Data) refers to cfcmple.o(.text) for __aeabi_cfcmple
    main.o(i.Process_Socket_Data) refers to memcpya.o(.text) for __aeabi_memcpy
    main.o(i.Process_Socket_Data) refers to w5500.o(.bss) for Rx_Buffer
    main.o(i.Process_Socket_Data) refers to main.o(.data) for Normal_Debug_RunningMode
    main.o(i.Status_Register_Update) refers to iostate.o(i.Gas_State_Read) for Gas_State_Read
    main.o(i.Status_Register_Update) refers to iostate.o(i.Gas_State_Read_LCD) for Gas_State_Read_LCD
    main.o(i.Status_Register_Update) refers to test.o(i.Gas_StateLayerUpdate) for Gas_StateLayerUpdate
    main.o(i.Status_Register_Update) refers to adc.o(i.AD_Conversion) for AD_Conversion
    main.o(i.Status_Register_Update) refers to test.o(i.ADC_LCD_Out) for ADC_LCD_Out
    main.o(i.Status_Register_Update) refers to dataprocess.o(i.ADVoltage_2_Flow1479A) for ADVoltage_2_Flow1479A
    main.o(i.Status_Register_Update) refers to dataprocess.o(i.ADVoltage_2_Pressure627D) for ADVoltage_2_Pressure627D
    main.o(i.Status_Register_Update) refers to main.o(.data) for Flow_1479A_Status
    main.o(i.main) refers to system_stm32f10x.o(i.SystemInit) for SystemInit
    main.o(i.main) refers to systick.o(i.delay_init) for delay_init
    main.o(i.main) refers to lcd.o(i.LCD_Init) for LCD_Init
    main.o(i.main) refers to led.o(i.LED_Init) for LED_Init
    main.o(i.main) refers to adc.o(i.adc_init) for adc_init
    main.o(i.main) refers to printf.o(i.printf_init) for printf_init
    main.o(i.main) refers to dac.o(i.Dac1_Init) for Dac1_Init
    main.o(i.main) refers to stm32f10x_dac.o(i.DAC_SetChannel1Data) for DAC_SetChannel1Data
    main.o(i.main) refers to pwm.o(i.pwm_init) for pwm_init
    main.o(i.main) refers to iostate.o(i.ValveState_Init) for ValveState_Init
    main.o(i.main) refers to test.o(i.GridLayer) for GridLayer
    main.o(i.main) refers to test.o(i.Gas_StateLayer) for Gas_StateLayer
    main.o(i.main) refers to w5500.o(i.System_Initialization) for System_Initialization
    main.o(i.main) refers to w5500.o(i.Load_Net_Parameters) for Load_Net_Parameters
    main.o(i.main) refers to w5500.o(i.W5500_Hardware_Reset) for W5500_Hardware_Reset
    main.o(i.main) refers to w5500.o(i.W5500_Initialization) for W5500_Initialization
    main.o(i.main) refers to w5500.o(i.W5500_Socket_Set) for W5500_Socket_Set
    main.o(i.main) refers to iwdg.o(i.iwdg_init) for iwdg_init
    main.o(i.main) refers to printfa.o(i.__0printf) for __2printf
    main.o(i.main) refers to exti.o(i.exti_disable) for exti_disable
    main.o(i.main) refers to stm32f10x_iwdg.o(i.IWDG_ReloadCounter) for IWDG_ReloadCounter
    main.o(i.main) refers to w5500.o(i.W5500_Interrupt_Process) for W5500_Interrupt_Process
    main.o(i.main) refers to main.o(i.Process_Socket_Data) for Process_Socket_Data
    main.o(i.main) refers to iostate.o(i.ValveStateChange) for ValveStateChange
    main.o(i.main) refers to 1479a.o(i.Flow_1479A_Adjustment) for Flow_1479A_Adjustment
    main.o(i.main) refers to vacuumg.o(i.VacuumValue_PID) for VacuumValue_PID
    main.o(i.main) refers to exti.o(i.exti_init) for exti_init
    main.o(i.main) refers to f2d.o(.text) for __aeabi_f2d
    main.o(i.main) refers to main.o(.data) for Package_Cavity_627D_Pressure_Set
[...]
    i.ADC_StartCalibration                   0x08000bb0   Section        0  stm32f10x_adc.o(i.ADC_StartCalibration)
    i.ADVoltage_2_Flow1479A                  0x08000bba   Section        0  dataprocess.o(i.ADVoltage_2_Flow1479A)
    i.ADVoltage_2_Pressure025D               0x08000bbc   Section        0  dataprocess.o(i.ADVoltage_2_Pressure025D)
    i.ADVoltage_2_Pressure627D               0x08000bf4   Section        0  dataprocess.o(i.ADVoltage_2_Pressure627D)
    i.AD_Conversion                          0x08000c2c   Section        0  adc.o(i.AD_Conversion)
    i.BusFault_Handler                       0x08000d3c   Section        0  stm32f10x_it.o(i.BusFault_Handler)
    i.DAC_Cmd                                0x08000d40   Section        0  stm32f10x_dac.o(i.DAC_Cmd)
    i.DAC_Init                               0x08000d68   Section        0  stm32f10x_dac.o(i.DAC_Init)
    i.DAC_SetChannel1Data                    0x08000d9c   Section        0  stm32f10x_dac.o(i.DAC_SetChannel1Data)
    i.Dac1_Init                              0x08000dbc   Section        0  dac.o(i.Dac1_Init)
    i.Dac1_Set_Vol                           0x08000e20   Section        0  dac.o(i.Dac1_Set_Vol)
    i.DebugMon_Handler                       0x08000e78   Section        0  stm32f10x_it.o(i.DebugMon_Handler)
    i.Delay                                  0x08000e7c   Section        0  w5500.o(i.Delay)
    i.Detect_Gateway                         0x08000e94   Section        0  w5500.o(i.Detect_Gateway)
    i.EXTI1_IRQHandler                       0x08000f6c   Section        0  stm32f10x_it.o(i.EXTI1_IRQHandler)
    i.EXTI2_IRQHandler                       0x08000fe8   Section        0  stm32f10x_it.o(i.EXTI2_IRQHandler)
    i.EXTI9_5_IRQHandler                     0x0800103c   Section        0  w5500.o(i.EXTI9_5_IRQHandler)
    i.EXTI_ClearITPendingBit                 0x0800105c   Section        0  stm32f10x_exti.o(i.EXTI_ClearITPendingBit)
    i.EXTI_GetITStatus                       0x08001068   Section        0  stm32f10x_exti.o(i.EXTI_GetITStatus)
    i.EXTI_Init                              0x08001090   Section        0  stm32f10x_exti.o(i.EXTI_Init)
    i.FLASH_PrefetchBufferCmd                0x08001124   Section        0  stm32f10x_flash.o(i.FLASH_PrefetchBufferCmd)
    i.FLASH_SetLatency                       0x08001140   Section        0  stm32f10x_flash.o(i.FLASH_SetLatency)
    i.Flow1479A_2_ADVoltage                  0x08001158   Section        0  dataprocess.o(i.Flow1479A_2_ADVoltage)
    i.Flow_1479A_Adjustment                  0x0800115c   Section        0  1479a.o(i.Flow_1479A_Adjustment)
    i.GPIO_EXTILineConfig                    0x08001200   Section        0  stm32f10x_gpio.o(i.GPIO_EXTILineConfig)
    i.GPIO_Init                              0x08001240   Section        0  stm32f10x_gpio.o(i.GPIO_Init)
    i.GPIO_PinRemapConfig                    0x08001358   Section        0  stm32f10x_gpio.o(i.GPIO_PinRemapConfig)
    i.GPIO_ReadInputDataBit                  0x080013e8   Section        0  stm32f10x_gpio.o(i.GPIO_ReadInputDataBit)
    i.GPIO_ReadOutputDataBit                 0x080013fa   Section        0  stm32f10x_gpio.o(i.GPIO_ReadOutputDataBit)
    i.GPIO_ResetBits                         0x0800140c   Section        0  stm32f10x_gpio.o(i.GPIO_ResetBits)
    i.GPIO_SetBits                           0x08001410   Section        0  stm32f10x_gpio.o(i.GPIO_SetBits)
    i.GUI_DrawFont16                         0x08001414   Section        0  gui.o(i.GUI_DrawFont16)
    i.GUI_DrawFont24                         0x0800151c   Section        0  gui.o(i.GUI_DrawFont24)
    i.GUI_DrawFont32                         0x08001634   Section        0  gui.o(i.GUI_DrawFont32)
    i.GUI_DrawPoint                          0x0800173c   Section        0  gui.o(i.GUI_DrawPoint)
    i.Gas_StateLayer                         0x08001754   Section        0  test.o(i.Gas_StateLayer)
    i.Gas_StateLayerUpdate                   0x080017a8   Section        0  test.o(i.Gas_StateLayerUpdate)
    i.Gas_State_Read                         0x080018e4   Section        0  iostate.o(i.Gas_State_Read)
    i.Gas_State_Read_LCD                     0x08001a20   Section        0  iostate.o(i.Gas_State_Read_LCD)
    i.GetCRC16                               0x08001acc   Section        0  dataprocess.o(i.GetCRC16)
    i.Get_ADC_Value                          0x08001b04   Section        0  adc.o(i.Get_ADC_Value)
    i.GridLayer                              0x08001b58   Section        0  test.o(i.GridLayer)
    i.HardFault_Handler                      0x08001f14   Section        0  stm32f10x_it.o(i.HardFault_Handler)
    i.IWDG_Enable                            0x08001f18   Section        0  stm32f10x_iwdg.o(i.IWDG_Enable)
    i.IWDG_ReloadCounter                     0x08001f28   Section        0  stm32f10x_iwdg.o(i.IWDG_ReloadCounter)
    i.IWDG_SetPrescaler                      0x08001f38   Section        0  stm32f10x_iwdg.o(i.IWDG_SetPrescaler)
    i.IWDG_SetReload                         0x08001f44   Section        0  stm32f10x_iwdg.o(i.IWDG_SetReload)
    i.IWDG_WriteAccessCmd                    0x08001f50   Section        0  stm32f10x_iwdg.o(i.IWDG_WriteAccessCmd)
    i.LCD_Clear                              0x08001f5c   Section        0  lcd.o(i.LCD_Clear)
    i.LCD_DrawLine                           0x08001fbc   Section        0  gui.o(i.LCD_DrawLine)
    i.LCD_DrawPoint                          0x0800206c   Section        0  lcd.o(i.LCD_DrawPoint)
    i.LCD_GPIOInit                           0x08002088   Section        0  lcd.o(i.LCD_GPIOInit)
    i.LCD_Init                               0x080020b4   Section        0  lcd.o(i.LCD_Init)
    i.LCD_RESET                              0x08002304   Section        0  lcd.o(i.LCD_RESET)
    i.LCD_SetCursor                          0x0800232c   Section        0  lcd.o(i.LCD_SetCursor)
    i.LCD_SetWindows                         0x08002340   Section        0  lcd.o(i.LCD_SetWindows)
    i.LCD_ShowChar                           0x08002398   Section        0  gui.o(i.LCD_ShowChar)
    i.LCD_WR_DATA                            0x080024bc   Section        0  lcd.o(i.LCD_WR_DATA)
    i.LCD_WR_REG                             0x080024ec   Section        0  lcd.o(i.LCD_WR_REG)
    i.LCD_WriteRAM_Prepare                   0x08002518   Section        0  lcd.o(i.LCD_WriteRAM_Prepare)
    i.LCD_WriteReg                           0x08002528   Section        0  lcd.o(i.LCD_WriteReg)
    i.LCD_direction                          0x0800253c   Section        0  lcd.o(i.LCD_direction)
    i.LED_Init                               0x080025c0   Section        0  led.o(i.LED_Init)
    i.Lcd_WriteData_16Bit                    0x080025f0   Section        0  lcd.o(i.Lcd_WriteData_16Bit)
    i.Load_Net_Parameters                    0x08002628   Section        0  w5500.o(i.Load_Net_Parameters)
    i.MemManage_Handler                      0x0800269c   Section        0  stm32f10x_it.o(i.MemManage_Handler)
    i.NMI_Handler                            0x080026a0   Section        0  stm32f10x_it.o(i.NMI_Handler)
    i.NVIC_Configuration                     0x080026a2   Section        0  w5500.o(i.NVIC_Configuration)
    i.NVIC_Init                              0x080026d8   Section        0  misc.o(i.NVIC_Init)
    i.NVIC_PriorityGroupConfig               0x08002748   Section        0  misc.o(i.NVIC_PriorityGroupConfig)
    i.NVIC_SetVectorTable                    0x0800275c   Section        0  misc.o(i.NVIC_SetVectorTable)
    i.PendSV_Handler                         0x08002770   Section        0  stm32f10x_it.o(i.PendSV_Handler)
    i.Process_Socket_Data                    0x08002774   Section        0  main.o(i.Process_Socket_Data)
    i.RCC_ADCCLKConfig                       0x08002f44   Section        0  stm32f10x_rcc.o(i.RCC_ADCCLKConfig)
    i.RCC_APB1PeriphClockCmd                 0x08002f5c   Section        0  stm32f10x_rcc.o(i.RCC_APB1PeriphClockCmd)
    i.RCC_APB2PeriphClockCmd                 0x08002f7c   Section        0  stm32f10x_rcc.o(i.RCC_APB2PeriphClockCmd)
    i.RCC_ClockSecuritySystemCmd             0x08002f9c   Section        0  stm32f10x_rcc.o(i.RCC_ClockSecuritySystemCmd)
    i.RCC_Configuration                      0x08002fa8   Section        0  w5500.o(i.RCC_Configuration)
    i.RCC_DeInit                             0x08003024   Section        0  stm32f10x_rcc.o(i.RCC_DeInit)
    i.RCC_GetClocksFreq                      0x08003070   Section        0  stm32f10x_rcc.o(i.RCC_GetClocksFreq)
    i.RCC_GetFlagStatus                      0x08003144   Section        0  stm32f10x_rcc.o(i.RCC_GetFlagStatus)
    i.RCC_GetSYSCLKSource                    0x08003180   Section        0  stm32f10x_rcc.o(i.RCC_GetSYSCLKSource)
    i.RCC_HCLKConfig                         0x08003190   Section        0  stm32f10x_rcc.o(i.RCC_HCLKConfig)
    i.RCC_HSEConfig                          0x080031a8   Section        0  stm32f10x_rcc.o(i.RCC_HSEConfig)
    i.RCC_PCLK1Config                        0x080031f4   Section        0  stm32f10x_rcc.o(i.RCC_PCLK1Config)
    i.RCC_PCLK2Config                        0x0800320c   Section        0  stm32f10x_rcc.o(i.RCC_PCLK2Config)
    i.RCC_PLLCmd                             0x08003224   Section        0  stm32f10x_rcc.o(i.RCC_PLLCmd)
    i.RCC_PLLConfig                          0x08003230   Section        0  stm32f10x_rcc.o(i.RCC_PLLConfig)
    i.RCC_SYSCLKConfig                       0x0800324c   Section        0  stm32f10x_rcc.o(i.RCC_SYSCLKConfig)
    i.RCC_WaitForHSEStartUp                  0x08003264   Section        0  stm32f10x_rcc.o(i.RCC_WaitForHSEStartUp)
    i.Read_SOCK_Data_Buffer                  0x0800329c   Section        0  w5500.o(i.Read_SOCK_Data_Buffer)
    i.Read_W5500_1Byte                       0x080033cc   Section        0  w5500.o(i.Read_W5500_1Byte)
    i.Read_W5500_SOCK_1Byte                  0x08003414   Section        0  w5500.o(i.Read_W5500_SOCK_1Byte)
    i.Read_W5500_SOCK_2Byte                  0x08003468   Section        0  w5500.o(i.Read_W5500_SOCK_2Byte)
    i.SPI2_Init                              0x080034d4   Section        0  spi.o(i.SPI2_Init)
    i.SPI3_Send_Byte                         0x08003570   Section        0  w5500.o(i.SPI3_Send_Byte)
    i.SPI3_Send_Short                        0x08003590   Section        0  w5500.o(i.SPI3_Send_Short)
    i.SPI_Cmd                                0x080035ac   Section        0  stm32f10x_spi.o(i.SPI_Cmd)
    i.SPI_Configuration                      0x080035c4   Section        0  w5500.o(i.SPI_Configuration)
    i.SPI_I2S_GetFlagStatus                  0x08003698   Section        0  stm32f10x_spi.o(i.SPI_I2S_GetFlagStatus)
    i.SPI_I2S_ReceiveData                    0x080036aa   Section        0  stm32f10x_spi.o(i.SPI_I2S_ReceiveData)
    i.SPI_I2S_SendData                       0x080036b0   Section        0  stm32f10x_spi.o(i.SPI_I2S_SendData)
    i.SPI_Init                               0x080036b4   Section        0  stm32f10x_spi.o(i.SPI_Init)
    i.SPI_WriteByte                          0x080036f0   Section        0  spi.o(i.SPI_WriteByte)
    i.SVC_Handler                            0x08003712   Section        0  stm32f10x_it.o(i.SVC_Handler)
    i.SetSysClock                            0x08003714   Section        0  system_stm32f10x.o(i.SetSysClock)
    SetSysClock                              0x08003715   Thumb Code     8  system_stm32f10x.o(i.SetSysClock)
    i.SetSysClockTo72                        0x0800371c   Section        0  system_stm32f10x.o(i.SetSysClockTo72)
    SetSysClockTo72                          0x0800371d   Thumb Code   214  system_stm32f10x.o(i.SetSysClockTo72)
    i.Show_Str                               0x080037fc   Section        0  gui.o(i.Show_Str)
    i.Socket_Connect                         0x08003908   Section        0  w5500.o(i.Socket_Connect)
    i.Socket_Init                            0x08003950   Section        0  w5500.o(i.Socket_Init)
    i.Socket_Listen                          0x080039a0   Section        0  w5500.o(i.Socket_Listen)
    i.Socket_UDP                             0x08003a06   Section        0  w5500.o(i.Socket_UDP)
    i.Status_Register_Update                 0x08003a44   Section        0  main.o(i.Status_Register_Update)
    i.SysTick_CLKSourceConfig                0x08003a84   Section        0  misc.o(i.SysTick_CLKSourceConfig)
    i.SysTick_Handler                        0x08003aac   Section        0  stm32f10x_it.o(i.SysTick_Handler)
    i.SystemInit                             0x08003ab0   Section        0  system_stm32f10x.o(i.SystemInit)
    i.System_Initialization                  0x08003b10   Section        0  w5500.o(i.System_Initialization)
    i.TIM2_IRQHandler                        0x08003b28   Section        0  w5500.o(i.TIM2_IRQHandler)
    i.TIM3_IRQHandler                        0x08003b5c   Section        0  stm32f10x_it.o(i.TIM3_IRQHandler)
    i.TIM_ClearITPendingBit                  0x08003b6c   Section        0  stm32f10x_tim.o(i.TIM_ClearITPendingBit)
    i.TIM_Cmd                                0x08003b72   Section        0  stm32f10x_tim.o(i.TIM_Cmd)
    i.TIM_GetITStatus                        0x08003b8a   Section        0  stm32f10x_tim.o(i.TIM_GetITStatus)
    i.TIM_ITConfig                           0x08003bac   Section        0  stm32f10x_tim.o(i.TIM_ITConfig)
    i.TIM_OC2Init                            0x08003bc0   Section        0  stm32f10x_tim.o(i.TIM_OC2Init)
    i.TIM_OC2PreloadConfig                   0x08003c64   Section        0  stm32f10x_tim.o(i.TIM_OC2PreloadConfig)
    i.TIM_SetCompare2                        0x08003c7e   Section        0  stm32f10x_tim.o(i.TIM_SetCompare2)
    i.TIM_TimeBaseInit                       0x08003c84   Section        0  stm32f10x_tim.o(i.TIM_TimeBaseInit)
    i.Timer2_Init_Config                     0x08003d28   Section        0  w5500.o(i.Timer2_Init_Config)
    i.USART1_IRQHandler                      0x08003d68   Section        0  stm32f10x_it.o(i.USART1_IRQHandler)
    i.USART2_IRQHandler                      0x08003dac   Section        0  stm32f10x_it.o(i.USART2_IRQHandler)
    i.USART_ClearFlag                        0x08003e10   Section        0  stm32f10x_usart.o(i.USART_ClearFlag)
    i.USART_Cmd                              0x08003e22   Section        0  stm32f10x_usart.o(i.USART_Cmd)
    i.USART_GetFlagStatus                    0x08003e3a   Section        0  stm32f10x_usart.o(i.USART_GetFlagStatus)
    i.USART_GetITStatus                      0x08003e54   Section        0  stm32f10x_usart.o(i.USART_GetITStatus)
    i.USART_ITConfig                         0x08003ea8   Section        0  stm32f10x_usart.o(i.USART_ITConfig)
    i.USART_Init                             0x08003ef4   Section        0  stm32f10x_usart.o(i.USART_Init)
    i.USART_ReceiveData                      0x08003fcc   Section        0  stm32f10x_usart.o(i.USART_ReceiveData)
    i.USART_SendData                         0x08003fd6   Section        0  stm32f10x_usart.o(i.USART_SendData)
    i.UsageFault_Handler                     0x08003fde   Section        0  stm32f10x_it.o(i.UsageFault_Handler)
    i.VacuumValue_PID                        0x08003fe4   Section        0  vacuumg.o(i.VacuumValue_PID)
    i.ValveStateChange                       0x08004208   Section        0  iostate.o(i.ValveStateChange)
    i.ValveState_Init                        0x08004380   Section        0  iostate.o(i.ValveState_Init)
    i.W5500_GPIO_Configuration               0x080043ec   Section        0  w5500.o(i.W5500_GPIO_Configuration)
    i.W5500_Hardware_Reset                   0x0800445c   Section        0  w5500.o(i.W5500_Hardware_Reset)
    i.W5500_Init                             0x08004494   Section        0  w5500.o(i.W5500_Init)
    i.W5500_Initialization                   0x0800452c   Section        0  w5500.o(i.W5500_Initialization)
    i.W5500_Interrupt_Process                0x08004540   Section        0  w5500.o(i.W5500_Interrupt_Process)
    i.W5500_NVIC_Configuration               0x08004600   Section        0  w5500.o(i.W5500_NVIC_Configuration)
    i.W5500_Socket_Set                       0x08004620   Section        0  w5500.o(i.W5500_Socket_Set)
    i.Write_SOCK_Data_Buffer                 0x0800468c   Section        0  w5500.o(i.Write_SOCK_Data_Buffer)
    i.Write_W5500_1Byte                      0x080047a0   Section        0  w5500.o(i.Write_W5500_1Byte)
    i.Write_W5500_2Byte                      0x080047d4   Section        0  w5500.o(i.Write_W5500_2Byte)
    i.Write_W5500_SOCK_1Byte                 0x08004808   Section        0  w5500.o(i.Write_W5500_SOCK_1Byte)
    i.Write_W5500_SOCK_2Byte                 0x08004848   Section        0  w5500.o(i.Write_W5500_SOCK_2Byte)
    i.Write_W5500_SOCK_4Byte                 0x08004888   Section        0  w5500.o(i.Write_W5500_SOCK_4Byte)
    i.Write_W5500_nByte                      0x080048e0   Section        0  w5500.o(i.Write_W5500_nByte)
    i.__0printf                              0x08004928   Section        0  printfa.o(i.__0printf)
    i.__0sprintf                             0x08004948   Section        0  printfa.o(i.__0sprintf)
    i.__scatterload_copy                     0x08004970   Section       14  handlers.o(i.__scatterload_copy)
    i.__scatterload_null                     0x0800497e   Section        2  handlers.o(i.__scatterload_null)
    i.__scatterload_zeroinit                 0x08004980   Section       14  handlers.o(i.__scatterload_zeroinit)
    i._draw_circle_8                         0x0800498e   Section        0  gui.o(i._draw_circle_8)
    i._fp_digits                             0x08004a14   Section        0  printfa.o(i._fp_digits)
    _fp_digits                               0x08004a15   Thumb Code   334  printfa.o(i._fp_digits)
    i._printf_core                           0x08004b78   Section        0  printfa.o(i._printf_core)
    _printf_core                             0x08004b79   Thumb Code  1744  printfa.o(i._printf_core)
    i._printf_post_padding                   0x08005254   Section        0  printfa.o(i._printf_post_padding)
    _printf_post_padding                     0x08005255   Thumb Code    36  printfa.o(i._printf_post_padding)
    i._printf_pre_padding                    0x08005278   Section        0  printfa.o(i._printf_pre_padding)
    _printf_pre_padding                      0x08005279   Thumb Code    46  printfa.o(i._printf_pre_padding)
    i._sputc                                 0x080052a6   Section        0  printfa.o(i._sputc)
    _sputc                                   0x080052a7   Thumb Code    10  printfa.o(i._sputc)
    i.adc_init                               0x080052b0   Section        0  adc.o(i.adc_init)
    i.delay_init                             0x0800544c   Section        0  systick.o(i.delay_init)
    i.delay_ms                               0x08005488   Section        0  systick.o(i.delay_ms)
    i.exti_disable                           0x080054c0   Section        0  exti.o(i.exti_disable)
    i.exti_init                              0x08005554   Section        0  exti.o(i.exti_init)
    i.fputc                                  0x080055f0   Section        0  printf.o(i.fputc)
    i.gui_circle                             0x08005614   Section        0  gui.o(i.gui_circle)
    i.iwdg_init                              0x080056ae   Section        0  iwdg.o(i.iwdg_init)
    i.main                                   0x080056d0   Section        0  main.o(i.main)
    i.printf_init                            0x08005e10   Section        0  printf.o(i.printf_init)
    i.pwm_init                               0x08005ec4   Section        0  pwm.o(i.pwm_init)
    .constdata                               0x08005f5c   Section        6  adc.o(.constdata)
    .constdata                               0x08005f62   Section     5806  gui.o(.constdata)
    .constdata                               0x08007610   Section     3236  test.o(.constdata)
    .conststring                             0x080082b4   Section       55  test.o(.conststring)
    .data                                    0x20000000   Section      120  main.o(.data)
    .data                                    0x20000078   Section        2  stm32f10x_it.o(.data)
    k                                        0x20000078   Data           1  stm32f10x_it.o(.data)
    k                                        0x20000079   Data           1  stm32f10x_it.o(.data)
    .data                                    0x2000007a   Section       20  stm32f10x_rcc.o(.data)
    APBAHBPrescTable                         0x2000007a   Data          16  stm32f10x_rcc.o(.data)
    ADCPrescTable                            0x2000008a   Data           4  stm32f10x_rcc.o(.data)
    .data                                    0x2000008e   Section        4  systick.o(.data)
    fac_us                                   0x2000008e   Data           1  systick.o(.data)
    fac_ms                                   0x20000090   Data           2  systick.o(.data)
    .data                                    0x20000092   Section        6  lcd.o(.data)
    .data                                    0x20000098   Section       10  test.o(.data)
    .data                                    0x200000a2   Section        2  iostate.o(.data)
    GPIO_State_return                        0x200000a2   Data           2  iostate.o(.data)
    .data                                    0x200000a4   Section       44  w5500.o(.data)
    .data                                    0x200000d0   Section       12  vacuumg.o(.data)
    error_I                                  0x200000d0   Data           4  vacuumg.o(.data)
    error_last                               0x200000d4   Data           4  vacuumg.o(.data)
    Input_last                               0x200000d8   Data           4  vacuumg.o(.data)
    .data                                    0x200000dc   Section        4  stdout.o(.data)
    .bss                                     0x200000e0   Section       14  lcd.o(.bss)
    .bss                                     0x200000ee   Section       12  iostate.o(.bss)
    GPIO_State                               0x200000ee   Data          12  iostate.o(.bss)
    .bss                                     0x200000fa   Section     4096  w5500.o(.bss)
    STACK                                    0x20001100   Section     1024  startup_stm32f10x_hd.o(STACK)

    Global Symbols

    Symbol Name                              Value     Ov Type        Size  Object(Section)

    BuildAttributes$$THM_ISAv4$P$D$K$B$S$PE$A:L22UL41UL21$X:L11$S22US41US21$IEEE1$IW$USESV6$~STKCKD$USESV7$~SHL$OTIME$ROPI$EBA8$MICROLIB$REQ8$PRES8$EABIv2 0x00000000   Number         0  anon$$obj.o ABSOLUTE
    __ARM_use_no_argv                        0x00000000   Number         0  main.o ABSOLUTE
    _printf_a                                0x00000000   Number         0  stubs.o ABSOLUTE
    _printf_c                                0x00000000   Number         0  stubs.o ABSOLUTE
    _printf_charcount                        0x00000000   Number         0  stubs.o ABSOLUTE
    _printf_d                                0x00000000   Number         0  stubs.o ABSOLUTE
    _printf_e                                0x00000000   Number         0  stubs.o ABSOLUTE
    _printf_f                                0x00000000   Number         0  stubs.o ABSOLUTE
    _printf_flags                            0x00000000   Number         0  stubs.o ABSOLUTE
    _printf_fp_dec                           0x00000000   Number         0  stubs.o ABSOLUTE
    _printf_fp_hex                           0x00000000   Number         0  stubs.o ABSOLUTE
    _printf_g                                0x00000000   Number         0  stubs.o ABSOLUTE
    _printf_i                                0x00000000   Number         0  stubs.o ABSOLUTE
    _printf_int_dec                          0x00000000   Number         0  stubs.o ABSOLUTE
    _printf_l                                0x00000000   Number         0  stubs.o ABSOLUTE
    _printf_lc                               0x00000000   Number         0  stubs.o ABSOLUTE
    _printf_ll                               0x00000000   Number         0  stubs.o ABSOLUTE
    _printf_lld                              0x00000000   Number         0  stubs.o ABSOLUTE
    _printf_lli                              0x00000000   Number         0  stubs.o ABSOLUTE
    _printf_llo                              0x00000000   Number         0  stubs.o ABSOLUTE
    _printf_llu                              0x00000000   Number         0  stubs.o ABSOLUTE
    _printf_llx                              0x00000000   Number         0  stubs.o ABSOLUTE
    _printf_longlong_dec                     0x00000000   Number         0  stubs.o ABSOLUTE
    _printf_longlong_hex                     0x00000000   Number         0  stubs.o ABSOLUTE
    _printf_longlong_oct                     0x00000000   Number         0  stubs.o ABSOLUTE
    _printf_ls                               0x00000000   Number         0  stubs.o ABSOLUTE
    _printf_mbtowc                           0x00000000   Number         0  stubs.o ABSOLUTE
    _printf_n                                0x00000000   Number         0  stubs.o ABSOLUTE
    _printf_o                                0x00000000   Number         0  stubs.o ABSOLUTE
    _printf_p                                0x00000000   Number         0  stubs.o ABSOLUTE
    _printf_percent                          0x00000000   Number         0  stubs.o ABSOLUTE
    _printf_pre_padding                      0x00000000   Number         0  stubs.o ABSOLUTE
    _printf_return_value                     0x00000000   Number         0  stubs.o ABSOLUTE
    _printf_s                                0x00000000   Number         0  stubs.o ABSOLUTE
    _printf_sizespec                         0x00000000   Number         0  stubs.o ABSOLUTE
    _printf_str                              0x00000000   Number         0  stubs.o ABSOLUTE
    _printf_truncate_signed                  0x00000000   Number         0  stubs.o ABSOLUTE
    _printf_truncate_unsigned                0x00000000   Number         0  stubs.o ABSOLUTE
    _printf_u                                0x00000000   Number         0  stubs.o ABSOLUTE
    _printf_wc                               0x00000000   Number         0  stubs.o ABSOLUTE
    _printf_wctomb                           0x00000000   Number         0  stubs.o ABSOLUTE
    _printf_widthprec                        0x00000000   Number         0  stubs.o ABSOLUTE
    _printf_x                                0x00000000   Number         0  stubs.o ABSOLUTE
    __cpp_initialize__aeabi_                  - Undefined Weak Reference
    __cxa_finalize                            - Undefined Weak Reference
    __decompress                              - Undefined Weak Reference
    _clock_init                               - Undefined Weak Reference
    _microlib_exit                            - Undefined Weak Reference
    __Vectors_Size                           0x00000130   Number         0  startup_stm32f10x_hd.o ABSOLUTE
    __Vectors                                0x08000000   Data           4  startup_stm32f10x_hd.o(RESET)
    __Vectors_End                            0x08000130   Data           0  startup_stm32f10x_hd.o(RESET)
    __main                                   0x08000131   Thumb Code     0  entry.o(.ARM.Collect$$$$00000000)
    _main_stk                                0x08000131   Thumb Code     0  entry2.o(.ARM.Collect$$$$00000001)
    _main_scatterload                        0x08000135   Thumb Code     0  entry5.o(.ARM.Collect$$$$00000004)
    __main_after_scatterload                 0x08000139   Thumb Code     0  entry5.o(.ARM.Collect$$$$00000004)
    _main_clock                              0x08000139   Thumb Code     0  entry7b.o(.ARM.Collect$$$$00000008)
    _main_cpp_init                           0x08000139   Thumb Code     0  entry8b.o(.ARM.Collect$$$$0000000A)
    _main_init                               0x08000139   Thumb Code     0  entry9a.o(.ARM.Collect$$$$0000000B)
    __rt_final_cpp                           0x08000141   Thumb Code     0  entry10a.o(.ARM.Collect$$$$0000000D)
    __rt_final_exit                          0x08000141   Thumb Code     0  entry11a.o(.ARM.Collect$$$$0000000F)
    Reset_Handler                            0x08000145   Thumb Code     8  startup_stm32f10x_hd.o(.text)
    ADC1_2_IRQHandler                        0x0800015f   Thumb Code     0  startup_stm32f10x_hd.o(.text)
    ADC3_IRQHandler                          0x0800015f   Thumb Code     0  startup_stm32f10x_hd.o(.text)
    CAN1_RX1_IRQHandler                      0x0800015f   Thumb Code     0  startup_stm32f10x_hd.o(.text)
    CAN1_SCE_IRQHandler                      0x0800015f   Thumb Code     0  startup_stm32f10x_hd.o(.text)
    DMA1_Channel1_IRQHandler                 0x0800015f   Thumb Code     0  startup_stm32f10x_hd.o(.text)
    DMA1_Channel2_IRQHandler                 0x0800015f   Thumb Code     0  startup_stm32f10x_hd.o(.text)
    DMA1_Channel3_IRQHandler                 0x0800015f   Thumb Code     0  startup_stm32f10x_hd.o(.text)
    DMA1_Channel4_IRQHandler                 0x0800015f   Thumb Code     0  startup_stm32f10x_hd.o(.text)
    DMA1_Channel5_IRQHandler                 0x0800015f   Thumb Code     0  startup_stm32f10x_hd.o(.text)
    DMA1_Channel6_IRQHandler                 0x0800015f   Thumb Code     0  startup_stm32f10x_hd.o(.text)
    DMA1_Channel7_IRQHandler                 0x0800015f   Thumb Code     0  startup_stm32f10x_hd.o(.text)
    DMA2_Channel1_IRQHandler                 0x0800015f   Thumb Code     0  startup_stm32f10x_hd.o(.text)
    DMA2_Channel2_IRQHandler                 0x0800015f   Thumb Code     0  startup_stm32f10x_hd.o(.text)
    DMA2_Channel3_IRQHandler                 0x0800015f   Thumb Code     0  startup_stm32f10x_hd.o(.text)
    DMA2_Channel4_5_IRQHandler               0x0800015f   Thumb Code     0  startup_stm32f10x_hd.o(.text)
    EXTI0_IRQHandler                         0x0800015f   Thumb Code     0  startup_stm32f10x_hd.o(.text)
    EXTI15_10_IRQHandler                     0x0800015f   Thumb Code     0  startup_stm32f10x_hd.o(.text)
    EXTI3_IRQHandler                         0x0800015f   Thumb Code     0  startup_stm32f10x_hd.o(.text)
    EXTI4_IRQHandler                         0x0800015f   Thumb Code     0  startup_stm32f10x_hd.o(.text)
    FLASH_IRQHandler                         0x0800015f   Thumb Code     0  startup_stm32f10x_hd.o(.text)
    FSMC_IRQHandler                          0x0800015f   Thumb Code     0  startup_stm32f10x_hd.o(.text)
    I2C1_ER_IRQHandler                       0x0800015f   Thumb Code     0  startup_stm32f10x_hd.o(.text)
    I2C1_EV_IRQHandler                       0x0800015f   Thumb Code     0  startup_stm32f10x_hd.o(.text)
    I2C2_ER_IRQHandler                       0x0800015f   Thumb Code     0  startup_stm32f10x_hd.o(.text)
    I2C2_EV_IRQHandler                       0x0800015f   Thumb Code     0  startup_stm32f10x_hd.o(.text)
    PVD_IRQHandler                           0x0800015f   Thumb Code     0  startup_stm32f10x_hd.o(.text)
    RCC_IRQHandler                           0x0800015f   Thumb Code     0  startup_stm32f10x_hd.o(.text)
    RTCAlarm_IRQHandler                      0x0800015f   Thumb Code     0  startup_stm32f10x_hd.o(.text)
    RTC_IRQHandler                           0x0800015f   Thumb Code     0  startup_stm32f10x_hd.o(.text)
    SDIO_IRQHandler                          0x0800015f   Thumb Code     0  startup_stm32f10x_hd.o(.text)
    SPI1_IRQHandler                          0x0800015f   Thumb Code     0  startup_stm32f10x_hd.o(.text)
    SPI2_IRQHandler                          0x0800015f   Thumb Code     0  startup_stm32f10x_hd.o(.text)
    SPI3_IRQHandler                          0x0800015f   Thumb Code     0  startup_stm32f10x_hd.o(.text)
    TAMPER_IRQHandler                        0x0800015f   Thumb Code     0  startup_stm32f10x_hd.o(.text)
    TIM1_BRK_IRQHandler                      0x0800015f   Thumb Code     0  startup_stm32f10x_hd.o(.text)
    TIM1_CC_IRQHandler                       0x0800015f   Thumb Code     0  startup_stm32f10x_hd.o(.text)
    TIM1_TRG_COM_IRQHandler                  0x0800015f   Thumb Code     0  startup_stm32f10x_hd.o(.text)
    TIM1_UP_IRQHandler                       0x0800015f   Thumb Code     0  startup_stm32f10x_hd.o(.text)
    TIM4_IRQHandler                          0x0800015f   Thumb Code     0  startup_stm32f10x_hd.o(.text)
    TIM5_IRQHandler                          0x0800015f   Thumb Code     0  startup_stm32f10x_hd.o(.text)
    TIM6_IRQHandler                          0x0800015f   Thumb Code     0  startup_stm32f10x_hd.o(.text)
    TIM7_IRQHandler                          0x0800015f   Thumb Code     0  startup_stm32f10x_hd.o(.text)
    TIM8_BRK_IRQHandler                      0x0800015f   Thumb Code     0  startup_stm32f10x_hd.o(.text)
    TIM8_CC_IRQHandler                       0x0800015f   Thumb Code     0  startup_stm32f10x_hd.o(.text)
    TIM8_TRG_COM_IRQHandler                  0x0800015f   Thumb Code     0  startup_stm32f10x_hd.o(.text)
    TIM8_UP_IRQHandler                       0x0800015f   Thumb Code     0  startup_stm32f10x_hd.o(.text)
    UART4_IRQHandler                         0x0800015f   Thumb Code     0  startup_stm32f10x_hd.o(.text)
    UART5_IRQHandler                         0x0800015f   Thumb Code     0  startup_stm32f10x_hd.o(.text)
    USART3_IRQHandler                        0x0800015f   Thumb Code     0  startup_stm32f10x_hd.o(.text)
    USBWakeUp_IRQHandler                     0x0800015f   Thumb Code     0  startup_stm32f10x_hd.o(.text)
    USB_HP_CAN1_TX_IRQHandler                0x0800015f   Thumb Code     0  startup_stm32f10x_hd.o(.text)
    USB_LP_CAN1_RX0_IRQHandler               0x0800015f   Thumb Code     0  startup_stm32f10x_hd.o(.text)
    WWDG_IRQHandler                          0x0800015f   Thumb Code     0  startup_stm32f10x_hd.o(.text)
    __aeabi_memcpy                           0x08000169   Thumb Code    36  memcpya.o(.text)
    __aeabi_memcpy4                          0x08000169   Thumb Code     0  memcpya.o(.text)
    __aeabi_memcpy8                          0x08000169   Thumb Code     0  memcpya.o(.text)
    __aeabi_fadd                             0x0800018d   Thumb Code   164  fadd.o(.text)
    __aeabi_fsub                             0x08000231   Thumb Code     6  fadd.o(.text)
    __aeabi_frsub                            0x08000237   Thumb Code     6  fadd.o(.text)
    __aeabi_fmul                             0x0800023d   Thumb Code   100  fmul.o(.text)
    __aeabi_fdiv                             0x080002a1   Thumb Code   124  fdiv.o(.text)
    __aeabi_dmul                             0x0800031d   Thumb Code   228  dmul.o(.text)
    __aeabi_ddiv                             0x08000401   Thumb Code   222  ddiv.o(.text)
    __aeabi_i2f                              0x080004df   Thumb Code    18  fflti.o(.text)
    __aeabi_ui2f                             0x080004f1   Thumb Code    10  ffltui.o(.text)
    __aeabi_f2iz                             0x080004fb   Thumb Code    50  ffixi.o(.text)
    __aeabi_f2uiz                            0x0800052d   Thumb Code    40  ffixui.o(.text)
    __aeabi_f2d                              0x08000555   Thumb Code    38  f2d.o(.text)
    __aeabi_d2f                              0x0800057b   Thumb Code    56  d2f.o(.text)
    __aeabi_cfcmpeq                          0x080005b5   Thumb Code     0  cfcmple.o(.text)
    __aeabi_cfcmple                          0x080005b5   Thumb Code    20  cfcmple.o(.text)
    __aeabi_cfrcmple                         0x080005c9   Thumb Code    20  cfrcmple.o(.text)
    __aeabi_uidiv                            0x080005dd   Thumb Code     0  uidiv.o(.text)
    __aeabi_uidivmod                         0x080005dd   Thumb Code    44  uidiv.o(.text)
    __aeabi_uldivmod                         0x08000609   Thumb Code    98  uldiv.o(.text)
    __I$use$fp                               0x0800066b   Thumb Code     0  iusefp.o(.text)
    _float_round                             0x0800066b   Thumb Code    18  fepilogue.o(.text)
    _float_epilogue                          0x0800067d   Thumb Code    92  fepilogue.o(.text)
    _double_round                            0x080006d9   Thumb Code    30  depilogue.o(.text)
    _double_epilogue                         0x080006f7   Thumb Code   156  depilogue.o(.text)
    __aeabi_dadd                             0x08000793   Thumb Code   322  dadd.o(.text)
    __aeabi_dsub                             0x080008d5   Thumb Code     6  dadd.o(.text)
    __aeabi_drsub                            0x080008db   Thumb Code     6  dadd.o(.text)
    __aeabi_d2ulz                            0x080008e1   Thumb Code    48  dfixul.o(.text)
    __aeabi_cdrcmple                         0x08000911   Thumb Code    48  cdrcmple.o(.text)
    __scatterload                            0x08000941   Thumb Code    28  init.o(.text)
    __scatterload_rt2                        0x08000941   Thumb Code     0  init.o(.text)
    __aeabi_llsl                             0x08000965   Thumb Code    30  llshl.o(.text)
    _ll_shift_l                              0x08000965   Thumb Code     0  llshl.o(.text)
    __aeabi_llsr                             0x08000983   Thumb Code    32  llushr.o(.text)
    _ll_ushift_r                             0x08000983   Thumb Code     0  llushr.o(.text)
    __aeabi_lasr                             0x080009a3   Thumb Code    36  llsshr.o(.text)
    _ll_sshift_r                             0x080009a3   Thumb Code     0  llsshr.o(.text)
    ADC_Cmd                                  0x080009c7   Thumb Code    22  stm32f10x_adc.o(i.ADC_Cmd)
    ADC_GetCalibrationStatus                 0x080009dd   Thumb Code    20  stm32f10x_adc.o(i.ADC_GetCalibrationStatus)
    ADC_GetConversionValue                   0x080009f1   Thumb Code     8  stm32f10x_adc.o(i.ADC_GetConversionValue)
    ADC_GetFlagStatus                        0x080009f9   Thumb Code    18  stm32f10x_adc.o(i.ADC_GetFlagStatus)
    ADC_GetResetCalibrationStatus            0x08000a0b   Thumb Code    20  stm32f10x_adc.o(i.ADC_GetResetCalibrationStatus)
    ADC_Init                                 0x08000a21   Thumb Code    70  stm32f10x_adc.o(i.ADC_Init)
    ADC_LCD_Out                              0x08000a71   Thumb Code    92  test.o(i.ADC_LCD_Out)
    ADC_RegularChannelConfig                 0x08000ad9   Thumb Code   184  stm32f10x_adc.o(i.ADC_RegularChannelConfig)
    ADC_ResetCalibration                     0x08000b91   Thumb Code    10  stm32f10x_adc.o(i.ADC_ResetCalibration)
    ADC_SoftwareStartConvCmd                 0x08000b9b   Thumb Code    22  stm32f10x_adc.o(i.ADC_SoftwareStartConvCmd)
    ADC_StartCalibration                     0x08000bb1   Thumb Code    10  stm32f10x_adc.o(i.ADC_StartCalibration)
    ADVoltage_2_Flow1479A                    0x08000bbb   Thumb Code     2  dataprocess.o(i.ADVoltage_2_Flow1479A)
    ADVoltage_2_Pressure025D                 0x08000bbd   Thumb Code    46  dataprocess.o(i.ADVoltage_2_Pressure025D)
    ADVoltage_2_Pressure627D                 0x08000bf5   Thumb Code    46  dataprocess.o(i.ADVoltage_2_Pressure627D)
    AD_Conversion                            0x08000c2d   Thumb Code   202  adc.o(i.AD_Conversion)
    BusFault_Handler                         0x08000d3d   Thumb Code     4  stm32f10x_it.o(i.BusFault_Handler)
    DAC_Cmd                                  0x08000d41   Thumb Code    34  stm32f10x_dac.o(i.DAC_Cmd)
    DAC_Init                                 0x08000d69   Thumb Code    46  stm32f10x_dac.o(i.DAC_Init)
    DAC_SetChannel1Data                      0x08000d9d   Thumb Code    26  stm32f10x_dac.o(i.DAC_SetChannel1Data)
    Dac1_Init                                0x08000dbd   Thumb Code    94  dac.o(i.Dac1_Init)
    Dac1_Set_Vol                             0x08000e21   Thumb Code    80  dac.o(i.Dac1_Set_Vol)
    DebugMon_Handler                         0x08000e79   Thumb Code     2  stm32f10x_it.o(i.DebugMon_Handler)
    Delay                                    0x08000e7d   Thumb Code    18  w5500.o(i.Delay)
    Detect_Gateway                           0x08000e95   Thumb Code   204  w5500.o(i.Detect_Gateway)
    EXTI1_IRQHandler                         0x08000f6d   Thumb Code    54  stm32f10x_it.o(i.EXTI1_IRQHandler)
    EXTI2_IRQHandler                         0x08000fe9   Thumb Code    76  stm32f10x_it.o(i.EXTI2_IRQHandler)
    EXTI9_5_IRQHandler                       0x0800103d   Thumb Code    28  w5500.o(i.EXTI9_5_IRQHandler)
    EXTI_ClearITPendingBit                   0x0800105d   Thumb Code     6  stm32f10x_exti.o(i.EXTI_ClearITPendingBit)
    EXTI_GetITStatus                         0x08001069   Thumb Code    34  stm32f10x_exti.o(i.EXTI_GetITStatus)
    EXTI_Init                                0x08001091   Thumb Code   142  stm32f10x_exti.o(i.EXTI_Init)
    FLASH_PrefetchBufferCmd                  0x08001125   Thumb Code    22  stm32f10x_flash.o(i.FLASH_PrefetchBufferCmd)
    FLASH_SetLatency                         0x08001141   Thumb Code    18  stm32f10x_flash.o(i.FLASH_SetLatency)
    Flow1479A_2_ADVoltage                    0x08001159   Thumb Code     2  dataprocess.o(i.Flow1479A_2_ADVoltage)
    Flow_1479A_Adjustment                    0x0800115d   Thumb Code    90  1479a.o(i.Flow_1479A_Adjustment)
    GPIO_EXTILineConfig                      0x08001201   Thumb Code    60  stm32f10x_gpio.o(i.GPIO_EXTILineConfig)
    GPIO_Init                                0x08001241   Thumb Code   278  stm32f10x_gpio.o(i.GPIO_Init)
    GPIO_PinRemapConfig                      0x08001359   Thumb Code   138  stm32f10x_gpio.o(i.GPIO_PinRemapConfig)
    GPIO_ReadInputDataBit                    0x080013e9   Thumb Code    18  stm32f10x_gpio.o(i.GPIO_ReadInputDataBit)
    GPIO_ReadOutputDataBit                   0x080013fb   Thumb Code    18  stm32f10x_gpio.o(i.GPIO_ReadOutputDataBit)
    GPIO_ResetBits                           0x0800140d   Thumb Code     4  stm32f10x_gpio.o(i.GPIO_ResetBits)
    GPIO_SetBits                             0x08001411   Thumb Code     4  stm32f10x_gpio.o(i.GPIO_SetBits)
    GUI_DrawFont16                           0x08001415   Thumb Code   252  gui.o(i.GUI_DrawFont16)
    GUI_DrawFont24                           0x0800151d   Thumb Code   268  gui.o(i.GUI_DrawFont24)
    GUI_DrawFont32                           0x08001635   Thumb Code   252  gui.o(i.GUI_DrawFont32)
    GUI_DrawPoint                            0x0800173d   Thumb Code    24  gui.o(i.GUI_DrawPoint)
    Gas_StateLayer                           0x08001755   Thumb Code    78  test.o(i.Gas_StateLayer)
    Gas_StateLayerUpdate                     0x080017a9   Thumb Code   304  test.o(i.Gas_StateLayerUpdate)
    Gas_State_Read                           0x080018e5   Thumb Code   300  iostate.o(i.Gas_State_Read)
    Gas_State_Read_LCD                       0x08001a21   Thumb Code   156  iostate.o(i.Gas_State_Read_LCD)
    GetCRC16                                 0x08001acd   Thumb Code    56  dataprocess.o(i.GetCRC16)
    Get_ADC_Value                            0x08001b05   Thumb Code    80  adc.o(i.Get_ADC_Value)
    GridLayer                                0x08001b59   Thumb Code   724  test.o(i.GridLayer)
    HardFault_Handler                        0x08001f15   Thumb Code     4  stm32f10x_it.o(i.HardFault_Handler)
    IWDG_Enable                              0x08001f19   Thumb Code    10  stm32f10x_iwdg.o(i.IWDG_Enable)
    IWDG_ReloadCounter                       0x08001f29   Thumb Code    10  stm32f10x_iwdg.o(i.IWDG_ReloadCounter)
    IWDG_SetPrescaler                        0x08001f39   Thumb Code     6  stm32f10x_iwdg.o(i.IWDG_SetPrescaler)
    IWDG_SetReload                           0x08001f45   Thumb Code     6  stm32f10x_iwdg.o(i.IWDG_SetReload)
    IWDG_WriteAccessCmd                      0x08001f51   Thumb Code     6  stm32f10x_iwdg.o(i.IWDG_WriteAccessCmd)
    LCD_Clear                                0x08001f5d   Thumb Code    88  lcd.o(i.LCD_Clear)
    LCD_DrawLine                             0x08001fbd   Thumb Code   176  gui.o(i.LCD_DrawLine)
    LCD_DrawPoint                            0x0800206d   Thumb Code    24  lcd.o(i.LCD_DrawPoint)
    LCD_GPIOInit                             0x08002089   Thumb Code    40  lcd.o(i.LCD_GPIOInit)
    LCD_Init                                 0x080020b5   Thumb Code   588  lcd.o(i.LCD_Init)
    LCD_RESET                                0x08002305   Thumb Code    34  lcd.o(i.LCD_RESET)
    LCD_SetCursor                            0x0800232d   Thumb Code    20  lcd.o(i.LCD_SetCursor)
    LCD_SetWindows                           0x08002341   Thumb Code    84  lcd.o(i.LCD_SetWindows)
    LCD_ShowChar                             0x08002399   Thumb Code   276  gui.o(i.LCD_ShowChar)
    LCD_WR_DATA                              0x080024bd   Thumb Code    38  lcd.o(i.LCD_WR_DATA)
    LCD_WR_REG                               0x080024ed   Thumb Code    36  lcd.o(i.LCD_WR_REG)
    LCD_WriteRAM_Prepare                     0x08002519   Thumb Code    12  lcd.o(i.LCD_WriteRAM_Prepare)
    LCD_WriteReg                             0x08002529   Thumb Code    20  lcd.o(i.LCD_WriteReg)
    LCD_direction                            0x0800253d   Thumb Code   128  lcd.o(i.LCD_direction)
    LED_Init                                 0x080025c1   Thumb Code    44  led.o(i.LED_Init)
    Lcd_WriteData_16Bit                      0x080025f1   Thumb Code    46  lcd.o(i.Lcd_WriteData_16Bit)
    Load_Net_Parameters                      0x08002629   Thumb Code    92  w5500.o(i.Load_Net_Parameters)
    MemManage_Handler                        0x0800269d   Thumb Code     4  stm32f10x_it.o(i.MemManage_Handler)
    NMI_Handler                              0x080026a1   Thumb Code     2  stm32f10x_it.o(i.NMI_Handler)
    NVIC_Configuration                       0x080026a3   Thumb Code    54  w5500.o(i.NVIC_Configuration)
    NVIC_Init                                0x080026d9   Thumb Code   100  misc.o(i.NVIC_Init)
    NVIC_PriorityGroupConfig                 0x08002749   Thumb Code    10  misc.o(i.NVIC_PriorityGroupConfig)
    NVIC_SetVectorTable                      0x0800275d   Thumb Code    12  misc.o(i.NVIC_SetVectorTable)
    PendSV_Handler                           0x08002771   Thumb Code     2  stm32f10x_it.o(i.PendSV_Handler)
    Process_Socket_Data                      0x08002775   Thumb Code  1838  main.o(i.Process_Socket_Data)
    RCC_ADCCLKConfig                         0x08002f45   Thumb Code    18  stm32f10x_rcc.o(i.RCC_ADCCLKConfig)
    RCC_APB1PeriphClockCmd                   0x08002f5d   Thumb Code    26  stm32f10x_rcc.o(i.RCC_APB1PeriphClockCmd)
    RCC_APB2PeriphClockCmd                   0x08002f7d   Thumb Code    26  stm32f10x_rcc.o(i.RCC_APB2PeriphClockCmd)
    RCC_ClockSecuritySystemCmd               0x08002f9d   Thumb Code     6  stm32f10x_rcc.o(i.RCC_ClockSecuritySystemCmd)
    RCC_Configuration                        0x08002fa9   Thumb Code   122  w5500.o(i.RCC_Configuration)
    RCC_DeInit                               0x08003025   Thumb Code    64  stm32f10x_rcc.o(i.RCC_DeInit)
    RCC_GetClocksFreq                        0x08003071   Thumb Code   192  stm32f10x_rcc.o(i.RCC_GetClocksFreq)
    RCC_GetFlagStatus                        0x08003145   Thumb Code    56  stm32f10x_rcc.o(i.RCC_GetFlagStatus)
    RCC_GetSYSCLKSource                      0x08003181   Thumb Code    10  stm32f10x_rcc.o(i.RCC_GetSYSCLKSource)
    RCC_HCLKConfig                           0x08003191   Thumb Code    18  stm32f10x_rcc.o(i.RCC_HCLKConfig)
    RCC_HSEConfig                            0x080031a9   Thumb Code    70  stm32f10x_rcc.o(i.RCC_HSEConfig)
    RCC_PCLK1Config                          0x080031f5   Thumb Code    18  stm32f10x_rcc.o(i.RCC_PCLK1Config)
    RCC_PCLK2Config                          0x0800320d   Thumb Code    20  stm32f10x_rcc.o(i.RCC_PCLK2Config)
    RCC_PLLCmd                               0x08003225   Thumb Code     6  stm32f10x_rcc.o(i.RCC_PLLCmd)
    RCC_PLLConfig                            0x08003231   Thumb Code    24  stm32f10x_rcc.o(i.RCC_PLLConfig)
    RCC_SYSCLKConfig                         0x0800324d   Thumb Code    18  stm32f10x_rcc.o(i.RCC_SYSCLKConfig)
    RCC_WaitForHSEStartUp                    0x08003265   Thumb Code    56  stm32f10x_rcc.o(i.RCC_WaitForHSEStartUp)
    Read_SOCK_Data_Buffer                    0x0800329d   Thumb Code   296  w5500.o(i.Read_SOCK_Data_Buffer)
    Read_W5500_1Byte                         0x080033cd   Thumb Code    62  w5500.o(i.Read_W5500_1Byte)
    Read_W5500_SOCK_1Byte                    0x08003415   Thumb Code    74  w5500.o(i.Read_W5500_SOCK_1Byte)
    Read_W5500_SOCK_2Byte                    0x08003469   Thumb Code    98  w5500.o(i.Read_W5500_SOCK_2Byte)
    SPI2_Init                                0x080034d5   Thumb Code   148  spi.o(i.SPI2_Init)
    SPI3_Send_Byte                           0x08003571   Thumb Code    28  w5500.o(i.SPI3_Send_Byte)
    SPI3_Send_Short                          0x08003591   Thumb Code    28  w5500.o(i.SPI3_Send_Short)
    SPI_Cmd                                  0x080035ad   Thumb Code    24  stm32f10x_spi.o(i.SPI_Cmd)
    SPI_Configuration                        0x080035c5   Thumb Code   194  w5500.o(i.SPI_Configuration)
    SPI_I2S_GetFlagStatus                    0x08003699   Thumb Code    18  stm32f10x_spi.o(i.SPI_I2S_GetFlagStatus)
    SPI_I2S_ReceiveData                      0x080036ab   Thumb Code     6  stm32f10x_spi.o(i.SPI_I2S_ReceiveData)
    SPI_I2S_SendData                         0x080036b1   Thumb Code     4  stm32f10x_spi.o(i.SPI_I2S_SendData)
    SPI_Init                                 0x080036b5   Thumb Code    60  stm32f10x_spi.o(i.SPI_Init)
    SPI_WriteByte                            0x080036f1   Thumb Code    34  spi.o(i.SPI_WriteByte)
    SVC_Handler                              0x08003713   Thumb Code     2  stm32f10x_it.o(i.SVC_Handler)
    Show_Str                                 0x080037fd   Thumb Code   264  gui.o(i.Show_Str)
    Socket_Connect                           0x08003909   Thumb Code    70  w5500.o(i.Socket_Connect)
    Socket_Init                              0x08003951   Thumb Code    74  w5500.o(i.Socket_Init)
    Socket_Listen                            0x080039a1   Thumb Code   102  w5500.o(i.Socket_Listen)
    Socket_UDP                               0x08003a07   Thumb Code    60  w5500.o(i.Socket_UDP)
    Status_Register_Update                   0x08003a45   Thumb Code    54  main.o(i.Status_Register_Update)
    SysTick_CLKSourceConfig                  0x08003a85   Thumb Code    40  misc.o(i.SysTick_CLKSourceConfig)
    SysTick_Handler                          0x08003aad   Thumb Code     2  stm32f10x_it.o(i.SysTick_Handler)
    SystemInit                               0x08003ab1   Thumb Code    78  system_stm32f10x.o(i.SystemInit)
    System_Initialization                    0x08003b11   Thumb Code    24  w5500.o(i.System_Initialization)
    TIM2_IRQHandler                          0x08003b29   Thumb Code    44  w5500.o(i.TIM2_IRQHandler)
    TIM3_IRQHandler                          0x08003b5d   Thumb Code    12  stm32f10x_it.o(i.TIM3_IRQHandler)
    TIM_ClearITPendingBit                    0x08003b6d   Thumb Code     6  stm32f10x_tim.o(i.TIM_ClearITPendingBit)
    TIM_Cmd                                  0x08003b73   Thumb Code    24  stm32f10x_tim.o(i.TIM_Cmd)
    TIM_GetITStatus                          0x08003b8b   Thumb Code    34  stm32f10x_tim.o(i.TIM_GetITStatus)
    TIM_ITConfig                             0x08003bad   Thumb Code    18  stm32f10x_tim.o(i.TIM_ITConfig)
    TIM_OC2Init                              0x08003bc1   Thumb Code   154  stm32f10x_tim.o(i.TIM_OC2Init)
    TIM_OC2PreloadConfig                     0x08003c65   Thumb Code    26  stm32f10x_tim.o(i.TIM_OC2PreloadConfig)
    TIM_SetCompare2                          0x08003c7f   Thumb Code     4  stm32f10x_tim.o(i.TIM_SetCompare2)
    TIM_TimeBaseInit                         0x08003c85   Thumb Code   122  stm32f10x_tim.o(i.TIM_TimeBaseInit)
    Timer2_Init_Config                       0x08003d29   Thumb Code    64  w5500.o(i.Timer2_Init_Config)
    USART1_IRQHandler                        0x08003d69   Thumb Code    58  stm32f10x_it.o(i.USART1_IRQHandler)
    USART2_IRQHandler                        0x08003dad   Thumb Code    86  stm32f10x_it.o(i.USART2_IRQHandler)
    USART_ClearFlag                          0x08003e11   Thumb Code    18  stm32f10x_usart.o(i.USART_ClearFlag)
    USART_Cmd                                0x08003e23   Thumb Code    24  stm32f10x_usart.o(i.USART_Cmd)
    USART_GetFlagStatus                      0x08003e3b   Thumb Code    26  stm32f10x_usart.o(i.USART_GetFlagStatus)
    USART_GetITStatus                        0x08003e55   Thumb Code    84  stm32f10x_usart.o(i.USART_GetITStatus)
    USART_ITConfig                           0x08003ea9   Thumb Code    74  stm32f10x_usart.o(i.USART_ITConfig)
    USART_Init                               0x08003ef5   Thumb Code   210  stm32f10x_usart.o(i.USART_Init)
    USART_ReceiveData                        0x08003fcd   Thumb Code    10  stm32f10x_usart.o(i.USART_ReceiveData)
    USART_SendData                           0x08003fd7   Thumb Code     8  stm32f10x_usart.o(i.USART_SendData)
    UsageFault_Handler                       0x08003fdf   Thumb Code     4  stm32f10x_it.o(i.UsageFault_Handler)
    VacuumValue_PID                          0x08003fe5   Thumb Code   336  vacuumg.o(i.VacuumValue_PID)
    ValveStateChange                         0x08004209   Thumb Code   364  iostate.o(i.ValveStateChange)
    ValveState_Init                          0x08004381   Thumb Code    96  iostate.o(i.ValveState_Init)
    W5500_GPIO_Configuration                 0x080043ed   Thumb Code   108  w5500.o(i.W5500_GPIO_Configuration)
    W5500_Hardware_Reset                     0x0800445d   Thumb Code    52  w5500.o(i.W5500_Hardware_Reset)
    W5500_Init                               0x08004495   Thumb Code   136  w5500.o(i.W5500_Init)
    W5500_Initialization                     0x0800452d   Thumb Code    18  w5500.o(i.W5500_Initialization)
    W5500_Interrupt_Process                  0x08004541   Thumb Code   180  w5500.o(i.W5500_Interrupt_Process)
    W5500_NVIC_Configuration                 0x08004601   Thumb Code    32  w5500.o(i.W5500_NVIC_Configuration)
    W5500_Socket_Set                         0x08004621   Thumb Code   100  w5500.o(i.W5500_Socket_Set)
    Write_SOCK_Data_Buffer                   0x0800468d   Thumb Code   264  w5500.o(i.Write_SOCK_Data_Buffer)
    Write_W5500_1Byte                        0x080047a1   Thumb Code    46  w5500.o(i.Write_W5500_1Byte)
    Write_W5500_2Byte                        0x080047d5   Thumb Code    46  w5500.o(i.Write_W5500_2Byte)
    Write_W5500_SOCK_1Byte                   0x08004809   Thumb Code    58  w5500.o(i.Write_W5500_SOCK_1Byte)
    Write_W5500_SOCK_2Byte                   0x08004849   Thumb Code    58  w5500.o(i.Write_W5500_SOCK_2Byte)
    Write_W5500_SOCK_4Byte                   0x08004889   Thumb Code    84  w5500.o(i.Write_W5500_SOCK_4Byte)
    Write_W5500_nByte                        0x080048e1   Thumb Code    66  w5500.o(i.Write_W5500_nByte)
    __0printf                                0x08004929   Thumb Code    22  printfa.o(i.__0printf)
    __1printf                                0x08004929   Thumb Code     0  printfa.o(i.__0printf)
    __2printf                                0x08004929   Thumb Code     0  printfa.o(i.__0printf)
    __c89printf                              0x08004929   Thumb Code     0  printfa.o(i.__0printf)
    printf                                   0x08004929   Thumb Code     0  printfa.o(i.__0printf)
    __0sprintf                               0x08004949   Thumb Code    34  printfa.o(i.__0sprintf)
    __1sprintf                               0x08004949   Thumb Code     0  printfa.o(i.__0sprintf)
    __2sprintf                               0x08004949   Thumb Code     0  printfa.o(i.__0sprintf)
    __c89sprintf                             0x08004949   Thumb Code     0  printfa.o(i.__0sprintf)
    sprintf                                  0x08004949   Thumb Code     0  printfa.o(i.__0sprintf)
    __scatterload_copy                       0x08004971   Thumb Code    14  handlers.o(i.__scatterload_copy)
    __scatterload_null                       0x0800497f   Thumb Code     2  handlers.o(i.__scatterload_null)
    __scatterload_zeroinit                   0x08004981   Thumb Code    14  handlers.o(i.__scatterload_zeroinit)
    _draw_circle_8                           0x0800498f   Thumb Code   132  gui.o(i._draw_circle_8)
    adc_init                                 0x080052b1   Thumb Code   404  adc.o(i.adc_init)
    delay_init                               0x0800544d   Thumb Code    52  systick.o(i.delay_init)
    delay_ms                                 0x08005489   Thumb Code    56  systick.o(i.delay_ms)
    exti_disable                             0x080054c1   Thumb Code   122  exti.o(i.exti_disable)
    exti_init                                0x08005555   Thumb Code   124  exti.o(i.exti_init)
    fputc                                    0x080055f1   Thumb Code    32  printf.o(i.fputc)
    gui_circle                               0x08005615   Thumb Code   154  gui.o(i.gui_circle)
    iwdg_init                                0x080056af   Thumb Code    34  iwdg.o(i.iwdg_init)
    main                                     0x080056d1   Thumb Code  1696  main.o(i.main)
    printf_init                              0x08005e11   Thumb Code   170  printf.o(i.printf_init)
    pwm_init                                 0x08005ec5   Thumb Code   138  pwm.o(i.pwm_init)
    asc2_1206                                0x08005f62   Data        1140  gui.o(.constdata)
    asc2_1608                                0x080063d6   Data        1520  gui.o(.constdata)
    tfont16                                  0x080069c6   Data        2108  gui.o(.constdata)
    tfont24                                  0x08007202   Data         518  gui.o(.constdata)
    tfont32                                  0x08007408   Data         520  gui.o(.constdata)
    gImage_qq                                0x08007610   Data        3200  test.o(.constdata)
    Region$$Table$$Base                      0x080082ec   Number         0  anon$$obj.o(Region$$Table)
    Region$$Table$$Limit                     0x0800830c   Number         0  anon$$obj.o(Region$$Table)
    ADdataA                                  0x20000000   Data           7  main.o(.data)
    Package_Cavity_627D_Pressure_Set         0x20000008   Data           4  main.o(.data)
    Package_Flow_1479A_Set                   0x2000000c   Data           4  main.o(.data)
    Package_Flow_1479A_Puff_Set              0x20000010   Data           4  main.o(.data)
    Package_Cavity_627D_Puff_Set             0x20000014   Data           4  main.o(.data)
    Package_Valve_Puff_Status_Set            0x20000018   Data           2  main.o(.data)
    Package_Valve_Status_Set                 0x2000001a   Data           2  main.o(.data)
    Package_Duty_P                           0x2000001c   Data           4  main.o(.data)
    Package_Duty_I                           0x20000020   Data           4  main.o(.data)
    Package_Duty_D                           0x20000024   Data           4  main.o(.data)
    flag_Debug                               0x20000028   Data           4  main.o(.data)
    flag_Normal                              0x2000002c   Data           4  main.o(.data)
    Valve_Signal_Open                        0x20000030   Data           1  main.o(.data)
    Timing_Signal_Open                       0x20000031   Data           1  main.o(.data)
    Command_Signal_Open                      0x20000032   Data           1  main.o(.data)
    Normal_Debug_RunningMode                 0x20000033   Data           1  main.o(.data)
    Command_Timing_TriggerMode               0x20000034   Data           1  main.o(.data)
    Normal_Puff_RunningMode                  0x20000035   Data           1  main.o(.data)
    PEV_1479A_ControlMode                    0x20000036   Data           1  main.o(.data)
    Cavity_627D_Pressure_Status              0x20000038   Data           4  main.o(.data)
    Flow_1479A_Status                        0x2000003c   Data           4  main.o(.data)
    Cavity_627D_Pressure_SetMax              0x20000040   Data           4  main.o(.data)
    Cavity_627D_Pressure_SetMin              0x20000044   Data           4  main.o(.data)
    Flow_1479A_SetMax                        0x20000048   Data           4  main.o(.data)
    Flow_1479A_SetMin                        0x2000004c   Data           4  main.o(.data)
    Cavity_627D_Puff_Pressure_SetMax         0x20000050   Data           4  main.o(.data)
    Cavity_627D_Puff_Pressure_SetMin         0x20000054   Data           4  main.o(.data)
    Flow_1479A_Puff_SetMax                   0x20000058   Data           4  main.o(.data)
    Flow_1479A_Puff_SetMin                   0x2000005c   Data           4  main.o(.data)
    PID_P_SetMax                             0x20000060   Data           4  main.o(.data)
    PID_I_SetMax                             0x20000064   Data           4  main.o(.data)
    PID_D_SetMax                             0x20000068   Data           4  main.o(.data)
    PID_P_SetMin                             0x2000006c   Data           4  main.o(.data)
    PID_I_SetMin                             0x20000070   Data           4  main.o(.data)
    PID_D_SetMin                             0x20000074   Data           4  main.o(.data)
    POINT_COLOR                              0x20000092   Data           2  lcd.o(.data)
    BACK_COLOR                               0x20000094   Data           2  lcd.o(.data)
    DeviceCode                               0x20000096   Data           2  lcd.o(.data)
    ColorTab                                 0x20000098   Data          10  test.o(.data)
    Gateway_IP                               0x200000a4   Data           4  w5500.o(.data)
    Sub_Mask                                 0x200000a8   Data           4  w5500.o(.data)
    Phy_Addr                                 0x200000ac   Data           6  w5500.o(.data)
    IP_Addr                                  0x200000b2   Data           4  w5500.o(.data)
    S0_Port                                  0x200000b6   Data           2  w5500.o(.data)
    S0_DIP                                   0x200000b8   Data           4  w5500.o(.data)
    S0_DPort                                 0x200000bc   Data           2  w5500.o(.data)
    UDP_DIPR                                 0x200000be   Data           4  w5500.o(.data)
    UDP_DPORT                                0x200000c2   Data           2  w5500.o(.data)
    S0_Mode                                  0x200000c4   Data           1  w5500.o(.data)
    S0_State                                 0x200000c5   Data           1  w5500.o(.data)
    S0_Data                                  0x200000c6   Data           1  w5500.o(.data)
    W5500_Interrupt                          0x200000c7   Data           1  w5500.o(.data)
    Timer2_Counter                           0x200000c8   Data           4  w5500.o(.data)
    W5500_Send_Delay_Counter                 0x200000cc   Data           4  w5500.o(.data)
    __stdout                                 0x200000dc   Data           4  stdout.o(.data)
    lcddev                                   0x200000e0   Data          14  lcd.o(.bss)
    Rx_Buffer                                0x200000fa   Data        2048  w5500.o(.bss)
    Tx_Buffer                                0x200008fa   Data        2048  w5500.o(.bss)
    __initial_sp                             0x20001500   Data           0  startup_stm32f10x_hd.o(STACK)



==============================================================================

Memory Map of the image

  Image Entry point : 0x08000131

  Load Region LR_IROM1 (Base: 0x08000000, Size: 0x000083ec, Max: 0x00080000, ABSOLUTE)

    Execution Region ER_IROM1 (Base: 0x08000000, Size: 0x0000830c, Max: 0x00080000, ABSOLUTE)

    Base Addr    Size         Type   Attr      Idx    E Section Name        Object

    0x08000000   0x00000130   Data   RO          361    RESET               startup_stm32f10x_hd.o
    0x08000130   0x00000000   Code   RO         3347  * .ARM.Collect$$$$00000000  mc_w.l(entry.o)
    0x08000130   0x00000004   Code   RO         3643    .ARM.Collect$$$$00000001  mc_w.l(entry2.o)
    0x08000134   0x00000004   Code   RO         3646    .ARM.Collect$$$$00000004  mc_w.l(entry5.o)
    0x08000138   0x00000000   Code   RO         3648    .ARM.Collect$$$$00000008  mc_w.l(entry7b.o)
    0x08000138   0x00000000   Code   RO         3650    .ARM.Collect$$$$0000000A  mc_w.l(entry8b.o)
    0x08000138   0x00000008   Code   RO         3651    .ARM.Collect$$$$0000000B  mc_w.l(entry9a.o)
    0x08000140   0x00000000   Code   RO         3653    .ARM.Collect$$$$0000000D  mc_w.l(entry10a.o)
    0x08000140   0x00000000   Code   RO         3655    .ARM.Collect$$$$0000000F  mc_w.l(entry11a.o)
    0x08000140   0x00000004   Code   RO         3644    .ARM.Collect$$$$00002712  mc_w.l(entry2.o)
    0x08000144   0x00000024   Code   RO          362    .text               startup_stm32f10x_hd.o
    0x08000168   0x00000024   Code   RO         3350    .text               mc_w.l(memcpya.o)
    0x0800018c   0x000000b0   Code   RO         3617    .text               mf_w.l(fadd.o)
    0x0800023c   0x00000064   Code   RO         3619    .text               mf_w.l(fmul.o)
    0x080002a0   0x0000007c   Code   RO         3621    .text               mf_w.l(fdiv.o)
    0x0800031c   0x000000e4   Code   RO         3623    .text               mf_w.l(dmul.o)
    0x08000400   0x000000de   Code   RO         3625    .text               mf_w.l(ddiv.o)
    0x080004de   0x00000012   Code   RO         3627    .text               mf_w.l(fflti.o)
    0x080004f0   0x0000000a   Code   RO         3629    .text               mf_w.l(ffltui.o)
    0x080004fa   0x00000032   Code   RO         3631    .text               mf_w.l(ffixi.o)
    0x0800052c   0x00000028   Code   RO         3633    .text               mf_w.l(ffixui.o)
    0x08000554   0x00000026   Code   RO         3635    .text               mf_w.l(f2d.o)
    0x0800057a   0x00000038   Code   RO         3637    .text               mf_w.l(d2f.o)
    0x080005b2   0x00000002   PAD
    0x080005b4   0x00000014   Code   RO         3639    .text               mf_w.l(cfcmple.o)
    0x080005c8   0x00000014   Code   RO         3641    .text               mf_w.l(cfrcmple.o)
    0x080005dc   0x0000002c   Code   RO         3658    .text               mc_w.l(uidiv.o)
    0x08000608   0x00000062   Code   RO         3660    .text               mc_w.l(uldiv.o)
    0x0800066a   0x00000000   Code   RO         3662    .text               mc_w.l(iusefp.o)
    0x0800066a   0x0000006e   Code   RO         3663    .text               mf_w.l(fepilogue.o)
    0x080006d8   0x000000ba   Code   RO         3665    .text               mf_w.l(depilogue.o)
    0x08000792   0x0000014e   Code   RO         3667    .text               mf_w.l(dadd.o)
    0x080008e0   0x00000030   Code   RO         3669    .text               mf_w.l(dfixul.o)
    0x08000910   0x00000030   Code   RO         3671    .text               mf_w.l(cdrcmple.o)
    0x08000940   0x00000024   Code   RO         3673    .text               mc_w.l(init.o)
    0x08000964   0x0000001e   Code   RO         3675    .text               mc_w.l(llshl.o)
    0x08000982   0x00000020   Code   RO         3677    .text               mc_w.l(llushr.o)
    0x080009a2   0x00000024   Code   RO         3679    .text               mc_w.l(llsshr.o)
    0x080009c6   0x00000016   Code   RO         1504    i.ADC_Cmd           stm32f10x_adc.o
    0x080009dc   0x00000014   Code   RO         1512    i.ADC_GetCalibrationStatus  stm32f10x_adc.o
    0x080009f0   0x00000008   Code   RO         1513    i.ADC_GetConversionValue  stm32f10x_adc.o
    0x080009f8   0x00000012   Code   RO         1515    i.ADC_GetFlagStatus  stm32f10x_adc.o
    0x08000a0a   0x00000014   Code   RO         1518    i.ADC_GetResetCalibrationStatus  stm32f10x_adc.o
    0x08000a1e   0x00000002   PAD
    0x08000a20   0x00000050   Code   RO         1522    i.ADC_Init          stm32f10x_adc.o
    0x08000a70   0x00000068   Code   RO         2840    i.ADC_LCD_Out       test.o
    0x08000ad8   0x000000b8   Code   RO         1526    i.ADC_RegularChannelConfig  stm32f10x_adc.o
    0x08000b90   0x0000000a   Code   RO         1527    i.ADC_ResetCalibration  stm32f10x_adc.o
    0x08000b9a   0x00000016   Code   RO         1529    i.ADC_SoftwareStartConvCmd  stm32f10x_adc.o
    0x08000bb0   0x0000000a   Code   RO         1531    i.ADC_StartCalibration  stm32f10x_adc.o
    0x08000bba   0x00000002   Code   RO         3238    i.ADVoltage_2_Flow1479A  dataprocess.o
    0x08000bbc   0x00000038   Code   RO         3239    i.ADVoltage_2_Pressure025D  dataprocess.o
    0x08000bf4   0x00000038   Code   RO         3240    i.ADVoltage_2_Pressure627D  dataprocess.o
    0x08000c2c   0x00000110   Code   RO         2571    i.AD_Conversion     adc.o
    0x08000d3c   0x00000004   Code   RO          192    i.BusFault_Handler  stm32f10x_it.o
    0x08000d40   0x00000028   Code   RO         1720    i.DAC_Cmd           stm32f10x_dac.o
    0x08000d68   0x00000034   Code   RO         1725    i.DAC_Init          stm32f10x_dac.o
    0x08000d9c   0x00000020   Code   RO         1726    i.DAC_SetChannel1Data  stm32f10x_dac.o
    0x08000dbc   0x00000064   Code   RO         2550    i.Dac1_Init         dac.o
    0x08000e20   0x00000058   Code   RO         2551    i.Dac1_Set_Vol      dac.o
    0x08000e78   0x00000002   Code   RO          193    i.DebugMon_Handler  stm32f10x_it.o
    0x08000e7a   0x00000002   PAD
    0x08000e7c   0x00000018   Code   RO         3014    i.Delay             w5500.o
    0x08000e94   0x000000d8   Code   RO         3015    i.Detect_Gateway    w5500.o
    0x08000f6c   0x0000007c   Code   RO          194    i.EXTI1_IRQHandler  stm32f10x_it.o
    0x08000fe8   0x00000054   Code   RO          195    i.EXTI2_IRQHandler  stm32f10x_it.o
    0x0800103c   0x00000020   Code   RO         3016    i.EXTI9_5_IRQHandler  w5500.o
    0x0800105c   0x0000000c   Code   RO          897    i.EXTI_ClearITPendingBit  stm32f10x_exti.o
    0x08001068   0x00000028   Code   RO          901    i.EXTI_GetITStatus  stm32f10x_exti.o
    0x08001090   0x00000094   Code   RO          902    i.EXTI_Init         stm32f10x_exti.o
    0x08001124   0x0000001c   Code   RO         1959    i.FLASH_PrefetchBufferCmd  stm32f10x_flash.o
    0x08001140   0x00000018   Code   RO         1964    i.FLASH_SetLatency  stm32f10x_flash.o
    0x08001158   0x00000002   Code   RO         3242    i.Flow1479A_2_ADVoltage  dataprocess.o
    0x0800115a   0x00000002   PAD
    0x0800115c   0x000000a4   Code   RO         3317    i.Flow_1479A_Adjustment  1479a.o
    0x08001200   0x00000040   Code   RO          369    i.GPIO_EXTILineConfig  stm32f10x_gpio.o
    0x08001240   0x00000116   Code   RO          372    i.GPIO_Init         stm32f10x_gpio.o
    0x08001356   0x00000002   PAD
    0x08001358   0x00000090   Code   RO          374    i.GPIO_PinRemapConfig  stm32f10x_gpio.o
    0x080013e8   0x00000012   Code   RO          376    i.GPIO_ReadInputDataBit  stm32f10x_gpio.o
    0x080013fa   0x00000012   Code   RO          378    i.GPIO_ReadOutputDataBit  stm32f10x_gpio.o
    0x0800140c   0x00000004   Code   RO          379    i.GPIO_ResetBits    stm32f10x_gpio.o
    0x08001410   0x00000004   Code   RO          380    i.GPIO_SetBits      stm32f10x_gpio.o
    0x08001414   0x00000108   Code   RO         2601    i.GUI_DrawFont16    gui.o
    0x0800151c   0x00000118   Code   RO         2602    i.GUI_DrawFont24    gui.o
    0x08001634   0x00000108   Code   RO         2603    i.GUI_DrawFont32    gui.o
    0x0800173c   0x00000018   Code   RO         2604    i.GUI_DrawPoint     gui.o
    0x08001754   0x00000054   Code   RO         2844    i.Gas_StateLayer    test.o
    0x080017a8   0x0000013c   Code   RO         2845    i.Gas_StateLayerUpdate  test.o
    0x080018e4   0x0000013c   Code   RO         2979    i.Gas_State_Read    iostate.o
    0x08001a20   0x000000ac   Code   RO         2980    i.Gas_State_Read_LCD  iostate.o
    0x08001acc   0x00000038   Code   RO         3243    i.GetCRC16          dataprocess.o
    0x08001b04   0x00000054   Code   RO         2572    i.Get_ADC_Value     adc.o
    0x08001b58   0x000003bc   Code   RO         2846    i.GridLayer         test.o
    0x08001f14   0x00000004   Code   RO          196    i.HardFault_Handler  stm32f10x_it.o
    0x08001f18   0x00000010   Code   RO         2116    i.IWDG_Enable       stm32f10x_iwdg.o
    0x08001f28   0x00000010   Code   RO         2118    i.IWDG_ReloadCounter  stm32f10x_iwdg.o
    0x08001f38   0x0000000c   Code   RO         2119    i.IWDG_SetPrescaler  stm32f10x_iwdg.o
    0x08001f44   0x0000000c   Code   RO         2120    i.IWDG_SetReload    stm32f10x_iwdg.o
    0x08001f50   0x0000000c   Code   RO         2121    i.IWDG_WriteAccessCmd  stm32f10x_iwdg.o
    0x08001f5c   0x00000060   Code   RO         2746    i.LCD_Clear         lcd.o
    0x08001fbc   0x000000b0   Code   RO         2608    i.LCD_DrawLine      gui.o
    0x0800206c   0x0000001c   Code   RO         2747    i.LCD_DrawPoint     lcd.o
    0x08002088   0x0000002c   Code   RO         2748    i.LCD_GPIOInit      lcd.o
    0x080020b4   0x00000250   Code   RO         2749    i.LCD_Init          lcd.o
    0x08002304   0x00000028   Code   RO         2750    i.LCD_RESET         lcd.o
    0x0800232c   0x00000014   Code   RO         2751    i.LCD_SetCursor     lcd.o
    0x08002340   0x00000058   Code   RO         2752    i.LCD_SetWindows    lcd.o
    0x08002398   0x00000124   Code   RO         2611    i.LCD_ShowChar      gui.o
    0x080024bc   0x00000030   Code   RO         2753    i.LCD_WR_DATA       lcd.o
    0x080024ec   0x0000002c   Code   RO         2754    i.LCD_WR_REG        lcd.o
    0x08002518   0x00000010   Code   RO         2755    i.LCD_WriteRAM_Prepare  lcd.o
    0x08002528   0x00000014   Code   RO         2756    i.LCD_WriteReg      lcd.o
    0x0800253c   0x00000084   Code   RO         2757    i.LCD_direction     lcd.o
    0x080025c0   0x00000030   Code   RO         2158    i.LED_Init          led.o
    0x080025f0   0x00000038   Code   RO         2758    i.Lcd_WriteData_16Bit  lcd.o
    0x08002628   0x00000074   Code   RO         3017    i.Load_Net_Parameters  w5500.o
    0x0800269c   0x00000004   Code   RO          197    i.MemManage_Handler  stm32f10x_it.o
    0x080026a0   0x00000002   Code   RO          198    i.NMI_Handler       stm32f10x_it.o
    0x080026a2   0x00000036   Code   RO         3018    i.NVIC_Configuration  w5500.o
    0x080026d8   0x00000070   Code   RO          860    i.NVIC_Init         misc.o
    0x08002748   0x00000014   Code   RO          861    i.NVIC_PriorityGroupConfig  misc.o
    0x0800275c   0x00000014   Code   RO          862    i.NVIC_SetVectorTable  misc.o
    0x08002770   0x00000002   Code   RO          199    i.PendSV_Handler    stm32f10x_it.o
    0x08002772   0x00000002   PAD
    0x08002774   0x000007d0   Code   RO            3    i.Process_Socket_Data  main.o
    0x08002f44   0x00000018   Code   RO          480    i.RCC_ADCCLKConfig  stm32f10x_rcc.o
    0x08002f5c   0x00000020   Code   RO          482    i.RCC_APB1PeriphClockCmd  stm32f10x_rcc.o
    0x08002f7c   0x00000020   Code   RO          484    i.RCC_APB2PeriphClockCmd  stm32f10x_rcc.o
    0x08002f9c   0x0000000c   Code   RO          490    i.RCC_ClockSecuritySystemCmd  stm32f10x_rcc.o
    0x08002fa8   0x0000007a   Code   RO         3019    i.RCC_Configuration  w5500.o
    0x08003022   0x00000002   PAD
    0x08003024   0x0000004c   Code   RO          491    i.RCC_DeInit        stm32f10x_rcc.o
    0x08003070   0x000000d4   Code   RO          492    i.RCC_GetClocksFreq  stm32f10x_rcc.o
    0x08003144   0x0000003c   Code   RO          493    i.RCC_GetFlagStatus  stm32f10x_rcc.o
    0x08003180   0x00000010   Code   RO          495    i.RCC_GetSYSCLKSource  stm32f10x_rcc.o
    0x08003190   0x00000018   Code   RO          496    i.RCC_HCLKConfig    stm32f10x_rcc.o
    0x080031a8   0x0000004c   Code   RO          497    i.RCC_HSEConfig     stm32f10x_rcc.o
    0x080031f4   0x00000018   Code   RO          503    i.RCC_PCLK1Config   stm32f10x_rcc.o
    0x0800320c   0x00000018   Code   RO          504    i.RCC_PCLK2Config   stm32f10x_rcc.o
    0x08003224   0x0000000c   Code   RO          505    i.RCC_PLLCmd        stm32f10x_rcc.o
    0x08003230   0x0000001c   Code   RO          506    i.RCC_PLLConfig     stm32f10x_rcc.o
    0x0800324c   0x00000018   Code   RO          509    i.RCC_SYSCLKConfig  stm32f10x_rcc.o
    0x08003264   0x00000038   Code   RO          511    i.RCC_WaitForHSEStartUp  stm32f10x_rcc.o
    0x0800329c   0x00000130   Code   RO         3020    i.Read_SOCK_Data_Buffer  w5500.o
    0x080033cc   0x00000048   Code   RO         3021    i.Read_W5500_1Byte  w5500.o
    0x08003414   0x00000054   Code   RO         3022    i.Read_W5500_SOCK_1Byte  w5500.o
    0x08003468   0x0000006c   Code   RO         3023    i.Read_W5500_SOCK_2Byte  w5500.o
    0x080034d4   0x0000009c   Code   RO         2952    i.SPI2_Init         spi.o
    0x08003570   0x00000020   Code   RO         3024    i.SPI3_Send_Byte    w5500.o
    0x08003590   0x0000001c   Code   RO         3025    i.SPI3_Send_Short   w5500.o
    0x080035ac   0x00000018   Code   RO         1803    i.SPI_Cmd           stm32f10x_spi.o
    0x080035c4   0x000000d4   Code   RO         3026    i.SPI_Configuration  w5500.o
    0x08003698   0x00000012   Code   RO         1811    i.SPI_I2S_GetFlagStatus  stm32f10x_spi.o
    0x080036aa   0x00000006   Code   RO         1814    i.SPI_I2S_ReceiveData  stm32f10x_spi.o
    0x080036b0   0x00000004   Code   RO         1815    i.SPI_I2S_SendData  stm32f10x_spi.o
    0x080036b4   0x0000003c   Code   RO         1816    i.SPI_Init          stm32f10x_spi.o
    0x080036f0   0x00000022   Code   RO         2954    i.SPI_WriteByte     spi.o
    0x08003712   0x00000002   Code   RO          200    i.SVC_Handler       stm32f10x_it.o
    0x08003714   0x00000008   Code   RO          306    i.SetSysClock       system_stm32f10x.o
    0x0800371c   0x000000e0   Code   RO          307    i.SetSysClockTo72   system_stm32f10x.o
    0x080037fc   0x0000010c   Code   RO         2614    i.Show_Str          gui.o
    0x08003908   0x00000046   Code   RO         3027    i.Socket_Connect    w5500.o
    0x0800394e   0x00000002   PAD
    0x08003950   0x00000050   Code   RO         3028    i.Socket_Init       w5500.o
    0x080039a0   0x00000066   Code   RO         3029    i.Socket_Listen     w5500.o
    0x08003a06   0x0000003c   Code   RO         3030    i.Socket_UDP        w5500.o
    0x08003a42   0x00000002   PAD
    0x08003a44   0x00000040   Code   RO            4    i.Status_Register_Update  main.o
    0x08003a84   0x00000028   Code   RO          864    i.SysTick_CLKSourceConfig  misc.o
    0x08003aac   0x00000002   Code   RO          201    i.SysTick_Handler   stm32f10x_it.o
    0x08003aae   0x00000002   PAD
    0x08003ab0   0x00000060   Code   RO          309    i.SystemInit        system_stm32f10x.o
    0x08003b10   0x00000018   Code   RO         3031    i.System_Initialization  w5500.o
    0x08003b28   0x00000034   Code   RO         3032    i.TIM2_IRQHandler   w5500.o
    0x08003b5c   0x00000010   Code   RO          202    i.TIM3_IRQHandler   stm32f10x_it.o
    0x08003b6c   0x00000006   Code   RO          961    i.TIM_ClearITPendingBit  stm32f10x_tim.o
    0x08003b72   0x00000018   Code   RO          966    i.TIM_Cmd           stm32f10x_tim.o
    0x08003b8a   0x00000022   Code   RO          987    i.TIM_GetITStatus   stm32f10x_tim.o
    0x08003bac   0x00000012   Code   RO          991    i.TIM_ITConfig      stm32f10x_tim.o
    0x08003bbe   0x00000002   PAD
    0x08003bc0   0x000000a4   Code   RO         1000    i.TIM_OC2Init       stm32f10x_tim.o
    0x08003c64   0x0000001a   Code   RO         1003    i.TIM_OC2PreloadConfig  stm32f10x_tim.o
    0x08003c7e   0x00000004   Code   RO         1028    i.TIM_SetCompare2   stm32f10x_tim.o
    0x08003c82   0x00000002   PAD
    0x08003c84   0x000000a4   Code   RO         1037    i.TIM_TimeBaseInit  stm32f10x_tim.o
    0x08003d28   0x00000040   Code   RO         3033    i.Timer2_Init_Config  w5500.o
    0x08003d68   0x00000044   Code   RO          203    i.USART1_IRQHandler  stm32f10x_it.o
    0x08003dac   0x00000064   Code   RO          204    i.USART2_IRQHandler  stm32f10x_it.o
    0x08003e10   0x00000012   Code   RO          680    i.USART_ClearFlag   stm32f10x_usart.o
    0x08003e22   0x00000018   Code   RO          684    i.USART_Cmd         stm32f10x_usart.o
    0x08003e3a   0x0000001a   Code   RO          687    i.USART_GetFlagStatus  stm32f10x_usart.o
    0x08003e54   0x00000054   Code   RO          688    i.USART_GetITStatus  stm32f10x_usart.o
    0x08003ea8   0x0000004a   Code   RO          690    i.USART_ITConfig    stm32f10x_usart.o
    0x08003ef2   0x00000002   PAD
    0x08003ef4   0x000000d8   Code   RO          691    i.USART_Init        stm32f10x_usart.o
    0x08003fcc   0x0000000a   Code   RO          698    i.USART_ReceiveData  stm32f10x_usart.o
    0x08003fd6   0x00000008   Code   RO          701    i.USART_SendData    stm32f10x_usart.o
    0x08003fde   0x00000004   Code   RO          205    i.UsageFault_Handler  stm32f10x_it.o
    0x08003fe2   0x00000002   PAD
    0x08003fe4   0x00000224   Code   RO         3301    i.VacuumValue_PID   vacuumg.o
    0x08004208   0x00000178   Code   RO         2981    i.ValveStateChange  iostate.o
    0x08004380   0x0000006c   Code   RO         2982    i.ValveState_Init   iostate.o
    0x080043ec   0x00000070   Code   RO         3034    i.W5500_GPIO_Configuration  w5500.o
    0x0800445c   0x00000038   Code   RO         3035    i.W5500_Hardware_Reset  w5500.o
    0x08004494   0x00000098   Code   RO         3036    i.W5500_Init        w5500.o
    0x0800452c   0x00000012   Code   RO         3037    i.W5500_Initialization  w5500.o
    0x0800453e   0x00000002   PAD
    0x08004540   0x000000c0   Code   RO         3038    i.W5500_Interrupt_Process  w5500.o
    0x08004600   0x00000020   Code   RO         3039    i.W5500_NVIC_Configuration  w5500.o
    0x08004620   0x0000006c   Code   RO         3040    i.W5500_Socket_Set  w5500.o
    0x0800468c   0x00000114   Code   RO         3041    i.Write_SOCK_Data_Buffer  w5500.o
    0x080047a0   0x00000034   Code   RO         3042    i.Write_W5500_1Byte  w5500.o
    0x080047d4   0x00000034   Code   RO         3043    i.Write_W5500_2Byte  w5500.o
    0x08004808   0x00000040   Code   RO         3044    i.Write_W5500_SOCK_1Byte  w5500.o
    0x08004848   0x00000040   Code   RO         3045    i.Write_W5500_SOCK_2Byte  w5500.o
    0x08004888   0x00000058   Code   RO         3046    i.Write_W5500_SOCK_4Byte  w5500.o
    0x080048e0   0x00000048   Code   RO         3047    i.Write_W5500_nByte  w5500.o
    0x08004928   0x00000020   Code   RO         3589    i.__0printf         mc_w.l(printfa.o)
    0x08004948   0x00000028   Code   RO         3591    i.__0sprintf        mc_w.l(printfa.o)
    0x08004970   0x0000000e   Code   RO         3683    i.__scatterload_copy  mc_w.l(handlers.o)
    0x0800497e   0x00000002   Code   RO         3684    i.__scatterload_null  mc_w.l(handlers.o)
    0x08004980   0x0000000e   Code   RO         3685    i.__scatterload_zeroinit  mc_w.l(handlers.o)
    0x0800498e   0x00000084   Code   RO         2615    i._draw_circle_8    gui.o
    0x08004a12   0x00000002   PAD
    0x08004a14   0x00000164   Code   RO         3596    i._fp_digits        mc_w.l(printfa.o)
    0x08004b78   0x000006dc   Code   RO         3597    i._printf_core      mc_w.l(printfa.o)
    0x08005254   0x00000024   Code   RO         3598    i._printf_post_padding  mc_w.l(printfa.o)
    0x08005278   0x0000002e   Code   RO         3599    i._printf_pre_padding  mc_w.l(printfa.o)
    0x080052a6   0x0000000a   Code   RO         3601    i._sputc            mc_w.l(printfa.o)
    0x080052b0   0x0000019c   Code   RO         2573    i.adc_init          adc.o
    0x0800544c   0x0000003c   Code   RO         2191    i.delay_init        systick.o
    0x08005488   0x00000038   Code   RO         2192    i.delay_ms          systick.o
    0x080054c0   0x00000094   Code   RO         2460    i.exti_disable      exti.o
    0x08005554   0x0000009c   Code   RO         2461    i.exti_init         exti.o
    0x080055f0   0x00000024   Code   RO         2250    i.fputc             printf.o
    0x08005614   0x0000009a   Code   RO         2617    i.gui_circle        gui.o
    0x080056ae   0x00000022   Code   RO         3332    i.iwdg_init         iwdg.o
    0x080056d0   0x00000740   Code   RO            5    i.main              main.o
    0x08005e10   0x000000b4   Code   RO         2251    i.printf_init       printf.o
    0x08005ec4   0x00000098   Code   RO         2220    i.pwm_init          pwm.o
    0x08005f5c   0x00000006   Data   RO         2574    .constdata          adc.o
    0x08005f62   0x000016ae   Data   RO         2619    .constdata          gui.o
    0x08007610   0x00000ca4   Data   RO         2854    .constdata          test.o
    0x080082b4   0x00000037   Data   RO         2855    .conststring        test.o
    0x080082eb   0x00000001   PAD
    0x080082ec   0x00000020   Data   RO         3681    Region$$Table       anon$$obj.o


    Execution Region RW_IRAM1 (Base: 0x20000000, Size: 0x00001500, Max: 0x00010000, ABSOLUTE)

    Base Addr    Size         Type   Attr      Idx    E Section Name        Object

    0x20000000   0x00000078   Data   RW            6    .data               main.o
    0x20000078   0x00000002   Data   RW          206    .data               stm32f10x_it.o
    0x2000007a   0x00000014   Data   RW          512    .data               stm32f10x_rcc.o
    0x2000008e   0x00000004   Data   RW         2194    .data               systick.o
    0x20000092   0x00000006   Data   RW         2760    .data               lcd.o
    0x20000098   0x0000000a   Data   RW         2856    .data               test.o
    0x200000a2   0x00000002   Data   RW         2984    .data               iostate.o
    0x200000a4   0x0000002c   Data   RW         3049    .data               w5500.o
    0x200000d0   0x0000000c   Data   RW         3302    .data               vacuumg.o
    0x200000dc   0x00000004   Data   RW         3657    .data               mc_w.l(stdout.o)
    0x200000e0   0x0000000e   Zero   RW         2759    .bss                lcd.o
    0x200000ee   0x0000000c   Zero   RW         2983    .bss                iostate.o
    0x200000fa   0x00001000   Zero   RW         3048    .bss                w5500.o
    0x200010fa   0x00000006   PAD
    0x20001100   0x00000400   Zero   RW          359    STACK               startup_stm32f10x_hd.o


==============================================================================

Image component sizes


      Code (inc. data)   RO Data    RW Data    ZI Data      Debug   Object Name

       164         74          0          0          0        592   1479a.o
       768         82          6          0          0       2207   adc.o
         0          0          0          0          0         32   core_cm3.o
       188         14          0          0          0       1147   dac.o
       172         20          0          0          0       3117   dataprocess.o
       304         58          0          0          0       1247   exti.o
      1854         56       5806          0          0       9216   gui.o
       972         56          0          2         12       3199   iostate.o
        34          0          0          0          0        476   iwdg.o
      1224         66          0          6         14       8977   lcd.o
        48          4          0          0          0        503   led.o
      3920       1394          0        120          0     289089   main.o
       192         30          0          0          0       2959   misc.o
       216         14          0          0          0       1250   printf.o
       152         14          0          0          0        727   pwm.o
       190          8          0          0          0       1480   spi.o
        36          8        304          0       1024        828   startup_stm32f10x_hd.o
       394         10          0          0          0       8729   stm32f10x_adc.o
       124         18          0          0          0       2699   stm32f10x_dac.o
       200         18          0          0          0       2392   stm32f10x_exti.o
        52         12          0          0          0       1221   stm32f10x_flash.o
       530         10          0          0          0       6245   stm32f10x_gpio.o
       418        106          0          2          0       6694   stm32f10x_it.o
        68         30          0          0          0       2810   stm32f10x_iwdg.o
       732        104          0         20          0      12758   stm32f10x_rcc.o
       112          0          0          0          0       4242   stm32f10x_spi.o
       440         52          0          0          0       6013   stm32f10x_tim.o
       460          6          0          0          0       7287   stm32f10x_usart.o
       328         28          0          0          0       2349   system_stm32f10x.o
       116          8          0          4          0       1304   systick.o
      1460        262       3291         10          0       3563   test.o
       548        212          0         12          0        970   vacuumg.o
      3194        218          0         44       4096      25483   w5500.o

    ----------------------------------------------------------------------
     19640       2992       9440        220       5152     421805   Object Totals
         0          0         32          0          0          0   (incl. Generated)
        30          0          1          0          6          0   (incl. Padding)

    ----------------------------------------------------------------------

      Code (inc. data)   RO Data    RW Data    ZI Data      Debug   Library Member Name

         0          0          0          0          0          0   entry.o
         0          0          0          0          0          0   entry10a.o
         0          0          0          0          0          0   entry11a.o
         8          4          0          0          0          0   entry2.o
         4          0          0          0          0          0   entry5.o
         0          0          0          0          0          0   entry7b.o
         0          0          0          0          0          0   entry8b.o
         8          4          0          0          0          0   entry9a.o
        30          0          0          0          0          0   handlers.o
        36          8          0          0          0         68   init.o
         0          0          0          0          0          0   iusefp.o
        30          0          0          0          0         68   llshl.o
        36          0          0          0          0         68   llsshr.o
        32          0          0          0          0         68   llushr.o
        36          0          0          0          0         68   memcpya.o
      2276         96          0          0          0        596   printfa.o
         0          0          0          4          0          0   stdout.o
        44          0          0          0          0         80   uidiv.o
        98          0          0          0          0         92   uldiv.o
        48          0          0          0          0         68   cdrcmple.o
        20          0          0          0          0         68   cfcmple.o
        20          0          0          0          0         68   cfrcmple.o
        56          0          0          0          0         88   d2f.o
       334          0          0          0          0        148   dadd.o
       222          0          0          0          0        100   ddiv.o
       186          0          0          0          0        176   depilogue.o
        48          0          0          0          0         68   dfixul.o
       228          0          0          0          0         96   dmul.o
        38          0          0          0          0         68   f2d.o
       176          0          0          0          0        140   fadd.o
       124          0          0          0          0         88   fdiv.o
       110          0          0          0          0        168   fepilogue.o
        50          0          0          0          0         68   ffixi.o
        40          0          0          0          0         68   ffixui.o
        18          0          0          0          0         68   fflti.o
        10          0          0          0          0         68   ffltui.o
       100          0          0          0          0         76   fmul.o

    ----------------------------------------------------------------------
      4468        112          0          4          0       2800   Library Totals
         2          0          0          0          0          0   (incl. Padding)

    ----------------------------------------------------------------------

      Code (inc. data)   RO Data    RW Data    ZI Data      Debug   Library Name

      2638        112          0          4          0       1108   mc_w.l
      1828          0          0          0          0       1692   mf_w.l

    ----------------------------------------------------------------------
      4468        112          0          4          0       2800   Library Totals

    ----------------------------------------------------------------------

==============================================================================


      Code (inc. data)   RO Data    RW Data    ZI Data      Debug   

     24108       3104       9440        224       5152     414201   Grand Totals
     24108       3104       9440        224       5152     414201   ELF Image Totals
     24108       3104       9440        224          0          0   ROM Totals

==============================================================================

    Total RO  Size (Code + RO Data)                33548 (  32.76kB)
    Total RW  Size (RW Data + ZI Data)              5376 (   5.25kB)
    Total ROM Size (Code + RO Data + RW Data)      33772 (  32.98kB)

==============================================================================

