Component: ARM Compiler 5.05 update 1 (build 106) Tool: armlink [4d0efa]

==============================================================================

Section Cross References

    main.o(.text) refers to system_stm32f10x.o(.text) for SystemInit
    main.o(.text) refers to systick.o(.text) for delay_init
    main.o(.text) refers to lcd.o(.text) for LCD_Init
    main.o(.text) refers to led.o(.text) for LED_Init
    main.o(.text) refers to adc.o(.text) for adc_init
    main.o(.text) refers to printf.o(.text) for printf_init
    main.o(.text) refers to dac.o(.text) for Dac1_Init
    main.o(.text) refers to stm32f10x_dac.o(.text) for DAC_SetChannel1Data
    main.o(.text) refers to iostate.o(.text) for ValveState_Init
    main.o(.text) refers to test.o(.text) for GridLayer
    main.o(.text) refers to w5500.o(.text) for System_Initialization
    main.o(.text) refers to printfa.o(i.__0printf) for __2printf
    main.o(.text) refers to w5500.o(.data) for W5500_Interrupt
    stm32f10x_it.o(.text) refers to stm32f10x_exti.o(.text) for EXTI_GetITStatus
    stm32f10x_it.o(.text) refers to systick.o(.text) for delay_ms
    stm32f10x_it.o(.text) refers to stm32f10x_gpio.o(.text) for GPIO_ReadInputDataBit
    stm32f10x_it.o(.text) refers to stm32f10x_usart.o(.text) for USART_ClearFlag
    stm32f10x_it.o(.text) refers to stm32f10x_tim.o(.text) for TIM_ClearITPendingBit
    stm32f10x_it.o(.text) refers to stm32f10x_it.o(.data) for k
    system_stm32f10x.o(.text) refers to system_stm32f10x.o(.data) for SystemCoreClock
    startup_stm32f10x_hd.o(RESET) refers to startup_stm32f10x_hd.o(STACK) for __initial_sp
    startup_stm32f10x_hd.o(RESET) refers to startup_stm32f10x_hd.o(.text) for Reset_Handler
    startup_stm32f10x_hd.o(RESET) refers to stm32f10x_it.o(.text) for NMI_Handler
    startup_stm32f10x_hd.o(RESET) refers to w5500.o(.text) for EXTI9_5_IRQHandler
    startup_stm32f10x_hd.o(.text) refers to system_stm32f10x.o(.text) for SystemInit
    startup_stm32f10x_hd.o(.text) refers to entry.o(.ARM.Collect$$$$00000000) for __main
    stm32f10x_gpio.o(.text) refers to stm32f10x_rcc.o(.text) for RCC_APB2PeriphResetCmd
    stm32f10x_rcc.o(.text) refers to stm32f10x_rcc.o(.data) for APBAHBPrescTable
    stm32f10x_usart.o(.text) refers to stm32f10x_rcc.o(.text) for RCC_APB2PeriphResetCmd
    stm32f10x_tim.o(.text) refers to stm32f10x_rcc.o(.text) for RCC_APB2PeriphResetCmd
    stm32f10x_adc.o(.text) refers to stm32f10x_rcc.o(.text) for RCC_APB2PeriphResetCmd
    stm32f10x_dac.o(.text) refers to stm32f10x_rcc.o(.text) for RCC_APB1PeriphResetCmd
    stm32f10x_spi.o(.text) refers to stm32f10x_rcc.o(.text) for RCC_APB2PeriphResetCmd
    led.o(.text) refers to system_stm32f10x.o(.text) for SystemInit
    led.o(.text) refers to stm32f10x_rcc.o(.text) for RCC_APB2PeriphClockCmd
    led.o(.text) refers to stm32f10x_gpio.o(.text) for GPIO_Init
    systick.o(.text) refers to misc.o(.text) for SysTick_CLKSourceConfig
    systick.o(.text) refers to systick.o(.data) for fac_us
    pwm.o(.text) refers to stm32f10x_rcc.o(.text) for RCC_APB2PeriphClockCmd
    pwm.o(.text) refers to stm32f10x_gpio.o(.text) for GPIO_Init
    pwm.o(.text) refers to stm32f10x_tim.o(.text) for TIM_TimeBaseInit
    rs485.o(.text) refers to stm32f10x_rcc.o(.text) for RCC_APB2PeriphClockCmd
    rs485.o(.text) refers to stm32f10x_gpio.o(.text) for GPIO_Init
    rs485.o(.text) refers to stm32f10x_usart.o(.text) for USART_Init
    rs485.o(.text) refers to misc.o(.text) for NVIC_PriorityGroupConfig
    printf.o(.text) refers to stm32f10x_usart.o(.text) for USART_SendData
    printf.o(.text) refers to stm32f10x_rcc.o(.text) for RCC_APB2PeriphClockCmd
    printf.o(.text) refers to stm32f10x_gpio.o(.text) for GPIO_Init
    printf.o(.text) refers to misc.o(.text) for NVIC_PriorityGroupConfig
    iic.o(.text) refers to stm32f10x_rcc.o(.text) for RCC_APB2PeriphClockCmd
    iic.o(.text) refers to stm32f10x_gpio.o(.text) for GPIO_Init
    iic.o(.text) refers to systick.o(.text) for delay_us
    at24cxx.o(.text) refers to iic.o(.text) for I2C_Start
    at24cxx.o(.text) refers to systick.o(.text) for delay_ms
    ds18b20.o(.text) refers to stm32f10x_rcc.o(.text) for RCC_APB2PeriphClockCmd
    ds18b20.o(.text) refers to stm32f10x_gpio.o(.text) for GPIO_Init
    ds18b20.o(.text) refers to systick.o(.text) for delay_us
    ds18b20.o(.text) refers to ds18b20.o(.data) for a
    beep.o(.text) refers to system_stm32f10x.o(.text) for SystemInit
    beep.o(.text) refers to stm32f10x_rcc.o(.text) for RCC_APB2PeriphClockCmd
    beep.o(.text) refers to stm32f10x_gpio.o(.text) for GPIO_Init
    beep.o(.text) refers to led.o(.text) for delay
    exti.o(.text) refers to stm32f10x_rcc.o(.text) for RCC_APB2PeriphClockCmd
    exti.o(.text) refers to stm32f10x_gpio.o(.text) for GPIO_Init
    exti.o(.text) refers to stm32f10x_exti.o(.text) for EXTI_Init
    exti.o(.text) refers to misc.o(.text) for NVIC_PriorityGroupConfig
    key.o(.text) refers to system_stm32f10x.o(.text) for SystemInit
[...]
    printfa.o(i._sputc) refers (Special) to iusefp.o(.text) for __I$use$fp
    fmul.o(.text) refers (Special) to iusefp.o(.text) for __I$use$fp
    fdiv.o(.text) refers (Special) to iusefp.o(.text) for __I$use$fp
    fdiv.o(.text) refers to fepilogue.o(.text) for _float_round
    dmul.o(.text) refers (Special) to iusefp.o(.text) for __I$use$fp
    dmul.o(.text) refers to depilogue.o(.text) for _double_epilogue
    ddiv.o(.text) refers (Special) to iusefp.o(.text) for __I$use$fp
    ddiv.o(.text) refers to depilogue.o(.text) for _double_round
    ffltui.o(.text) refers (Special) to iusefp.o(.text) for __I$use$fp
    ffltui.o(.text) refers to fepilogue.o(.text) for _float_epilogue
    ffixui.o(.text) refers (Special) to iusefp.o(.text) for __I$use$fp
    f2d.o(.text) refers (Special) to iusefp.o(.text) for __I$use$fp
    d2f.o(.text) refers (Special) to iusefp.o(.text) for __I$use$fp
    d2f.o(.text) refers to fepilogue.o(.text) for _float_round
    entry2.o(.ARM.Collect$$$$00000001) refers to entry2.o(.ARM.Collect$$$$00002712) for __lit__00000000
    entry2.o(.ARM.Collect$$$$00002712) refers to startup_stm32f10x_hd.o(STACK) for __initial_sp
    entry2.o(__vectab_stack_and_reset_area) refers to startup_stm32f10x_hd.o(STACK) for __initial_sp
    entry2.o(__vectab_stack_and_reset_area) refers to entry.o(.ARM.Collect$$$$00000000) for __main
    entry5.o(.ARM.Collect$$$$00000004) refers to init.o(.text) for __scatterload
    entry9a.o(.ARM.Collect$$$$0000000B) refers to main.o(.text) for main
    entry9b.o(.ARM.Collect$$$$0000000C) refers to main.o(.text) for main
    uldiv.o(.text) refers to llushr.o(.text) for __aeabi_llsr
    uldiv.o(.text) refers to llshl.o(.text) for __aeabi_llsl
    depilogue.o(.text) refers to llshl.o(.text) for __aeabi_llsl
    depilogue.o(.text) refers to llushr.o(.text) for __aeabi_llsr
    dadd.o(.text) refers to llshl.o(.text) for __aeabi_llsl
    dadd.o(.text) refers to llsshr.o(.text) for __aeabi_lasr
    dadd.o(.text) refers to depilogue.o(.text) for _double_epilogue
    dfixul.o(.text) refers to llushr.o(.text) for __aeabi_llsr
    dfixul.o(.text) refers to llshl.o(.text) for __aeabi_llsl
    init.o(.text) refers to entry5.o(.ARM.Collect$$$$00000004) for __main_after_scatterload


==============================================================================

Removing Unused input sections from the image.

    Removing main.o(.data), (7 bytes).
    Removing core_cm3.o(.emb_text), (32 bytes).
    Removing startup_stm32f10x_hd.o(HEAP), (512 bytes).
    Removing pwm.o(.text), (152 bytes).
    Removing rs485.o(.text), (220 bytes).
    Removing iic.o(.text), (640 bytes).
    Removing at24cxx.o(.text), (366 bytes).
    Removing ds18b20.o(.text), (540 bytes).
    Removing ds18b20.o(.data), (3 bytes).
    Removing beep.o(.text), (144 bytes).
    Removing exti.o(.text), (124 bytes).
    Removing key.o(.text), (84 bytes).
    Removing smg.o(.text), (84 bytes).
    Removing smg.o(.data), (16 bytes).
    Removing time.o(.text), (112 bytes).
    Removing usart.o(.text), (192 bytes).

16 unused section(s) (total 3228 bytes) removed from the image.

==============================================================================

Image Symbol Table

    Local Symbols

    Symbol Name                              Value     Ov Type        Size  Object(Section)

    ../clib/microlib/division.c              0x00000000   Number         0  uidiv.o ABSOLUTE
    ../clib/microlib/division.c              0x00000000   Number         0  uldiv.o ABSOLUTE
    ../clib/microlib/init/entry.s            0x00000000   Number         0  entry9b.o ABSOLUTE
    ../clib/microlib/init/entry.s            0x00000000   Number         0  entry11b.o ABSOLUTE
    ../clib/microlib/init/entry.s            0x00000000   Number         0  entry11a.o ABSOLUTE
    ../clib/microlib/init/entry.s            0x00000000   Number         0  entry10b.o ABSOLUTE
    ../clib/microlib/init/entry.s            0x00000000   Number         0  entry5.o ABSOLUTE
    ../clib/microlib/init/entry.s            0x00000000   Number         0  entry10a.o ABSOLUTE
    ../clib/microlib/init/entry.s            0x00000000   Number         0  entry7b.o ABSOLUTE
    ../clib/microlib/init/entry.s            0x00000000   Number         0  entry9a.o ABSOLUTE
    ../clib/microlib/init/entry.s            0x00000000   Number         0  entry8b.o ABSOLUTE
    ../clib/microlib/init/entry.s            0x00000000   Number         0  entry2.o ABSOLUTE
    ../clib/microlib/init/entry.s            0x00000000   Number         0  entry8a.o ABSOLUTE
    ../clib/microlib/init/entry.s            0x00000000   Number         0  entry7a.o ABSOLUTE
    ../clib/microlib/init/entry.s            0x00000000   Number         0  entry.o ABSOLUTE
    ../clib/microlib/longlong.c              0x00000000   Number         0  llsshr.o ABSOLUTE
    ../clib/microlib/longlong.c              0x00000000   Number         0  llshl.o ABSOLUTE
    ../clib/microlib/longlong.c              0x00000000   Number         0  llushr.o ABSOLUTE
    ../clib/microlib/printf/printf.c         0x00000000   Number         0  printf8.o ABSOLUTE
    ../clib/microlib/printf/printf.c         0x00000000   Number         0  printf7.o ABSOLUTE
    ../clib/microlib/printf/printf.c         0x00000000   Number         0  printfa.o ABSOLUTE
    ../clib/microlib/printf/printf.c         0x00000000   Number         0  printfb.o ABSOLUTE
    ../clib/microlib/printf/printf.c         0x00000000   Number         0  printf0.o ABSOLUTE
    ../clib/microlib/printf/printf.c         0x00000000   Number         0  printf2.o ABSOLUTE
    ../clib/microlib/printf/printf.c         0x00000000   Number         0  printf1.o ABSOLUTE
    ../clib/microlib/printf/printf.c         0x00000000   Number         0  printf3.o ABSOLUTE
    ../clib/microlib/printf/printf.c         0x00000000   Number         0  printf4.o ABSOLUTE
    ../clib/microlib/printf/printf.c         0x00000000   Number         0  printf5.o ABSOLUTE
    ../clib/microlib/printf/printf.c         0x00000000   Number         0  printf6.o ABSOLUTE
    ../clib/microlib/printf/stubs.s          0x00000000   Number         0  stubs.o ABSOLUTE
    ../clib/microlib/stdio/streams.c         0x00000000   Number         0  stdout.o ABSOLUTE
    ../clib/microlib/string/memcpy.c         0x00000000   Number         0  memcpya.o ABSOLUTE
    ../clib/microlib/string/memcpy.c         0x00000000   Number         0  memcpyb.o ABSOLUTE
    ../clib/microlib/string/strlen.c         0x00000000   Number         0  strlen.o ABSOLUTE
    ../clib/microlib/stubs.s                 0x00000000   Number         0  iusefp.o ABSOLUTE
    ../fplib/microlib/d2f.c                  0x00000000   Number         0  d2f.o ABSOLUTE
    ../fplib/microlib/f2d.c                  0x00000000   Number         0  f2d.o ABSOLUTE
    ../fplib/microlib/fpadd.c                0x00000000   Number         0  dadd.o ABSOLUTE
    ../fplib/microlib/fpdiv.c                0x00000000   Number         0  ddiv.o ABSOLUTE
    ../fplib/microlib/fpdiv.c                0x00000000   Number         0  fdiv.o ABSOLUTE
    ../fplib/microlib/fpepilogue.c           0x00000000   Number         0  fepilogue.o ABSOLUTE
    ../fplib/microlib/fpepilogue.c           0x00000000   Number         0  depilogue.o ABSOLUTE
    ../fplib/microlib/fpfix.c                0x00000000   Number         0  ffixui.o ABSOLUTE
    ../fplib/microlib/fpfix.c                0x00000000   Number         0  dfixul.o ABSOLUTE
    ../fplib/microlib/fpflt.c                0x00000000   Number         0  ffltui.o ABSOLUTE
    ../fplib/microlib/fpmul.c                0x00000000   Number         0  dmul.o ABSOLUTE
    ../fplib/microlib/fpmul.c                0x00000000   Number         0  fmul.o ABSOLUTE
    APP\ADC\adc.c                            0x00000000   Number         0  adc.o ABSOLUTE
    APP\AT24Cxx\AT24CXX.c                    0x00000000   Number         0  at24cxx.o ABSOLUTE
    APP\DS18B20\ds18b20.c                    0x00000000   Number         0  ds18b20.o ABSOLUTE
    APP\GPIO_State\IOState.c                 0x00000000   Number         0  iostate.o ABSOLUTE
    APP\IIC(24C02)\iic.c                     0x00000000   Number         0  iic.o ABSOLUTE
    APP\LCD\gui.c                            0x00000000   Number         0  gui.o ABSOLUTE
    APP\LCD\lcd.c                            0x00000000   Number         0  lcd.o ABSOLUTE
    APP\LCD\test.c                           0x00000000   Number         0  test.o ABSOLUTE
    APP\LED\led.c                            0x00000000   Number         0  led.o ABSOLUTE
    APP\PWM\pwm.c                            0x00000000   Number         0  pwm.o ABSOLUTE
    APP\RS485\rs485.c                        0x00000000   Number         0  rs485.o ABSOLUTE
    APP\SPI\spi.c                            0x00000000   Number         0  spi.o ABSOLUTE
    APP\SysTick\systick.c                    0x00000000   Number         0  systick.o ABSOLUTE
    APP\W5500\w5500.c                        0x00000000   Number         0  w5500.o ABSOLUTE
    APP\beep\beep.c                          0x00000000   Number         0  beep.o ABSOLUTE
    APP\dac\dac.c                            0x00000000   Number         0  dac.o ABSOLUTE
    APP\exit\exti.c                          0x00000000   Number         0  exti.o ABSOLUTE
    APP\key\key.c                            0x00000000   Number         0  key.o ABSOLUTE
    APP\printf\printf.c                      0x00000000   Number         0  printf.o ABSOLUTE
    APP\smg\smg.c                            0x00000000   Number         0  smg.o ABSOLUTE
    APP\time\time.c                          0x00000000   Number         0  time.o ABSOLUTE
    APP\usart\usart.c                        0x00000000   Number         0  usart.o ABSOLUTE
    Libraries\CMSIS\CM3\CoreSupport\core_cm3.c 0x00000000   Number         0  core_cm3.o ABSOLUTE
    Libraries\CMSIS\CM3\DeviceSupport\ST\STM32F10x\system_stm32f10x.c 0x00000000   Number         0  system_stm32f10x.o ABSOLUTE
    Libraries\STM32F10x_StdPeriph_Driver\src\misc.c 0x00000000   Number         0  misc.o ABSOLUTE
    Libraries\STM32F10x_StdPeriph_Driver\src\stm32f10x_adc.c 0x00000000   Number         0  stm32f10x_adc.o ABSOLUTE
    Libraries\STM32F10x_StdPeriph_Driver\src\stm32f10x_dac.c 0x00000000   Number         0  stm32f10x_dac.o ABSOLUTE
    Libraries\STM32F10x_StdPeriph_Driver\src\stm32f10x_exti.c 0x00000000   Number         0  stm32f10x_exti.o ABSOLUTE
    Libraries\STM32F10x_StdPeriph_Driver\src\stm32f10x_flash.c 0x00000000   Number         0  stm32f10x_flash.o ABSOLUTE
    Libraries\STM32F10x_StdPeriph_Driver\src\stm32f10x_gpio.c 0x00000000   Number         0  stm32f10x_gpio.o ABSOLUTE
    Libraries\STM32F10x_StdPeriph_Driver\src\stm32f10x_rcc.c 0x00000000   Number         0  stm32f10x_rcc.o ABSOLUTE
    Libraries\STM32F10x_StdPeriph_Driver\src\stm32f10x_spi.c 0x00000000   Number         0  stm32f10x_spi.o ABSOLUTE
    Libraries\STM32F10x_StdPeriph_Driver\src\stm32f10x_tim.c 0x00000000   Number         0  stm32f10x_tim.o ABSOLUTE
    Libraries\STM32F10x_StdPeriph_Driver\src\stm32f10x_usart.c 0x00000000   Number         0  stm32f10x_usart.o ABSOLUTE
    Libraries\\CMSIS\\CM3\\CoreSupport\\core_cm3.c 0x00000000   Number         0  core_cm3.o ABSOLUTE
    cdrcmple.s                               0x00000000   Number         0  cdrcmple.o ABSOLUTE
    dc.s                                     0x00000000   Number         0  dc.o ABSOLUTE
    handlers.s                               0x00000000   Number         0  handlers.o ABSOLUTE
    init.s                                   0x00000000   Number         0  init.o ABSOLUTE
    startup\startup_stm32f10x_hd.s           0x00000000   Number         0  startup_stm32f10x_hd.o ABSOLUTE
    user\main.c                              0x00000000   Number         0  main.o ABSOLUTE
    user\public.c                            0x00000000   Number         0  public.o ABSOLUTE
    user\stm32f10x_it.c                      0x00000000   Number         0  stm32f10x_it.o ABSOLUTE
    RESET                                    0x08000000   Section      304  startup_stm32f10x_hd.o(RESET)
    .ARM.Collect$$$$00000000                 0x08000130   Section        0  entry.o(.ARM.Collect$$$$00000000)
    .ARM.Collect$$$$00000001                 0x08000130   Section        4  entry2.o(.ARM.Collect$$$$00000001)
    .ARM.Collect$$$$00000004                 0x08000134   Section        4  entry5.o(.ARM.Collect$$$$00000004)
    .ARM.Collect$$$$00000008                 0x08000138   Section        0  entry7b.o(.ARM.Collect$$$$00000008)
    .ARM.Collect$$$$0000000A                 0x08000138   Section        0  entry8b.o(.ARM.Collect$$$$0000000A)
    .ARM.Collect$$$$0000000B                 0x08000138   Section        8  entry9a.o(.ARM.Collect$$$$0000000B)
    .ARM.Collect$$$$0000000D                 0x08000140   Section        0  entry10a.o(.ARM.Collect$$$$0000000D)
    .ARM.Collect$$$$0000000F                 0x08000140   Section        0  entry11a.o(.ARM.Collect$$$$0000000F)
    .ARM.Collect$$$$00002712                 0x08000140   Section        4  entry2.o(.ARM.Collect$$$$00002712)
    __lit__00000000                          0x08000140   Data           4  entry2.o(.ARM.Collect$$$$00002712)
    .text                                    0x08000144   Section        0  main.o(.text)
    .text                                    0x080001fc   Section        0  stm32f10x_it.o(.text)
    .text                                    0x08000320   Section        0  system_stm32f10x.o(.text)
    SetSysClockTo72                          0x08000321   Thumb Code   214  system_stm32f10x.o(.text)
    SetSysClock                              0x080003f7   Thumb Code     8  system_stm32f10x.o(.text)
    .text                                    0x08000500   Section       36  startup_stm32f10x_hd.o(.text)
    .text                                    0x08000524   Section        0  stm32f10x_gpio.o(.text)
    .text                                    0x08000880   Section        0  stm32f10x_rcc.o(.text)
    .text                                    0x08000c24   Section        0  stm32f10x_usart.o(.text)
    .text                                    0x0800102c   Section        0  misc.o(.text)
    .text                                    0x08001108   Section        0  stm32f10x_exti.o(.text)
    .text                                    0x08001224   Section        0  stm32f10x_tim.o(.text)
    TI4_Config                               0x080016cb   Thumb Code   130  stm32f10x_tim.o(.text)
    TI3_Config                               0x0800175f   Thumb Code   122  stm32f10x_tim.o(.text)
    TI2_Config                               0x080017f3   Thumb Code   130  stm32f10x_tim.o(.text)
    TI1_Config                               0x08001887   Thumb Code   108  stm32f10x_tim.o(.text)
    .text                                    0x08002040   Section        0  stm32f10x_adc.o(.text)
    .text                                    0x08002490   Section        0  stm32f10x_dac.o(.text)
    .text                                    0x0800261c   Section        0  stm32f10x_spi.o(.text)
    .text                                    0x08002928   Section        0  stm32f10x_flash.o(.text)
    .text                                    0x08002ee4   Section        0  led.o(.text)
    .text                                    0x08002fd4   Section        0  systick.o(.text)
    .text                                    0x08003080   Section        0  printf.o(.text)
    .text                                    0x08003154   Section        0  dac.o(.text)
    .text                                    0x08003210   Section        0  adc.o(.text)
    .text                                    0x080034a8   Section        0  gui.o(.text)
    _swap                                    0x08003793   Thumb Code    10  gui.o(.text)
    .text                                    0x080040b0   Section        0  lcd.o(.text)
    .text                                    0x08004550   Section        0  test.o(.text)
    .text                                    0x080055f4   Section        0  spi.o(.text)
    .text                                    0x080056d8   Section        0  iostate.o(.text)
    .text                                    0x080058f0   Section        0  w5500.o(.text)
    .text                                    0x08006674   Section        0  memcpya.o(.text)
    .text                                    0x08006698   Section        0  strlen.o(.text)
    .text                                    0x080066a6   Section        0  fmul.o(.text)
    .text                                    0x0800670a   Section        0  fdiv.o(.text)
    .text                                    0x08006786   Section        0  dmul.o(.text)
    .text                                    0x0800686a   Section        0  ddiv.o(.text)
    .text                                    0x08006948   Section        0  ffltui.o(.text)
    .text                                    0x08006952   Section        0  ffixui.o(.text)
    .text                                    0x0800697a   Section        0  f2d.o(.text)
    .text                                    0x080069a0   Section        0  d2f.o(.text)
    .text                                    0x080069d8   Section        0  uidiv.o(.text)
    .text                                    0x08006a04   Section        0  uldiv.o(.text)
    .text                                    0x08006a66   Section        0  fepilogue.o(.text)
    .text                                    0x08006a66   Section        0  iusefp.o(.text)
    .text                                    0x08006ad4   Section        0  depilogue.o(.text)
    .text                                    0x08006b8e   Section        0  dadd.o(.text)
    .text                                    0x08006cdc   Section        0  dfixul.o(.text)
    .text                                    0x08006d0c   Section       48  cdrcmple.o(.text)
    .text                                    0x08006d3c   Section       36  init.o(.text)
    .text                                    0x08006d60   Section        0  llshl.o(.text)
    .text                                    0x08006d7e   Section        0  llushr.o(.text)
    .text                                    0x08006d9e   Section        0  llsshr.o(.text)
    i.__0printf                              0x08006dc4   Section        0  printfa.o(i.__0printf)
    i.__0sprintf                             0x08006de4   Section        0  printfa.o(i.__0sprintf)
    i.__scatterload_copy                     0x08006e0c   Section       14  handlers.o(i.__scatterload_copy)
    i.__scatterload_null                     0x08006e1a   Section        2  handlers.o(i.__scatterload_null)
    i.__scatterload_zeroinit                 0x08006e1c   Section       14  handlers.o(i.__scatterload_zeroinit)
    i._fp_digits                             0x08006e2c   Section        0  printfa.o(i._fp_digits)
    _fp_digits                               0x08006e2d   Thumb Code   334  printfa.o(i._fp_digits)
    i._printf_core                           0x08006f90   Section        0  printfa.o(i._printf_core)
    _printf_core                             0x08006f91   Thumb Code  1744  printfa.o(i._printf_core)
    i._printf_post_padding                   0x0800766c   Section        0  printfa.o(i._printf_post_padding)
    _printf_post_padding                     0x0800766d   Thumb Code    36  printfa.o(i._printf_post_padding)
    i._printf_pre_padding                    0x08007690   Section        0  printfa.o(i._printf_pre_padding)
    _printf_pre_padding                      0x08007691   Thumb Code    46  printfa.o(i._printf_pre_padding)
    i._sputc                                 0x080076be   Section        0  printfa.o(i._sputc)
    _sputc                                   0x080076bf   Thumb Code    10  printfa.o(i._sputc)
    .constdata                               0x080076c8   Section        6  adc.o(.constdata)
    .constdata                               0x080076ce   Section     5806  gui.o(.constdata)
    .constdata                               0x08008d7c   Section     3236  test.o(.constdata)
    .conststring                             0x08009a20   Section       55  test.o(.conststring)
    .data                                    0x20000000   Section        2  stm32f10x_it.o(.data)
    k                                        0x20000000   Data           1  stm32f10x_it.o(.data)
    k                                        0x20000001   Data           1  stm32f10x_it.o(.data)
    .data                                    0x20000004   Section       20  system_stm32f10x.o(.data)
    .data                                    0x20000018   Section       20  stm32f10x_rcc.o(.data)
    APBAHBPrescTable                         0x20000018   Data          16  stm32f10x_rcc.o(.data)
    ADCPrescTable                            0x20000028   Data           4  stm32f10x_rcc.o(.data)
    .data                                    0x2000002c   Section        4  systick.o(.data)
    fac_us                                   0x2000002c   Data           1  systick.o(.data)
    fac_ms                                   0x2000002e   Data           2  systick.o(.data)
    .data                                    0x20000030   Section        6  lcd.o(.data)
    .data                                    0x20000036   Section       10  test.o(.data)
    .data                                    0x20000040   Section       44  w5500.o(.data)
    .data                                    0x2000006c   Section        4  stdout.o(.data)
    .bss                                     0x20000070   Section       14  lcd.o(.bss)
    .bss                                     0x2000007e   Section       12  iostate.o(.bss)
    GPIO_State                               0x2000007e   Data          12  iostate.o(.bss)
    .bss                                     0x2000008a   Section     4096  w5500.o(.bss)
    STACK                                    0x20001090   Section     1024  startup_stm32f10x_hd.o(STACK)

    Global Symbols

    Symbol Name                              Value     Ov Type        Size  Object(Section)

    BuildAttributes$$THM_ISAv4$P$D$K$B$S$PE$A:L22UL41UL21$X:L11$S22US41US21$IEEE1$IW$USESV6$~STKCKD$USESV7$~SHL$OTIME$ROPI$EBA8$MICROLIB$REQ8$PRES8$EABIv2 0x00000000   Number         0  anon$$obj.o ABSOLUTE
    __ARM_use_no_argv                        0x00000000   Number         0  main.o ABSOLUTE
    _printf_a                                0x00000000   Number         0  stubs.o ABSOLUTE
    _printf_c                                0x00000000   Number         0  stubs.o ABSOLUTE
    _printf_charcount                        0x00000000   Number         0  stubs.o ABSOLUTE
    _printf_d                                0x00000000   Number         0  stubs.o ABSOLUTE
    _printf_e                                0x00000000   Number         0  stubs.o ABSOLUTE
    _printf_f                                0x00000000   Number         0  stubs.o ABSOLUTE
    _printf_flags                            0x00000000   Number         0  stubs.o ABSOLUTE
    _printf_fp_dec                           0x00000000   Number         0  stubs.o ABSOLUTE
    _printf_fp_hex                           0x00000000   Number         0  stubs.o ABSOLUTE
    _printf_g                                0x00000000   Number         0  stubs.o ABSOLUTE
    _printf_i                                0x00000000   Number         0  stubs.o ABSOLUTE
    _printf_int_dec                          0x00000000   Number         0  stubs.o ABSOLUTE
    _printf_l                                0x00000000   Number         0  stubs.o ABSOLUTE
    _printf_lc                               0x00000000   Number         0  stubs.o ABSOLUTE
    _printf_ll                               0x00000000   Number         0  stubs.o ABSOLUTE
    _printf_lld                              0x00000000   Number         0  stubs.o ABSOLUTE
    _printf_lli                              0x00000000   Number         0  stubs.o ABSOLUTE
    _printf_llo                              0x00000000   Number         0  stubs.o ABSOLUTE
    _printf_llu                              0x00000000   Number         0  stubs.o ABSOLUTE
    _printf_llx                              0x00000000   Number         0  stubs.o ABSOLUTE
    _printf_longlong_dec                     0x00000000   Number         0  stubs.o ABSOLUTE
    _printf_longlong_hex                     0x00000000   Number         0  stubs.o ABSOLUTE
    _printf_longlong_oct                     0x00000000   Number         0  stubs.o ABSOLUTE
    _printf_ls                               0x00000000   Number         0  stubs.o ABSOLUTE
    _printf_mbtowc                           0x00000000   Number         0  stubs.o ABSOLUTE
    _printf_n                                0x00000000   Number         0  stubs.o ABSOLUTE
    _printf_o                                0x00000000   Number         0  stubs.o ABSOLUTE
    _printf_p                                0x00000000   Number         0  stubs.o ABSOLUTE
    _printf_percent                          0x00000000   Number         0  stubs.o ABSOLUTE
    _printf_pre_padding                      0x00000000   Number         0  stubs.o ABSOLUTE
    _printf_return_value                     0x00000000   Number         0  stubs.o ABSOLUTE
    _printf_s                                0x00000000   Number         0  stubs.o ABSOLUTE
    _printf_sizespec                         0x00000000   Number         0  stubs.o ABSOLUTE
    _printf_str                              0x00000000   Number         0  stubs.o ABSOLUTE
    _printf_truncate_signed                  0x00000000   Number         0  stubs.o ABSOLUTE
    _printf_truncate_unsigned                0x00000000   Number         0  stubs.o ABSOLUTE
    _printf_u                                0x00000000   Number         0  stubs.o ABSOLUTE
    _printf_wc                               0x00000000   Number         0  stubs.o ABSOLUTE
    _printf_wctomb                           0x00000000   Number         0  stubs.o ABSOLUTE
    _printf_widthprec                        0x00000000   Number         0  stubs.o ABSOLUTE
    _printf_x                                0x00000000   Number         0  stubs.o ABSOLUTE
    __cpp_initialize__aeabi_                  - Undefined Weak Reference
    __cxa_finalize                            - Undefined Weak Reference
    __decompress                              - Undefined Weak Reference
    _clock_init                               - Undefined Weak Reference
    _microlib_exit                            - Undefined Weak Reference
    __Vectors_Size                           0x00000130   Number         0  startup_stm32f10x_hd.o ABSOLUTE
    __Vectors                                0x08000000   Data           4  startup_stm32f10x_hd.o(RESET)
    __Vectors_End                            0x08000130   Data           0  startup_stm32f10x_hd.o(RESET)
    __main                                   0x08000131   Thumb Code     0  entry.o(.ARM.Collect$$$$00000000)
    _main_stk                                0x08000131   Thumb Code     0  entry2.o(.ARM.Collect$$$$00000001)
    _main_scatterload                        0x08000135   Thumb Code     0  entry5.o(.ARM.Collect$$$$00000004)
    __main_after_scatterload                 0x08000139   Thumb Code     0  entry5.o(.ARM.Collect$$$$00000004)
    _main_clock                              0x08000139   Thumb Code     0  entry7b.o(.ARM.Collect$$$$00000008)
    _main_cpp_init                           0x08000139   Thumb Code     0  entry8b.o(.ARM.Collect$$$$0000000A)
    _main_init                               0x08000139   Thumb Code     0  entry9a.o(.ARM.Collect$$$$0000000B)
    __rt_final_cpp                           0x08000141   Thumb Code     0  entry10a.o(.ARM.Collect$$$$0000000D)
    __rt_final_exit                          0x08000141   Thumb Code     0  entry11a.o(.ARM.Collect$$$$0000000F)
    main                                     0x08000145   Thumb Code   156  main.o(.text)
    NMI_Handler                              0x080001fd   Thumb Code     2  stm32f10x_it.o(.text)
    HardFault_Handler                        0x080001ff   Thumb Code     4  stm32f10x_it.o(.text)
    EXTI2_IRQHandler                         0x08000203   Thumb Code    76  stm32f10x_it.o(.text)
    USART1_IRQHandler                        0x0800024f   Thumb Code    58  stm32f10x_it.o(.text)
    USART2_IRQHandler                        0x08000289   Thumb Code    86  stm32f10x_it.o(.text)
    TIM3_IRQHandler                          0x080002df   Thumb Code    12  stm32f10x_it.o(.text)
    MemManage_Handler                        0x080002eb   Thumb Code     4  stm32f10x_it.o(.text)
    BusFault_Handler                         0x080002ef   Thumb Code     4  stm32f10x_it.o(.text)
    UsageFault_Handler                       0x080002f3   Thumb Code     4  stm32f10x_it.o(.text)
    SVC_Handler                              0x080002f7   Thumb Code     2  stm32f10x_it.o(.text)
    DebugMon_Handler                         0x080002f9   Thumb Code     2  stm32f10x_it.o(.text)
    PendSV_Handler                           0x080002fb   Thumb Code     2  stm32f10x_it.o(.text)
    SysTick_Handler                          0x080002fd   Thumb Code     2  stm32f10x_it.o(.text)
    SystemInit                               0x080003ff   Thumb Code    78  system_stm32f10x.o(.text)
    SystemCoreClockUpdate                    0x0800044d   Thumb Code   142  system_stm32f10x.o(.text)
    Reset_Handler                            0x08000501   Thumb Code     8  startup_stm32f10x_hd.o(.text)
    ADC1_2_IRQHandler                        0x0800051b   Thumb Code     0  startup_stm32f10x_hd.o(.text)
    ADC3_IRQHandler                          0x0800051b   Thumb Code     0  startup_stm32f10x_hd.o(.text)
    CAN1_RX1_IRQHandler                      0x0800051b   Thumb Code     0  startup_stm32f10x_hd.o(.text)
    CAN1_SCE_IRQHandler                      0x0800051b   Thumb Code     0  startup_stm32f10x_hd.o(.text)
    DMA1_Channel1_IRQHandler                 0x0800051b   Thumb Code     0  startup_stm32f10x_hd.o(.text)
    DMA1_Channel2_IRQHandler                 0x0800051b   Thumb Code     0  startup_stm32f10x_hd.o(.text)
    DMA1_Channel3_IRQHandler                 0x0800051b   Thumb Code     0  startup_stm32f10x_hd.o(.text)
    DMA1_Channel4_IRQHandler                 0x0800051b   Thumb Code     0  startup_stm32f10x_hd.o(.text)
    DMA1_Channel5_IRQHandler                 0x0800051b   Thumb Code     0  startup_stm32f10x_hd.o(.text)
    DMA1_Channel6_IRQHandler                 0x0800051b   Thumb Code     0  startup_stm32f10x_hd.o(.text)
    DMA1_Channel7_IRQHandler                 0x0800051b   Thumb Code     0  startup_stm32f10x_hd.o(.text)
    DMA2_Channel1_IRQHandler                 0x0800051b   Thumb Code     0  startup_stm32f10x_hd.o(.text)
    DMA2_Channel2_IRQHandler                 0x0800051b   Thumb Code     0  startup_stm32f10x_hd.o(.text)
    DMA2_Channel3_IRQHandler                 0x0800051b   Thumb Code     0  startup_stm32f10x_hd.o(.text)
    DMA2_Channel4_5_IRQHandler               0x0800051b   Thumb Code     0  startup_stm32f10x_hd.o(.text)
    EXTI0_IRQHandler                         0x0800051b   Thumb Code     0  startup_stm32f10x_hd.o(.text)
    EXTI15_10_IRQHandler                     0x0800051b   Thumb Code     0  startup_stm32f10x_hd.o(.text)
    EXTI1_IRQHandler                         0x0800051b   Thumb Code     0  startup_stm32f10x_hd.o(.text)
    EXTI3_IRQHandler                         0x0800051b   Thumb Code     0  startup_stm32f10x_hd.o(.text)
    EXTI4_IRQHandler                         0x0800051b   Thumb Code     0  startup_stm32f10x_hd.o(.text)
    FLASH_IRQHandler                         0x0800051b   Thumb Code     0  startup_stm32f10x_hd.o(.text)
    FSMC_IRQHandler                          0x0800051b   Thumb Code     0  startup_stm32f10x_hd.o(.text)
    I2C1_ER_IRQHandler                       0x0800051b   Thumb Code     0  startup_stm32f10x_hd.o(.text)
    I2C1_EV_IRQHandler                       0x0800051b   Thumb Code     0  startup_stm32f10x_hd.o(.text)
    I2C2_ER_IRQHandler                       0x0800051b   Thumb Code     0  startup_stm32f10x_hd.o(.text)
    I2C2_EV_IRQHandler                       0x0800051b   Thumb Code     0  startup_stm32f10x_hd.o(.text)
    PVD_IRQHandler                           0x0800051b   Thumb Code     0  startup_stm32f10x_hd.o(.text)
    RCC_IRQHandler                           0x0800051b   Thumb Code     0  startup_stm32f10x_hd.o(.text)
    RTCAlarm_IRQHandler                      0x0800051b   Thumb Code     0  startup_stm32f10x_hd.o(.text)
    RTC_IRQHandler                           0x0800051b   Thumb Code     0  startup_stm32f10x_hd.o(.text)
    SDIO_IRQHandler                          0x0800051b   Thumb Code     0  startup_stm32f10x_hd.o(.text)
    SPI1_IRQHandler                          0x0800051b   Thumb Code     0  startup_stm32f10x_hd.o(.text)
    SPI2_IRQHandler                          0x0800051b   Thumb Code     0  startup_stm32f10x_hd.o(.text)
    SPI3_IRQHandler                          0x0800051b   Thumb Code     0  startup_stm32f10x_hd.o(.text)
    TAMPER_IRQHandler                        0x0800051b   Thumb Code     0  startup_stm32f10x_hd.o(.text)
    TIM1_BRK_IRQHandler                      0x0800051b   Thumb Code     0  startup_stm32f10x_hd.o(.text)
    TIM1_CC_IRQHandler                       0x0800051b   Thumb Code     0  startup_stm32f10x_hd.o(.text)
    TIM1_TRG_COM_IRQHandler                  0x0800051b   Thumb Code     0  startup_stm32f10x_hd.o(.text)
    TIM1_UP_IRQHandler                       0x0800051b   Thumb Code     0  startup_stm32f10x_hd.o(.text)
    TIM4_IRQHandler                          0x0800051b   Thumb Code     0  startup_stm32f10x_hd.o(.text)
    TIM5_IRQHandler                          0x0800051b   Thumb Code     0  startup_stm32f10x_hd.o(.text)
    TIM6_IRQHandler                          0x0800051b   Thumb Code     0  startup_stm32f10x_hd.o(.text)
    TIM7_IRQHandler                          0x0800051b   Thumb Code     0  startup_stm32f10x_hd.o(.text)
    TIM8_BRK_IRQHandler                      0x0800051b   Thumb Code     0  startup_stm32f10x_hd.o(.text)
    TIM8_CC_IRQHandler                       0x0800051b   Thumb Code     0  startup_stm32f10x_hd.o(.text)
    TIM8_TRG_COM_IRQHandler                  0x0800051b   Thumb Code     0  startup_stm32f10x_hd.o(.text)
    TIM8_UP_IRQHandler                       0x0800051b   Thumb Code     0  startup_stm32f10x_hd.o(.text)
    UART4_IRQHandler                         0x0800051b   Thumb Code     0  startup_stm32f10x_hd.o(.text)
    UART5_IRQHandler                         0x0800051b   Thumb Code     0  startup_stm32f10x_hd.o(.text)
    USART3_IRQHandler                        0x0800051b   Thumb Code     0  startup_stm32f10x_hd.o(.text)
    USBWakeUp_IRQHandler                     0x0800051b   Thumb Code     0  startup_stm32f10x_hd.o(.text)
    USB_HP_CAN1_TX_IRQHandler                0x0800051b   Thumb Code     0  startup_stm32f10x_hd.o(.text)
    USB_LP_CAN1_RX0_IRQHandler               0x0800051b   Thumb Code     0  startup_stm32f10x_hd.o(.text)
    WWDG_IRQHandler                          0x0800051b   Thumb Code     0  startup_stm32f10x_hd.o(.text)
    GPIO_DeInit                              0x08000525   Thumb Code   172  stm32f10x_gpio.o(.text)
    GPIO_AFIODeInit                          0x080005d1   Thumb Code    20  stm32f10x_gpio.o(.text)
    GPIO_Init                                0x080005e5   Thumb Code   278  stm32f10x_gpio.o(.text)
    GPIO_StructInit                          0x080006fb   Thumb Code    16  stm32f10x_gpio.o(.text)
    GPIO_ReadInputDataBit                    0x0800070b   Thumb Code    18  stm32f10x_gpio.o(.text)
    GPIO_ReadInputData                       0x0800071d   Thumb Code     8  stm32f10x_gpio.o(.text)
    GPIO_ReadOutputDataBit                   0x08000725   Thumb Code    18  stm32f10x_gpio.o(.text)
    GPIO_ReadOutputData                      0x08000737   Thumb Code     8  stm32f10x_gpio.o(.text)
    GPIO_SetBits                             0x0800073f   Thumb Code     4  stm32f10x_gpio.o(.text)
    GPIO_ResetBits                           0x08000743   Thumb Code     4  stm32f10x_gpio.o(.text)
    GPIO_WriteBit                            0x08000747   Thumb Code    10  stm32f10x_gpio.o(.text)
    GPIO_Write                               0x08000751   Thumb Code     4  stm32f10x_gpio.o(.text)
    GPIO_PinLockConfig                       0x08000755   Thumb Code    18  stm32f10x_gpio.o(.text)
    GPIO_EventOutputConfig                   0x08000767   Thumb Code    26  stm32f10x_gpio.o(.text)
    GPIO_EventOutputCmd                      0x08000781   Thumb Code     6  stm32f10x_gpio.o(.text)
    GPIO_PinRemapConfig                      0x08000787   Thumb Code   138  stm32f10x_gpio.o(.text)
    GPIO_EXTILineConfig                      0x08000811   Thumb Code    66  stm32f10x_gpio.o(.text)
    GPIO_ETH_MediaInterfaceConfig            0x08000853   Thumb Code     8  stm32f10x_gpio.o(.text)
    RCC_DeInit                               0x08000881   Thumb Code    64  stm32f10x_rcc.o(.text)
    RCC_HSEConfig                            0x080008c1   Thumb Code    70  stm32f10x_rcc.o(.text)
    RCC_GetFlagStatus                        0x08000907   Thumb Code    56  stm32f10x_rcc.o(.text)
    RCC_WaitForHSEStartUp                    0x0800093f   Thumb Code    56  stm32f10x_rcc.o(.text)
    RCC_AdjustHSICalibrationValue            0x08000977   Thumb Code    20  stm32f10x_rcc.o(.text)
    RCC_HSICmd                               0x0800098b   Thumb Code     6  stm32f10x_rcc.o(.text)
    RCC_PLLConfig                            0x08000991   Thumb Code    24  stm32f10x_rcc.o(.text)
    RCC_PLLCmd                               0x080009a9   Thumb Code     6  stm32f10x_rcc.o(.text)
    RCC_SYSCLKConfig                         0x080009af   Thumb Code    18  stm32f10x_rcc.o(.text)
    RCC_GetSYSCLKSource                      0x080009c1   Thumb Code    10  stm32f10x_rcc.o(.text)
    RCC_HCLKConfig                           0x080009cb   Thumb Code    18  stm32f10x_rcc.o(.text)
    RCC_PCLK1Config                          0x080009dd   Thumb Code    18  stm32f10x_rcc.o(.text)
    RCC_PCLK2Config                          0x080009ef   Thumb Code    20  stm32f10x_rcc.o(.text)
    RCC_ITConfig                             0x08000a03   Thumb Code    26  stm32f10x_rcc.o(.text)
    RCC_USBCLKConfig                         0x08000a1d   Thumb Code     8  stm32f10x_rcc.o(.text)
    RCC_ADCCLKConfig                         0x08000a25   Thumb Code    18  stm32f10x_rcc.o(.text)
    RCC_LSEConfig                            0x08000a37   Thumb Code    50  stm32f10x_rcc.o(.text)
    RCC_LSICmd                               0x08000a69   Thumb Code     6  stm32f10x_rcc.o(.text)
    RCC_RTCCLKConfig                         0x08000a6f   Thumb Code    12  stm32f10x_rcc.o(.text)
    RCC_RTCCLKCmd                            0x08000a7b   Thumb Code     8  stm32f10x_rcc.o(.text)
    RCC_GetClocksFreq                        0x08000a83   Thumb Code   192  stm32f10x_rcc.o(.text)
    RCC_AHBPeriphClockCmd                    0x08000b43   Thumb Code    26  stm32f10x_rcc.o(.text)
    RCC_APB2PeriphClockCmd                   0x08000b5d   Thumb Code    26  stm32f10x_rcc.o(.text)
    RCC_APB1PeriphClockCmd                   0x08000b77   Thumb Code    26  stm32f10x_rcc.o(.text)
    RCC_APB2PeriphResetCmd                   0x08000b91   Thumb Code    26  stm32f10x_rcc.o(.text)
    RCC_APB1PeriphResetCmd                   0x08000bab   Thumb Code    26  stm32f10x_rcc.o(.text)
    RCC_BackupResetCmd                       0x08000bc5   Thumb Code     8  stm32f10x_rcc.o(.text)
    RCC_ClockSecuritySystemCmd               0x08000bcd   Thumb Code     6  stm32f10x_rcc.o(.text)
    RCC_MCOConfig                            0x08000bd3   Thumb Code     6  stm32f10x_rcc.o(.text)
    RCC_ClearFlag                            0x08000bd9   Thumb Code    14  stm32f10x_rcc.o(.text)
    RCC_GetITStatus                          0x08000be7   Thumb Code    20  stm32f10x_rcc.o(.text)
    RCC_ClearITPendingBit                    0x08000bfb   Thumb Code     6  stm32f10x_rcc.o(.text)
    USART_DeInit                             0x08000c25   Thumb Code   134  stm32f10x_usart.o(.text)
    USART_Init                               0x08000cab   Thumb Code   210  stm32f10x_usart.o(.text)
    USART_StructInit                         0x08000d7d   Thumb Code    24  stm32f10x_usart.o(.text)
    USART_ClockInit                          0x08000d95   Thumb Code    34  stm32f10x_usart.o(.text)
    USART_ClockStructInit                    0x08000db7   Thumb Code    12  stm32f10x_usart.o(.text)
    USART_Cmd                                0x08000dc3   Thumb Code    24  stm32f10x_usart.o(.text)
    USART_ITConfig                           0x08000ddb   Thumb Code    74  stm32f10x_usart.o(.text)
    USART_DMACmd                             0x08000e25   Thumb Code    18  stm32f10x_usart.o(.text)
    USART_SetAddress                         0x08000e37   Thumb Code    18  stm32f10x_usart.o(.text)
    USART_WakeUpConfig                       0x08000e49   Thumb Code    18  stm32f10x_usart.o(.text)
    USART_ReceiverWakeUpCmd                  0x08000e5b   Thumb Code    24  stm32f10x_usart.o(.text)
    USART_LINBreakDetectLengthConfig         0x08000e73   Thumb Code    18  stm32f10x_usart.o(.text)
    USART_LINCmd                             0x08000e85   Thumb Code    24  stm32f10x_usart.o(.text)
    USART_SendData                           0x08000e9d   Thumb Code     8  stm32f10x_usart.o(.text)
    USART_ReceiveData                        0x08000ea5   Thumb Code    10  stm32f10x_usart.o(.text)
    USART_SendBreak                          0x08000eaf   Thumb Code    10  stm32f10x_usart.o(.text)
    USART_SetGuardTime                       0x08000eb9   Thumb Code    16  stm32f10x_usart.o(.text)
    USART_SetPrescaler                       0x08000ec9   Thumb Code    16  stm32f10x_usart.o(.text)
    USART_SmartCardCmd                       0x08000ed9   Thumb Code    24  stm32f10x_usart.o(.text)
    USART_SmartCardNACKCmd                   0x08000ef1   Thumb Code    24  stm32f10x_usart.o(.text)
    USART_HalfDuplexCmd                      0x08000f09   Thumb Code    24  stm32f10x_usart.o(.text)
    USART_OverSampling8Cmd                   0x08000f21   Thumb Code    22  stm32f10x_usart.o(.text)
    USART_OneBitMethodCmd                    0x08000f37   Thumb Code    24  stm32f10x_usart.o(.text)
    USART_IrDAConfig                         0x08000f4f   Thumb Code    18  stm32f10x_usart.o(.text)
    USART_IrDACmd                            0x08000f61   Thumb Code    24  stm32f10x_usart.o(.text)
    USART_GetFlagStatus                      0x08000f79   Thumb Code    26  stm32f10x_usart.o(.text)
    USART_ClearFlag                          0x08000f93   Thumb Code    18  stm32f10x_usart.o(.text)
    USART_GetITStatus                        0x08000fa5   Thumb Code    84  stm32f10x_usart.o(.text)
    USART_ClearITPendingBit                  0x08000ff9   Thumb Code    52  stm32f10x_usart.o(.text)
    NVIC_PriorityGroupConfig                 0x0800102d   Thumb Code    10  misc.o(.text)
    NVIC_Init                                0x08001037   Thumb Code   100  misc.o(.text)
    NVIC_SetVectorTable                      0x0800109b   Thumb Code    14  misc.o(.text)
    NVIC_SystemLPConfig                      0x080010a9   Thumb Code    34  misc.o(.text)
    SysTick_CLKSourceConfig                  0x080010cb   Thumb Code    40  misc.o(.text)
    EXTI_DeInit                              0x08001109   Thumb Code    28  stm32f10x_exti.o(.text)
    EXTI_Init                                0x08001125   Thumb Code   142  stm32f10x_exti.o(.text)
    EXTI_StructInit                          0x080011b3   Thumb Code    16  stm32f10x_exti.o(.text)
    EXTI_GenerateSWInterrupt                 0x080011c3   Thumb Code    16  stm32f10x_exti.o(.text)
    EXTI_GetFlagStatus                       0x080011d3   Thumb Code    22  stm32f10x_exti.o(.text)
    EXTI_ClearFlag                           0x080011e9   Thumb Code     8  stm32f10x_exti.o(.text)
    EXTI_GetITStatus                         0x080011f1   Thumb Code    34  stm32f10x_exti.o(.text)
    EXTI_ClearITPendingBit                   0x08001213   Thumb Code     8  stm32f10x_exti.o(.text)
    TIM_DeInit                               0x08001225   Thumb Code   424  stm32f10x_tim.o(.text)
    TIM_TimeBaseInit                         0x080013cd   Thumb Code   122  stm32f10x_tim.o(.text)
    TIM_OC1Init                              0x08001447   Thumb Code   132  stm32f10x_tim.o(.text)
    TIM_OC2Init                              0x080014cb   Thumb Code   154  stm32f10x_tim.o(.text)
    TIM_OC3Init                              0x08001565   Thumb Code   150  stm32f10x_tim.o(.text)
    TIM_OC4Init                              0x080015fb   Thumb Code   182  stm32f10x_tim.o(.text)
    TIM_SetIC4Prescaler                      0x080016b1   Thumb Code    26  stm32f10x_tim.o(.text)
    TIM_SetIC3Prescaler                      0x0800174d   Thumb Code    18  stm32f10x_tim.o(.text)
    TIM_SetIC2Prescaler                      0x080017d9   Thumb Code    26  stm32f10x_tim.o(.text)
    TIM_SetIC1Prescaler                      0x08001875   Thumb Code    18  stm32f10x_tim.o(.text)
    TIM_ICInit                               0x080018f3   Thumb Code   150  stm32f10x_tim.o(.text)
    TIM_PWMIConfig                           0x08001989   Thumb Code   124  stm32f10x_tim.o(.text)
    TIM_BDTRConfig                           0x08001a05   Thumb Code    32  stm32f10x_tim.o(.text)
    TIM_TimeBaseStructInit                   0x08001a25   Thumb Code    18  stm32f10x_tim.o(.text)
    TIM_OCStructInit                         0x08001a37   Thumb Code    20  stm32f10x_tim.o(.text)
    TIM_ICStructInit                         0x08001a4b   Thumb Code    18  stm32f10x_tim.o(.text)
    TIM_BDTRStructInit                       0x08001a5d   Thumb Code    40  stm32f10x_tim.o(.text)
    TIM_Cmd                                  0x08001a85   Thumb Code    24  stm32f10x_tim.o(.text)
    TIM_CtrlPWMOutputs                       0x08001a9d   Thumb Code    30  stm32f10x_tim.o(.text)
    TIM_ITConfig                             0x08001abb   Thumb Code    18  stm32f10x_tim.o(.text)
    TIM_GenerateEvent                        0x08001acd   Thumb Code     4  stm32f10x_tim.o(.text)
    TIM_DMAConfig                            0x08001ad1   Thumb Code    10  stm32f10x_tim.o(.text)
    TIM_DMACmd                               0x08001adb   Thumb Code    18  stm32f10x_tim.o(.text)
    TIM_InternalClockConfig                  0x08001aed   Thumb Code    12  stm32f10x_tim.o(.text)
    TIM_SelectInputTrigger                   0x08001af9   Thumb Code    18  stm32f10x_tim.o(.text)
    TIM_ITRxExternalClockConfig              0x08001b0b   Thumb Code    24  stm32f10x_tim.o(.text)
    TIM_TIxExternalClockConfig               0x08001b23   Thumb Code    62  stm32f10x_tim.o(.text)
    TIM_ETRConfig                            0x08001b61   Thumb Code    28  stm32f10x_tim.o(.text)
    TIM_ETRClockMode1Config                  0x08001b7d   Thumb Code    54  stm32f10x_tim.o(.text)
    TIM_ETRClockMode2Config                  0x08001bb3   Thumb Code    32  stm32f10x_tim.o(.text)
    TIM_PrescalerConfig                      0x08001bd3   Thumb Code     6  stm32f10x_tim.o(.text)
    TIM_CounterModeConfig                    0x08001bd9   Thumb Code    18  stm32f10x_tim.o(.text)
    TIM_EncoderInterfaceConfig               0x08001beb   Thumb Code    66  stm32f10x_tim.o(.text)
    TIM_ForcedOC1Config                      0x08001c2d   Thumb Code    18  stm32f10x_tim.o(.text)
    TIM_ForcedOC2Config                      0x08001c3f   Thumb Code    26  stm32f10x_tim.o(.text)
    TIM_ForcedOC3Config                      0x08001c59   Thumb Code    18  stm32f10x_tim.o(.text)
    TIM_ForcedOC4Config                      0x08001c6b   Thumb Code    26  stm32f10x_tim.o(.text)
    TIM_ARRPreloadConfig                     0x08001c85   Thumb Code    24  stm32f10x_tim.o(.text)
    TIM_SelectCOM                            0x08001c9d   Thumb Code    24  stm32f10x_tim.o(.text)
    TIM_SelectCCDMA                          0x08001cb5   Thumb Code    24  stm32f10x_tim.o(.text)
    TIM_CCPreloadControl                     0x08001ccd   Thumb Code    24  stm32f10x_tim.o(.text)
    TIM_OC1PreloadConfig                     0x08001ce5   Thumb Code    18  stm32f10x_tim.o(.text)
    TIM_OC2PreloadConfig                     0x08001cf7   Thumb Code    26  stm32f10x_tim.o(.text)
    TIM_OC3PreloadConfig                     0x08001d11   Thumb Code    18  stm32f10x_tim.o(.text)
    TIM_OC4PreloadConfig                     0x08001d23   Thumb Code    26  stm32f10x_tim.o(.text)
    TIM_OC1FastConfig                        0x08001d3d   Thumb Code    18  stm32f10x_tim.o(.text)
    TIM_OC2FastConfig                        0x08001d4f   Thumb Code    26  stm32f10x_tim.o(.text)
    TIM_OC3FastConfig                        0x08001d69   Thumb Code    18  stm32f10x_tim.o(.text)
    TIM_OC4FastConfig                        0x08001d7b   Thumb Code    26  stm32f10x_tim.o(.text)
    TIM_ClearOC1Ref                          0x08001d95   Thumb Code    18  stm32f10x_tim.o(.text)
    TIM_ClearOC2Ref                          0x08001da7   Thumb Code    24  stm32f10x_tim.o(.text)
    TIM_ClearOC3Ref                          0x08001dbf   Thumb Code    18  stm32f10x_tim.o(.text)
    TIM_ClearOC4Ref                          0x08001dd1   Thumb Code    24  stm32f10x_tim.o(.text)
    TIM_OC1PolarityConfig                    0x08001de9   Thumb Code    18  stm32f10x_tim.o(.text)
    TIM_OC1NPolarityConfig                   0x08001dfb   Thumb Code    18  stm32f10x_tim.o(.text)
    TIM_OC2PolarityConfig                    0x08001e0d   Thumb Code    26  stm32f10x_tim.o(.text)
    TIM_OC2NPolarityConfig                   0x08001e27   Thumb Code    26  stm32f10x_tim.o(.text)
    TIM_OC3PolarityConfig                    0x08001e41   Thumb Code    26  stm32f10x_tim.o(.text)
    TIM_OC3NPolarityConfig                   0x08001e5b   Thumb Code    26  stm32f10x_tim.o(.text)
    TIM_OC4PolarityConfig                    0x08001e75   Thumb Code    26  stm32f10x_tim.o(.text)
    TIM_CCxCmd                               0x08001e8f   Thumb Code    30  stm32f10x_tim.o(.text)
    TIM_CCxNCmd                              0x08001ead   Thumb Code    30  stm32f10x_tim.o(.text)
    TIM_SelectOCxM                           0x08001ecb   Thumb Code    82  stm32f10x_tim.o(.text)
    TIM_UpdateDisableConfig                  0x08001f1d   Thumb Code    24  stm32f10x_tim.o(.text)
    TIM_UpdateRequestConfig                  0x08001f35   Thumb Code    24  stm32f10x_tim.o(.text)
    TIM_SelectHallSensor                     0x08001f4d   Thumb Code    24  stm32f10x_tim.o(.text)
    TIM_SelectOnePulseMode                   0x08001f65   Thumb Code    18  stm32f10x_tim.o(.text)
    TIM_SelectOutputTrigger                  0x08001f77   Thumb Code    18  stm32f10x_tim.o(.text)
    TIM_SelectSlaveMode                      0x08001f89   Thumb Code    18  stm32f10x_tim.o(.text)
    TIM_SelectMasterSlaveMode                0x08001f9b   Thumb Code    18  stm32f10x_tim.o(.text)
    TIM_SetCounter                           0x08001fad   Thumb Code     4  stm32f10x_tim.o(.text)
    TIM_SetAutoreload                        0x08001fb1   Thumb Code     4  stm32f10x_tim.o(.text)
    TIM_SetCompare1                          0x08001fb5   Thumb Code     4  stm32f10x_tim.o(.text)
    TIM_SetCompare2                          0x08001fb9   Thumb Code     4  stm32f10x_tim.o(.text)
    TIM_SetCompare3                          0x08001fbd   Thumb Code     4  stm32f10x_tim.o(.text)
    TIM_SetCompare4                          0x08001fc1   Thumb Code     6  stm32f10x_tim.o(.text)
    TIM_SetClockDivision                     0x08001fc7   Thumb Code    18  stm32f10x_tim.o(.text)
    TIM_GetCapture1                          0x08001fd9   Thumb Code     6  stm32f10x_tim.o(.text)
    TIM_GetCapture2                          0x08001fdf   Thumb Code     6  stm32f10x_tim.o(.text)
    TIM_GetCapture3                          0x08001fe5   Thumb Code     6  stm32f10x_tim.o(.text)
    TIM_GetCapture4                          0x08001feb   Thumb Code     8  stm32f10x_tim.o(.text)
    TIM_GetCounter                           0x08001ff3   Thumb Code     6  stm32f10x_tim.o(.text)
    TIM_GetPrescaler                         0x08001ff9   Thumb Code     6  stm32f10x_tim.o(.text)
    TIM_GetFlagStatus                        0x08001fff   Thumb Code    18  stm32f10x_tim.o(.text)
    TIM_ClearFlag                            0x08002011   Thumb Code     6  stm32f10x_tim.o(.text)
    TIM_GetITStatus                          0x08002017   Thumb Code    34  stm32f10x_tim.o(.text)
    TIM_ClearITPendingBit                    0x08002039   Thumb Code     6  stm32f10x_tim.o(.text)
    ADC_DeInit                               0x08002041   Thumb Code    78  stm32f10x_adc.o(.text)
    ADC_Init                                 0x0800208f   Thumb Code    70  stm32f10x_adc.o(.text)
    ADC_StructInit                           0x080020d5   Thumb Code    18  stm32f10x_adc.o(.text)
    ADC_Cmd                                  0x080020e7   Thumb Code    22  stm32f10x_adc.o(.text)
    ADC_DMACmd                               0x080020fd   Thumb Code    22  stm32f10x_adc.o(.text)
    ADC_ITConfig                             0x08002113   Thumb Code    24  stm32f10x_adc.o(.text)
    ADC_ResetCalibration                     0x0800212b   Thumb Code    10  stm32f10x_adc.o(.text)
    ADC_GetResetCalibrationStatus            0x08002135   Thumb Code    20  stm32f10x_adc.o(.text)
    ADC_StartCalibration                     0x08002149   Thumb Code    10  stm32f10x_adc.o(.text)
    ADC_GetCalibrationStatus                 0x08002153   Thumb Code    20  stm32f10x_adc.o(.text)
    ADC_SoftwareStartConvCmd                 0x08002167   Thumb Code    22  stm32f10x_adc.o(.text)
    ADC_GetSoftwareStartConvStatus           0x0800217d   Thumb Code    20  stm32f10x_adc.o(.text)
    ADC_DiscModeChannelCountConfig           0x08002191   Thumb Code    24  stm32f10x_adc.o(.text)
    ADC_DiscModeCmd                          0x080021a9   Thumb Code    22  stm32f10x_adc.o(.text)
    ADC_RegularChannelConfig                 0x080021bf   Thumb Code   184  stm32f10x_adc.o(.text)
    ADC_ExternalTrigConvCmd                  0x08002277   Thumb Code    22  stm32f10x_adc.o(.text)
    ADC_GetConversionValue                   0x0800228d   Thumb Code     8  stm32f10x_adc.o(.text)
    ADC_GetDualModeConversionValue           0x08002295   Thumb Code     8  stm32f10x_adc.o(.text)
    ADC_AutoInjectedConvCmd                  0x0800229d   Thumb Code    22  stm32f10x_adc.o(.text)
    ADC_InjectedDiscModeCmd                  0x080022b3   Thumb Code    22  stm32f10x_adc.o(.text)
    ADC_ExternalTrigInjectedConvConfig       0x080022c9   Thumb Code    16  stm32f10x_adc.o(.text)
    ADC_ExternalTrigInjectedConvCmd          0x080022d9   Thumb Code    22  stm32f10x_adc.o(.text)
    ADC_SoftwareStartInjectedConvCmd         0x080022ef   Thumb Code    22  stm32f10x_adc.o(.text)
    ADC_GetSoftwareStartInjectedConvCmdStatus 0x08002305   Thumb Code    20  stm32f10x_adc.o(.text)
    ADC_InjectedChannelConfig                0x08002319   Thumb Code   130  stm32f10x_adc.o(.text)
    ADC_InjectedSequencerLengthConfig        0x0800239b   Thumb Code    24  stm32f10x_adc.o(.text)
    ADC_SetInjectedOffset                    0x080023b3   Thumb Code    20  stm32f10x_adc.o(.text)
    ADC_GetInjectedConversionValue           0x080023c7   Thumb Code    28  stm32f10x_adc.o(.text)
    ADC_AnalogWatchdogCmd                    0x080023e3   Thumb Code    16  stm32f10x_adc.o(.text)
    ADC_AnalogWatchdogThresholdsConfig       0x080023f3   Thumb Code     6  stm32f10x_adc.o(.text)
    ADC_AnalogWatchdogSingleChannelConfig    0x080023f9   Thumb Code    16  stm32f10x_adc.o(.text)
    ADC_TempSensorVrefintCmd                 0x08002409   Thumb Code    64  stm32f10x_adc.o(.text)
    ADC_GetFlagStatus                        0x08002449   Thumb Code    18  stm32f10x_adc.o(.text)
    ADC_ClearFlag                            0x0800245b   Thumb Code     6  stm32f10x_adc.o(.text)
    ADC_GetITStatus                          0x08002461   Thumb Code    36  stm32f10x_adc.o(.text)
    ADC_ClearITPendingBit                    0x08002485   Thumb Code    10  stm32f10x_adc.o(.text)
    DAC_DeInit                               0x08002491   Thumb Code    22  stm32f10x_dac.o(.text)
    DAC_Init                                 0x080024a7   Thumb Code    46  stm32f10x_dac.o(.text)
    DAC_StructInit                           0x080024d5   Thumb Code    12  stm32f10x_dac.o(.text)
    DAC_Cmd                                  0x080024e1   Thumb Code    34  stm32f10x_dac.o(.text)
    DAC_DMACmd                               0x08002503   Thumb Code    38  stm32f10x_dac.o(.text)
    DAC_SoftwareTriggerCmd                   0x08002529   Thumb Code    48  stm32f10x_dac.o(.text)
    DAC_DualSoftwareTriggerCmd               0x08002559   Thumb Code    38  stm32f10x_dac.o(.text)
    DAC_WaveGenerationCmd                    0x0800257f   Thumb Code    36  stm32f10x_dac.o(.text)
    DAC_SetChannel1Data                      0x080025a3   Thumb Code    26  stm32f10x_dac.o(.text)
    DAC_SetChannel2Data                      0x080025bd   Thumb Code    26  stm32f10x_dac.o(.text)
    DAC_SetDualChannelData                   0x080025d7   Thumb Code    32  stm32f10x_dac.o(.text)
    DAC_GetDataOutputValue                   0x080025f7   Thumb Code    32  stm32f10x_dac.o(.text)
    SPI_I2S_DeInit                           0x0800261d   Thumb Code    76  stm32f10x_spi.o(.text)
    SPI_Init                                 0x08002669   Thumb Code    60  stm32f10x_spi.o(.text)
    I2S_Init                                 0x080026a5   Thumb Code   226  stm32f10x_spi.o(.text)
    SPI_StructInit                           0x08002787   Thumb Code    24  stm32f10x_spi.o(.text)
    I2S_StructInit                           0x0800279f   Thumb Code    20  stm32f10x_spi.o(.text)
    SPI_Cmd                                  0x080027b3   Thumb Code    24  stm32f10x_spi.o(.text)
    I2S_Cmd                                  0x080027cb   Thumb Code    24  stm32f10x_spi.o(.text)
    SPI_I2S_ITConfig                         0x080027e3   Thumb Code    32  stm32f10x_spi.o(.text)
    SPI_I2S_DMACmd                           0x08002803   Thumb Code    18  stm32f10x_spi.o(.text)
    SPI_I2S_SendData                         0x08002815   Thumb Code     4  stm32f10x_spi.o(.text)
    SPI_I2S_ReceiveData                      0x08002819   Thumb Code     6  stm32f10x_spi.o(.text)
    SPI_NSSInternalSoftwareConfig            0x0800281f   Thumb Code    30  stm32f10x_spi.o(.text)
    SPI_SSOutputCmd                          0x0800283d   Thumb Code    24  stm32f10x_spi.o(.text)
    SPI_DataSizeConfig                       0x08002855   Thumb Code    18  stm32f10x_spi.o(.text)
    SPI_TransmitCRC                          0x08002867   Thumb Code    10  stm32f10x_spi.o(.text)
    SPI_CalculateCRC                         0x08002871   Thumb Code    24  stm32f10x_spi.o(.text)
    SPI_GetCRC                               0x08002889   Thumb Code    16  stm32f10x_spi.o(.text)
    SPI_GetCRCPolynomial                     0x08002899   Thumb Code     6  stm32f10x_spi.o(.text)
    SPI_BiDirectionalLineConfig              0x0800289f   Thumb Code    28  stm32f10x_spi.o(.text)
    SPI_I2S_GetFlagStatus                    0x080028bb   Thumb Code    18  stm32f10x_spi.o(.text)
    SPI_I2S_ClearFlag                        0x080028cd   Thumb Code     6  stm32f10x_spi.o(.text)
    SPI_I2S_GetITStatus                      0x080028d3   Thumb Code    52  stm32f10x_spi.o(.text)
    SPI_I2S_ClearITPendingBit                0x08002907   Thumb Code    20  stm32f10x_spi.o(.text)
    FLASH_SetLatency                         0x08002929   Thumb Code    18  stm32f10x_flash.o(.text)
    FLASH_HalfCycleAccessCmd                 0x0800293b   Thumb Code    22  stm32f10x_flash.o(.text)
    FLASH_PrefetchBufferCmd                  0x08002951   Thumb Code    22  stm32f10x_flash.o(.text)
    FLASH_Unlock                             0x08002967   Thumb Code    12  stm32f10x_flash.o(.text)
    FLASH_UnlockBank1                        0x08002973   Thumb Code    12  stm32f10x_flash.o(.text)
    FLASH_Lock                               0x0800297f   Thumb Code    14  stm32f10x_flash.o(.text)
    FLASH_LockBank1                          0x0800298d   Thumb Code    14  stm32f10x_flash.o(.text)
    FLASH_GetBank1Status                     0x0800299b   Thumb Code    48  stm32f10x_flash.o(.text)
    FLASH_WaitForLastOperation               0x080029cb   Thumb Code    38  stm32f10x_flash.o(.text)
    FLASH_ErasePage                          0x080029f1   Thumb Code    72  stm32f10x_flash.o(.text)
    FLASH_EraseAllPages                      0x08002a39   Thumb Code    68  stm32f10x_flash.o(.text)
    FLASH_WaitForLastBank1Operation          0x08002a7d   Thumb Code    38  stm32f10x_flash.o(.text)
    FLASH_EraseAllBank1Pages                 0x08002aa3   Thumb Code    68  stm32f10x_flash.o(.text)
    FLASH_GetReadOutProtectionStatus         0x08002ae7   Thumb Code    20  stm32f10x_flash.o(.text)
    FLASH_EraseOptionBytes                   0x08002afb   Thumb Code   150  stm32f10x_flash.o(.text)
    FLASH_ProgramWord                        0x08002b91   Thumb Code   102  stm32f10x_flash.o(.text)
    FLASH_ProgramHalfWord                    0x08002bf7   Thumb Code    60  stm32f10x_flash.o(.text)
    FLASH_ProgramOptionByteData              0x08002c33   Thumb Code    72  stm32f10x_flash.o(.text)
    FLASH_EnableWriteProtection              0x08002c7b   Thumb Code   200  stm32f10x_flash.o(.text)
    FLASH_ReadOutProtection                  0x08002d43   Thumb Code   156  stm32f10x_flash.o(.text)
    FLASH_UserOptionByteConfig               0x08002ddf   Thumb Code    88  stm32f10x_flash.o(.text)
    FLASH_GetUserOptionByte                  0x08002e37   Thumb Code     8  stm32f10x_flash.o(.text)
    FLASH_GetWriteProtectionOptionByte       0x08002e3f   Thumb Code     6  stm32f10x_flash.o(.text)
    FLASH_GetPrefetchBufferStatus            0x08002e45   Thumb Code    20  stm32f10x_flash.o(.text)
    FLASH_ITConfig                           0x08002e59   Thumb Code    26  stm32f10x_flash.o(.text)
    FLASH_GetFlagStatus                      0x08002e73   Thumb Code    42  stm32f10x_flash.o(.text)
    FLASH_ClearFlag                          0x08002e9d   Thumb Code     6  stm32f10x_flash.o(.text)
    FLASH_GetStatus                          0x08002ea3   Thumb Code    48  stm32f10x_flash.o(.text)
    delay                                    0x08002ee5   Thumb Code    12  led.o(.text)
    LED_Init                                 0x08002ef1   Thumb Code    44  led.o(.text)
    led_display                              0x08002f1d   Thumb Code    30  led.o(.text)
    led_huayang                              0x08002f3b   Thumb Code   132  led.o(.text)
    delay_us                                 0x08002fd5   Thumb Code    54  systick.o(.text)
    delay_ms                                 0x0800300b   Thumb Code    56  systick.o(.text)
    delay_init                               0x08003043   Thumb Code    52  systick.o(.text)
    fputc                                    0x08003081   Thumb Code    32  printf.o(.text)
    printf_init                              0x080030a1   Thumb Code   170  printf.o(.text)
    Dac1_Init                                0x08003155   Thumb Code    94  dac.o(.text)
    Dac1_Set_Vol                             0x080031b3   Thumb Code    80  dac.o(.text)
    adc_init                                 0x08003211   Thumb Code   404  adc.o(.text)
    Get_ADC_Value                            0x080033a5   Thumb Code    82  adc.o(.text)
    AD_Conversion                            0x080033f7   Thumb Code   160  adc.o(.text)
    GUI_DrawPoint                            0x080034a9   Thumb Code    24  gui.o(.text)
    LCD_Fill                                 0x080034c1   Thumb Code   110  gui.o(.text)
    LCD_DrawLine                             0x0800352f   Thumb Code   176  gui.o(.text)
    LCD_DrawRectangle                        0x080035df   Thumb Code    64  gui.o(.text)
    LCD_DrawFillRectangle                    0x0800361f   Thumb Code    30  gui.o(.text)
    _draw_circle_8                           0x0800363d   Thumb Code   132  gui.o(.text)
    gui_circle                               0x080036c1   Thumb Code   154  gui.o(.text)
    Draw_Triangel                            0x0800375b   Thumb Code    56  gui.o(.text)
    Fill_Triangel                            0x0800379d   Thumb Code   532  gui.o(.text)
    LCD_ShowChar                             0x080039b1   Thumb Code   276  gui.o(.text)
    LCD_ShowString                           0x08003ac5   Thumb Code    94  gui.o(.text)
    mypow                                    0x08003b23   Thumb Code    22  gui.o(.text)
    LCD_ShowNum                              0x08003b39   Thumb Code   168  gui.o(.text)
    GUI_DrawFont16                           0x08003be1   Thumb Code   252  gui.o(.text)
    GUI_DrawFont24                           0x08003cdd   Thumb Code   298  gui.o(.text)
    GUI_DrawFont32                           0x08003e07   Thumb Code   252  gui.o(.text)
    Show_Str                                 0x08003f03   Thumb Code   264  gui.o(.text)
    Gui_StrCenter                            0x0800400b   Thumb Code    60  gui.o(.text)
    Gui_Drawbmp16                            0x08004047   Thumb Code    90  gui.o(.text)
    LCD_WR_REG                               0x080040b1   Thumb Code    36  lcd.o(.text)
    LCD_WR_DATA                              0x080040d5   Thumb Code    38  lcd.o(.text)
    LCD_WriteReg                             0x080040fb   Thumb Code    20  lcd.o(.text)
    LCD_WriteRAM_Prepare                     0x0800410f   Thumb Code    12  lcd.o(.text)
    Lcd_WriteData_16Bit                      0x0800411b   Thumb Code    46  lcd.o(.text)
    LCD_SetWindows                           0x08004149   Thumb Code    84  lcd.o(.text)
    LCD_SetCursor                            0x0800419d   Thumb Code    20  lcd.o(.text)
    LCD_DrawPoint                            0x080041b1   Thumb Code    24  lcd.o(.text)
    LCD_Clear                                0x080041c9   Thumb Code    88  lcd.o(.text)
    LCD_GPIOInit                             0x08004221   Thumb Code    42  lcd.o(.text)
    LCD_RESET                                0x0800424b   Thumb Code    34  lcd.o(.text)
    LCD_direction                            0x0800426d   Thumb Code   128  lcd.o(.text)
    LCD_Init                                 0x080042ed   Thumb Code   606  lcd.o(.text)
    DrawTestPage                             0x08004551   Thumb Code   118  test.o(.text)
    ADC_LCD_Out                              0x080045c7   Thumb Code   104  test.o(.text)
    GridLayer                                0x0800462f   Thumb Code   724  test.o(.text)
    Gas_StateLayer                           0x08004903   Thumb Code   358  test.o(.text)
    Gas_StateLayerUpdate                     0x08004a69   Thumb Code   304  test.o(.text)
    main_test                                0x08004b99   Thumb Code   124  test.o(.text)
    Test_Color                               0x08004c15   Thumb Code   220  test.o(.text)
    Test_FillRec                             0x08004cf1   Thumb Code   580  test.o(.text)
    Test_Circle                              0x08004f35   Thumb Code   224  test.o(.text)
    English_Font_test                        0x08005015   Thumb Code   174  test.o(.text)
    Test_Triangle                            0x080050c3   Thumb Code   476  test.o(.text)
    Chinese_Font_test                        0x0800529f   Thumb Code   566  test.o(.text)
    Pic_test                                 0x080054d5   Thumb Code   126  test.o(.text)
    Rotate_Test                              0x08005553   Thumb Code   108  test.o(.text)
    SPI_WriteByte                            0x080055f5   Thumb Code    34  spi.o(.text)
    SPI_SetSpeed                             0x08005617   Thumb Code    38  spi.o(.text)
    SPI2_Init                                0x0800563d   Thumb Code   148  spi.o(.text)
    ValveState_Init                          0x080056d9   Thumb Code    96  iostate.o(.text)
    ValveStateChange                         0x08005739   Thumb Code   254  iostate.o(.text)
    Gas_State_Read                           0x08005837   Thumb Code   156  iostate.o(.text)
    RCC_Configuration                        0x080058f1   Thumb Code   122  w5500.o(.text)
    W5500_NVIC_Configuration                 0x0800596b   Thumb Code    32  w5500.o(.text)
    NVIC_Configuration                       0x0800598b   Thumb Code    54  w5500.o(.text)
    Timer2_Init_Config                       0x080059c1   Thumb Code    64  w5500.o(.text)
    TIM2_IRQHandler                          0x08005a01   Thumb Code    44  w5500.o(.text)
    W5500_GPIO_Configuration                 0x08005a2d   Thumb Code   108  w5500.o(.text)
    SPI_Configuration                        0x08005a99   Thumb Code   194  w5500.o(.text)
    System_Initialization                    0x08005b5b   Thumb Code    24  w5500.o(.text)
    Delay                                    0x08005b73   Thumb Code    18  w5500.o(.text)
    SPI3_Send_Byte                           0x08005b85   Thumb Code    28  w5500.o(.text)
    SPI3_Send_Short                          0x08005ba1   Thumb Code    28  w5500.o(.text)
    Write_W5500_SOCK_2Byte                   0x08005bbd   Thumb Code    58  w5500.o(.text)
    Socket_Init                              0x08005bf7   Thumb Code    74  w5500.o(.text)
    Write_W5500_SOCK_1Byte                   0x08005c41   Thumb Code    58  w5500.o(.text)
    Read_W5500_SOCK_1Byte                    0x08005c7b   Thumb Code    74  w5500.o(.text)
    Write_W5500_SOCK_4Byte                   0x08005cc5   Thumb Code    84  w5500.o(.text)
    Detect_Gateway                           0x08005d19   Thumb Code   204  w5500.o(.text)
    Write_W5500_1Byte                        0x08005de5   Thumb Code    90  w5500.o(.text)
    Write_W5500_2Byte                        0x08005e3f   Thumb Code    46  w5500.o(.text)
    Write_W5500_nByte                        0x08005e6d   Thumb Code    66  w5500.o(.text)
    W5500_Init                               0x08005eaf   Thumb Code   136  w5500.o(.text)
    W5500_Initialization                     0x08005f37   Thumb Code    18  w5500.o(.text)
    Load_Net_Parameters                      0x08005f49   Thumb Code    92  w5500.o(.text)
    Socket_UDP                               0x08005fa5   Thumb Code    60  w5500.o(.text)
    Socket_Connect                           0x08005fe1   Thumb Code    70  w5500.o(.text)
    Socket_Listen                            0x08006027   Thumb Code   102  w5500.o(.text)
    W5500_Socket_Set                         0x0800608d   Thumb Code   100  w5500.o(.text)
    Read_W5500_SOCK_2Byte                    0x080060f1   Thumb Code    98  w5500.o(.text)
    Write_SOCK_Data_Buffer                   0x08006153   Thumb Code   310  w5500.o(.text)
    Read_SOCK_Data_Buffer                    0x08006289   Thumb Code   296  w5500.o(.text)
    Process_Socket_Data                      0x080063b1   Thumb Code   252  w5500.o(.text)
    EXTI9_5_IRQHandler                       0x080064ad   Thumb Code    28  w5500.o(.text)
    Read_W5500_1Byte                         0x080064c9   Thumb Code    62  w5500.o(.text)
    W5500_Hardware_Reset                     0x08006507   Thumb Code    52  w5500.o(.text)
    W5500_Interrupt_Process                  0x0800653b   Thumb Code   180  w5500.o(.text)
    __aeabi_memcpy                           0x08006675   Thumb Code    36  memcpya.o(.text)
    __aeabi_memcpy4                          0x08006675   Thumb Code     0  memcpya.o(.text)
    __aeabi_memcpy8                          0x08006675   Thumb Code     0  memcpya.o(.text)
    strlen                                   0x08006699   Thumb Code    14  strlen.o(.text)
    __aeabi_fmul                             0x080066a7   Thumb Code   100  fmul.o(.text)
    __aeabi_fdiv                             0x0800670b   Thumb Code   124  fdiv.o(.text)
    __aeabi_dmul                             0x08006787   Thumb Code   228  dmul.o(.text)
    __aeabi_ddiv                             0x0800686b   Thumb Code   222  ddiv.o(.text)
    __aeabi_ui2f                             0x08006949   Thumb Code    10  ffltui.o(.text)
    __aeabi_f2uiz                            0x08006953   Thumb Code    40  ffixui.o(.text)
    __aeabi_f2d                              0x0800697b   Thumb Code    38  f2d.o(.text)
    __aeabi_d2f                              0x080069a1   Thumb Code    56  d2f.o(.text)
    __aeabi_uidiv                            0x080069d9   Thumb Code     0  uidiv.o(.text)
    __aeabi_uidivmod                         0x080069d9   Thumb Code    44  uidiv.o(.text)
    __aeabi_uldivmod                         0x08006a05   Thumb Code    98  uldiv.o(.text)
    __I$use$fp                               0x08006a67   Thumb Code     0  iusefp.o(.text)
    _float_round                             0x08006a67   Thumb Code    18  fepilogue.o(.text)
    _float_epilogue                          0x08006a79   Thumb Code    92  fepilogue.o(.text)
    _double_round                            0x08006ad5   Thumb Code    30  depilogue.o(.text)
    _double_epilogue                         0x08006af3   Thumb Code   156  depilogue.o(.text)
    __aeabi_dadd                             0x08006b8f   Thumb Code   322  dadd.o(.text)
    __aeabi_dsub                             0x08006cd1   Thumb Code     6  dadd.o(.text)
    __aeabi_drsub                            0x08006cd7   Thumb Code     6  dadd.o(.text)
    __aeabi_d2ulz                            0x08006cdd   Thumb Code    48  dfixul.o(.text)
    __aeabi_cdrcmple                         0x08006d0d   Thumb Code    48  cdrcmple.o(.text)
    __scatterload                            0x08006d3d   Thumb Code    28  init.o(.text)
    __scatterload_rt2                        0x08006d3d   Thumb Code     0  init.o(.text)
    __aeabi_llsl                             0x08006d61   Thumb Code    30  llshl.o(.text)
    _ll_shift_l                              0x08006d61   Thumb Code     0  llshl.o(.text)
    __aeabi_llsr                             0x08006d7f   Thumb Code    32  llushr.o(.text)
    _ll_ushift_r                             0x08006d7f   Thumb Code     0  llushr.o(.text)
    __aeabi_lasr                             0x08006d9f   Thumb Code    36  llsshr.o(.text)
    _ll_sshift_r                             0x08006d9f   Thumb Code     0  llsshr.o(.text)
    __0printf                                0x08006dc5   Thumb Code    22  printfa.o(i.__0printf)
    __1printf                                0x08006dc5   Thumb Code     0  printfa.o(i.__0printf)
    __2printf                                0x08006dc5   Thumb Code     0  printfa.o(i.__0printf)
    __c89printf                              0x08006dc5   Thumb Code     0  printfa.o(i.__0printf)
    printf                                   0x08006dc5   Thumb Code     0  printfa.o(i.__0printf)
    __0sprintf                               0x08006de5   Thumb Code    34  printfa.o(i.__0sprintf)
    __1sprintf                               0x08006de5   Thumb Code     0  printfa.o(i.__0sprintf)
    __2sprintf                               0x08006de5   Thumb Code     0  printfa.o(i.__0sprintf)
    __c89sprintf                             0x08006de5   Thumb Code     0  printfa.o(i.__0sprintf)
    sprintf                                  0x08006de5   Thumb Code     0  printfa.o(i.__0sprintf)
    __scatterload_copy                       0x08006e0d   Thumb Code    14  handlers.o(i.__scatterload_copy)
    __scatterload_null                       0x08006e1b   Thumb Code     2  handlers.o(i.__scatterload_null)
    __scatterload_zeroinit                   0x08006e1d   Thumb Code    14  handlers.o(i.__scatterload_zeroinit)
    asc2_1206                                0x080076ce   Data        1140  gui.o(.constdata)
    asc2_1608                                0x08007b42   Data        1520  gui.o(.constdata)
    tfont16                                  0x08008132   Data        2108  gui.o(.constdata)
    tfont24                                  0x0800896e   Data         518  gui.o(.constdata)
    tfont32                                  0x08008b74   Data         520  gui.o(.constdata)
    gImage_qq                                0x08008d7c   Data        3200  test.o(.constdata)
    Region$$Table$$Base                      0x08009a58   Number         0  anon$$obj.o(Region$$Table)
    Region$$Table$$Limit                     0x08009a78   Number         0  anon$$obj.o(Region$$Table)
    SystemCoreClock                          0x20000004   Data           4  system_stm32f10x.o(.data)
    AHBPrescTable                            0x20000008   Data          16  system_stm32f10x.o(.data)
    POINT_COLOR                              0x20000030   Data           2  lcd.o(.data)
    BACK_COLOR                               0x20000032   Data           2  lcd.o(.data)
    DeviceCode                               0x20000034   Data           2  lcd.o(.data)
    ColorTab                                 0x20000036   Data          10  test.o(.data)
    Gateway_IP                               0x20000040   Data           4  w5500.o(.data)
    Sub_Mask                                 0x20000044   Data           4  w5500.o(.data)
    Phy_Addr                                 0x20000048   Data           6  w5500.o(.data)
    IP_Addr                                  0x2000004e   Data           4  w5500.o(.data)
    S0_Port                                  0x20000052   Data           2  w5500.o(.data)
    S0_DIP                                   0x20000054   Data           4  w5500.o(.data)
    S0_DPort                                 0x20000058   Data           2  w5500.o(.data)
    UDP_DIPR                                 0x2000005a   Data           4  w5500.o(.data)
    UDP_DPORT                                0x2000005e   Data           2  w5500.o(.data)
    S0_Mode                                  0x20000060   Data           1  w5500.o(.data)
    S0_State                                 0x20000061   Data           1  w5500.o(.data)
    S0_Data                                  0x20000062   Data           1  w5500.o(.data)
    W5500_Interrupt                          0x20000063   Data           1  w5500.o(.data)
    Timer2_Counter                           0x20000064   Data           4  w5500.o(.data)
    W5500_Send_Delay_Counter                 0x20000068   Data           4  w5500.o(.data)
    __stdout                                 0x2000006c   Data           4  stdout.o(.data)
    lcddev                                   0x20000070   Data          14  lcd.o(.bss)
    Rx_Buffer                                0x2000008a   Data        2048  w5500.o(.bss)
    Tx_Buffer                                0x2000088a   Data        2048  w5500.o(.bss)
    __initial_sp                             0x20001490   Data           0  startup_stm32f10x_hd.o(STACK)



==============================================================================

Memory Map of the image

  Image Entry point : 0x08000131

  Load Region LR_IROM1 (Base: 0x08000000, Size: 0x00009ae8, Max: 0x00080000, ABSOLUTE)

    Execution Region ER_IROM1 (Base: 0x08000000, Size: 0x00009a78, Max: 0x00080000, ABSOLUTE)

    Base Addr    Size         Type   Attr      Idx    E Section Name        Object

    0x08000000   0x00000130   Data   RO          225    RESET               startup_stm32f10x_hd.o
    0x08000130   0x00000000   Code   RO          754  * .ARM.Collect$$$$00000000  mc_w.l(entry.o)
    0x08000130   0x00000004   Code   RO         1040    .ARM.Collect$$$$00000001  mc_w.l(entry2.o)
    0x08000134   0x00000004   Code   RO         1043    .ARM.Collect$$$$00000004  mc_w.l(entry5.o)
    0x08000138   0x00000000   Code   RO         1045    .ARM.Collect$$$$00000008  mc_w.l(entry7b.o)
    0x08000138   0x00000000   Code   RO         1047    .ARM.Collect$$$$0000000A  mc_w.l(entry8b.o)
    0x08000138   0x00000008   Code   RO         1048    .ARM.Collect$$$$0000000B  mc_w.l(entry9a.o)
    0x08000140   0x00000000   Code   RO         1050    .ARM.Collect$$$$0000000D  mc_w.l(entry10a.o)
    0x08000140   0x00000000   Code   RO         1052    .ARM.Collect$$$$0000000F  mc_w.l(entry11a.o)
    0x08000140   0x00000004   Code   RO         1041    .ARM.Collect$$$$00002712  mc_w.l(entry2.o)
    0x08000144   0x000000b8   Code   RO            1    .text               main.o
    0x080001fc   0x00000124   Code   RO          150    .text               stm32f10x_it.o
    0x08000320   0x000001e0   Code   RO          186    .text               system_stm32f10x.o
    0x08000500   0x00000024   Code   RO          226    .text               startup_stm32f10x_hd.o
    0x08000524   0x0000035c   Code   RO          230    .text               stm32f10x_gpio.o
    0x08000880   0x000003a4   Code   RO          242    .text               stm32f10x_rcc.o
    0x08000c24   0x00000408   Code   RO          256    .text               stm32f10x_usart.o
    0x0800102c   0x000000dc   Code   RO          268    .text               misc.o
    0x08001108   0x0000011c   Code   RO          280    .text               stm32f10x_exti.o
    0x08001224   0x00000e1a   Code   RO          292    .text               stm32f10x_tim.o
    0x0800203e   0x00000002   PAD
    0x08002040   0x0000044e   Code   RO          304    .text               stm32f10x_adc.o
    0x0800248e   0x00000002   PAD
    0x08002490   0x0000018c   Code   RO          316    .text               stm32f10x_dac.o
    0x0800261c   0x0000030c   Code   RO          328    .text               stm32f10x_spi.o
    0x08002928   0x000005bc   Code   RO          340    .text               stm32f10x_flash.o
    0x08002ee4   0x000000f0   Code   RO          352    .text               led.o
    0x08002fd4   0x000000ac   Code   RO          367    .text               systick.o
    0x08003080   0x000000d4   Code   RO          414    .text               printf.o
    0x08003154   0x000000bc   Code   RO          576    .text               dac.o
    0x08003210   0x00000298   Code   RO          591    .text               adc.o
    0x080034a8   0x00000c08   Code   RO          607    .text               gui.o
    0x080040b0   0x000004a0   Code   RO          641    .text               lcd.o
    0x08004550   0x000010a4   Code   RO          663    .text               test.o
    0x080055f4   0x000000e4   Code   RO          697    .text               spi.o
    0x080056d8   0x00000218   Code   RO          712    .text               iostate.o
    0x080058f0   0x00000d84   Code   RO          728    .text               w5500.o
    0x08006674   0x00000024   Code   RO          757    .text               mc_w.l(memcpya.o)
    0x08006698   0x0000000e   Code   RO          759    .text               mc_w.l(strlen.o)
    0x080066a6   0x00000064   Code   RO         1024    .text               mf_w.l(fmul.o)
    0x0800670a   0x0000007c   Code   RO         1026    .text               mf_w.l(fdiv.o)
    0x08006786   0x000000e4   Code   RO         1028    .text               mf_w.l(dmul.o)
    0x0800686a   0x000000de   Code   RO         1030    .text               mf_w.l(ddiv.o)
    0x08006948   0x0000000a   Code   RO         1032    .text               mf_w.l(ffltui.o)
    0x08006952   0x00000028   Code   RO         1034    .text               mf_w.l(ffixui.o)
    0x0800697a   0x00000026   Code   RO         1036    .text               mf_w.l(f2d.o)
    0x080069a0   0x00000038   Code   RO         1038    .text               mf_w.l(d2f.o)
    0x080069d8   0x0000002c   Code   RO         1055    .text               mc_w.l(uidiv.o)
    0x08006a04   0x00000062   Code   RO         1057    .text               mc_w.l(uldiv.o)
    0x08006a66   0x00000000   Code   RO         1059    .text               mc_w.l(iusefp.o)
    0x08006a66   0x0000006e   Code   RO         1060    .text               mf_w.l(fepilogue.o)
    0x08006ad4   0x000000ba   Code   RO         1062    .text               mf_w.l(depilogue.o)
    0x08006b8e   0x0000014e   Code   RO         1064    .text               mf_w.l(dadd.o)
    0x08006cdc   0x00000030   Code   RO         1066    .text               mf_w.l(dfixul.o)
    0x08006d0c   0x00000030   Code   RO         1068    .text               mf_w.l(cdrcmple.o)
    0x08006d3c   0x00000024   Code   RO         1070    .text               mc_w.l(init.o)
    0x08006d60   0x0000001e   Code   RO         1072    .text               mc_w.l(llshl.o)
    0x08006d7e   0x00000020   Code   RO         1074    .text               mc_w.l(llushr.o)
    0x08006d9e   0x00000024   Code   RO         1076    .text               mc_w.l(llsshr.o)
    0x08006dc2   0x00000002   PAD
    0x08006dc4   0x00000020   Code   RO          996    i.__0printf         mc_w.l(printfa.o)
    0x08006de4   0x00000028   Code   RO          998    i.__0sprintf        mc_w.l(printfa.o)
    0x08006e0c   0x0000000e   Code   RO         1080    i.__scatterload_copy  mc_w.l(handlers.o)
    0x08006e1a   0x00000002   Code   RO         1081    i.__scatterload_null  mc_w.l(handlers.o)
    0x08006e1c   0x0000000e   Code   RO         1082    i.__scatterload_zeroinit  mc_w.l(handlers.o)
    0x08006e2a   0x00000002   PAD
    0x08006e2c   0x00000164   Code   RO         1003    i._fp_digits        mc_w.l(printfa.o)
    0x08006f90   0x000006dc   Code   RO         1004    i._printf_core      mc_w.l(printfa.o)
    0x0800766c   0x00000024   Code   RO         1005    i._printf_post_padding  mc_w.l(printfa.o)
    0x08007690   0x0000002e   Code   RO         1006    i._printf_pre_padding  mc_w.l(printfa.o)
    0x080076be   0x0000000a   Code   RO         1008    i._sputc            mc_w.l(printfa.o)
    0x080076c8   0x00000006   Data   RO          592    .constdata          adc.o
    0x080076ce   0x000016ae   Data   RO          608    .constdata          gui.o
    0x08008d7c   0x00000ca4   Data   RO          664    .constdata          test.o
    0x08009a20   0x00000037   Data   RO          665    .conststring        test.o
    0x08009a57   0x00000001   PAD
    0x08009a58   0x00000020   Data   RO         1078    Region$$Table       anon$$obj.o


    Execution Region RW_IRAM1 (Base: 0x20000000, Size: 0x00001490, Max: 0x00010000, ABSOLUTE)

    Base Addr    Size         Type   Attr      Idx    E Section Name        Object

    0x20000000   0x00000002   Data   RW          151    .data               stm32f10x_it.o
    0x20000002   0x00000002   PAD
    0x20000004   0x00000014   Data   RW          187    .data               system_stm32f10x.o
    0x20000018   0x00000014   Data   RW          243    .data               stm32f10x_rcc.o
    0x2000002c   0x00000004   Data   RW          368    .data               systick.o
    0x20000030   0x00000006   Data   RW          643    .data               lcd.o
    0x20000036   0x0000000a   Data   RW          666    .data               test.o
    0x20000040   0x0000002c   Data   RW          730    .data               w5500.o
    0x2000006c   0x00000004   Data   RW         1054    .data               mc_w.l(stdout.o)
    0x20000070   0x0000000e   Zero   RW          642    .bss                lcd.o
    0x2000007e   0x0000000c   Zero   RW          713    .bss                iostate.o
    0x2000008a   0x00001000   Zero   RW          729    .bss                w5500.o
    0x2000108a   0x00000006   PAD
    0x20001090   0x00000400   Zero   RW          223    STACK               startup_stm32f10x_hd.o


==============================================================================

Image component sizes


      Code (inc. data)   RO Data    RW Data    ZI Data      Debug   Object Name

       664         18          6          0          0       1535   adc.o
         0          0          0          0          0         32   core_cm3.o
       188         14          0          0          0        813   dac.o
      3080         52       5806          0          0      10582   gui.o
       536         30          0          0         12       1558   iostate.o
      1184         22          0          6         14       4865   lcd.o
       240         22          0          0          0       1061   led.o
       184         28          0          0          0     286162   main.o
       220         22          0          0          0       1993   misc.o
       212         10          0          0          0        908   printf.o
       228          8          0          0          0       1399   spi.o
        36          8        304          0       1024        832   startup_stm32f10x_hd.o
      1102         26          0          0          0      11025   stm32f10x_adc.o
       396          6          0          0          0       3846   stm32f10x_dac.o
       284         10          0          0          0       2427   stm32f10x_exti.o
      1468         34          0          0          0       8226   stm32f10x_flash.o
       860         38          0          0          0       5837   stm32f10x_gpio.o
       292         34          0          2          0       1939   stm32f10x_it.o
       932         36          0         20          0       9076   stm32f10x_rcc.o
       780         14          0          0          0       6718   stm32f10x_spi.o
      3610         88          0          0          0      22324   stm32f10x_tim.o
      1032         22          0          0          0       8564   stm32f10x_usart.o
       480         38          0         20          0       2171   system_stm32f10x.o
       172         10          0          4          0       1135   systick.o
      4260        964       3291         10          0       4483   test.o
      3460        228          0         44       4096      13913   w5500.o

    ----------------------------------------------------------------------
     25904       1782       9440        108       5152     413424   Object Totals
         0          0         32          0          0          0   (incl. Generated)
         4          0          1          2          6          0   (incl. Padding)

    ----------------------------------------------------------------------

      Code (inc. data)   RO Data    RW Data    ZI Data      Debug   Library Member Name

         0          0          0          0          0          0   entry.o
         0          0          0          0          0          0   entry10a.o
         0          0          0          0          0          0   entry11a.o
         8          4          0          0          0          0   entry2.o
         4          0          0          0          0          0   entry5.o
         0          0          0          0          0          0   entry7b.o
         0          0          0          0          0          0   entry8b.o
         8          4          0          0          0          0   entry9a.o
        30          0          0          0          0          0   handlers.o
        36          8          0          0          0         68   init.o
         0          0          0          0          0          0   iusefp.o
        30          0          0          0          0         68   llshl.o
        36          0          0          0          0         68   llsshr.o
        32          0          0          0          0         68   llushr.o
        36          0          0          0          0         68   memcpya.o
      2276         96          0          0          0        596   printfa.o
         0          0          0          4          0          0   stdout.o
        14          0          0          0          0         68   strlen.o
        44          0          0          0          0         80   uidiv.o
        98          0          0          0          0         92   uldiv.o
        48          0          0          0          0         68   cdrcmple.o
        56          0          0          0          0         88   d2f.o
       334          0          0          0          0        148   dadd.o
       222          0          0          0          0        100   ddiv.o
       186          0          0          0          0        176   depilogue.o
        48          0          0          0          0         68   dfixul.o
       228          0          0          0          0         96   dmul.o
        38          0          0          0          0         68   f2d.o
       124          0          0          0          0         88   fdiv.o
       110          0          0          0          0        168   fepilogue.o
        40          0          0          0          0         68   ffixui.o
        10          0          0          0          0         68   ffltui.o
       100          0          0          0          0         76   fmul.o

    ----------------------------------------------------------------------
      4200        112          0          4          0       2456   Library Totals
         4          0          0          0          0          0   (incl. Padding)

    ----------------------------------------------------------------------

      Code (inc. data)   RO Data    RW Data    ZI Data      Debug   Library Name

      2652        112          0          4          0       1176   mc_w.l
      1544          0          0          0          0       1280   mf_w.l

    ----------------------------------------------------------------------
      4200        112          0          4          0       2456   Library Totals

    ----------------------------------------------------------------------

==============================================================================


      Code (inc. data)   RO Data    RW Data    ZI Data      Debug   

     30104       1894       9440        112       5152     412236   Grand Totals
     30104       1894       9440        112       5152     412236   ELF Image Totals
     30104       1894       9440        112          0          0   ROM Totals

==============================================================================

    Total RO  Size (Code + RO Data)                39544 (  38.62kB)
    Total RW  Size (RW Data + ZI Data)              5264 (   5.14kB)
    Total ROM Size (Code + RO Data + RW Data)      39656 (  38.73kB)

==============================================================================

