<html>
<body>
<pre>
<h1>礦ision Build Log</h1>
<h2>Tool Versions:</h2>
IDE-Version: μVision V5.14.1
Copyright (C) 2015 ARM Ltd and ARM Germany GmbH. All rights reserved.
License Information: Cortex-M3, 1, LIC=FQQ63-AWIZ4-9WU2E-5N7WR-WTZ5K-TS3BQ
 
Tool Versions:
Toolchain:       MDK-ARM Professional  Version: 5.14.0.0
Toolchain Path:  D:\Program Files\Keil5\ARM\ARMCC\Bin
C Compiler:      Armcc.exe V5.05 update 1 (build 106)
Assembler:       Armasm.exe V5.05 update 1 (build 106)
Linker/Locator:  ArmLink.exe V5.05 update 1 (build 106)
Library Manager: ArmAr.exe V5.05 update 1 (build 106)
Hex Converter:   FromElf.exe V5.05 update 1 (build 106)
CPU DLL:         SARMCM3.DLL V5.14.0.0
Dialog DLL:      DARMSTM.DLL V1.65.0.0
Target DLL:      Segger\JL2CM3.dll V2.99.13.0
Dialog DLL:      TARMSTM.DLL V1.64.0.0
 
<h2>Project:</h2>
E:\研究生工作\Master--1\pcb\5keil程序\Code-sum\2、DAC-ADC-printf LCD  w5500\current-project\工程模板\Template.uvprojx
Project File Date:  03/11/2019

<h2>Output:</h2>
*** Using Compiler 'V5.05 update 1 (build 106)', folder: 'D:\Program Files\Keil5\ARM\ARMCC\Bin'
Rebuild target 'Target 1'
compiling main.c...
user\main.c(113): warning:  #223-D: function "System_Initialization" declared implicitly
                System_Initialization();        //STM32系统初始化函数(初始化STM32时钟及外设)
user\main.c(114): warning:  #223-D: function "Load_Net_Parameters" declared implicitly
                Load_Net_Parameters();          //装载网络参数  
user\main.c(116): warning:  #223-D: function "W5500_Initialization" declared implicitly
                W5500_Initialization();         //W5500初始货配置
user\main.c(152): warning:  #223-D: function "W5500_Socket_Set" declared implicitly
                W5500_Socket_Set();//W5500端口初始化配置
user\main.c(45): warning:  #177-D: variable "j" was declared but never referenced
                u8 i,j,k;               
user\main.c(45): warning:  #177-D: variable "k" was declared but never referenced
                u8 i,j,k;               
user\main.c: 6 warnings, 0 errors
compiling stm32f10x_it.c...
compiling public.c...
compiling core_cm3.c...
compiling system_stm32f10x.c...
assembling startup_stm32f10x_hd.s...
compiling stm32f10x_gpio.c...
compiling stm32f10x_rcc.c...
compiling stm32f10x_usart.c...
compiling misc.c...
compiling stm32f10x_exti.c...
compiling stm32f10x_tim.c...
compiling stm32f10x_adc.c...
compiling stm32f10x_dac.c...
compiling stm32f10x_spi.c...
compiling stm32f10x_flash.c...
compiling led.c...
compiling systick.c...
APP\SysTick\systick.c(3): warning:  #550-D: variable "fac_ms" was set but never used
  static u16 fac_ms=0;//ms延时倍乘数
APP\SysTick\systick.c: 1 warning, 0 errors
compiling pwm.c...
compiling rs485.c...
compiling printf.c...
compiling iic.c...
compiling AT24CXX.c...
compiling ds18b20.c...
compiling beep.c...
compiling exti.c...
compiling key.c...
compiling smg.c...
compiling time.c...
compiling usart.c...
compiling dac.c...
compiling adc.c...
APP\ADC\adc.c(154): warning:  #223-D: function "Dac1_Set_Vol" declared implicitly
                        Dac1_Set_Vol(dacval);//设置DAC值        
APP\ADC\adc.c(172): warning:  #1166-D: returning pointer to local variable
                return voltage ;
APP\ADC\adc.c(174): warning:  #1-D: last line of file ends without a newline
  }
APP\ADC\adc.c(145): warning:  #177-D: variable "AD_Channel_Select" was declared but never referenced
        u16 AD_Channel_Select[3]={ADC_Channel_10,ADC_Channel_11,ADC_Channel_12};//定义通道选择数组
APP\ADC\adc.c: 4 warnings, 0 errors
compiling gui.c...
compiling lcd.c...
compiling test.c...
APP\LCD\test.c(114): warning:  #167-D: argument of type "char *" is incompatible with parameter of type "u8 *"
        Show_Str(130,56+i*20,BLACK,WHITE,str,12,0);
APP\LCD\test.c: 1 warning, 0 errors
compiling spi.c...
compiling IOState.c...
compiling w5500.c...
APP\W5500\w5500.c(364): warning:  #167-D: argument of type "unsigned char *" is incompatible with parameter of type "const char *restrict"
        printf(Rx_Buffer);
APP\W5500\w5500.c(408): warning:  #192-D: unrecognized character escape sequence
                                printf("\r\SetValue ok\r\n");
APP\W5500\w5500.c: 2 warnings, 0 errors
linking...
Program Size: Code=30104 RO-data=9440 RW-data=112 ZI-data=5152  
FromELF: creating hex file...
".\output\工程模板.axf" - 0 Error(s), 14 Warning(s).

<h2>Collection of Component include folders:</h2>
  E:\研究生工作\Master--1\pcb\5keil程序\Code-sum\2、DAC-ADC-printf LCD  w5500\current-project\工程模板\RTE
  D:\Program Files\Keil5\Keil\STM32F1xx_DFP\1.0.5\Device\Include

<h2>Collection of Component Files used:</h2>
</pre>
</body>
</html>
